Archive member included to satisfy reference by file (symbol)

e:/apps/stm32cubeide_1.11.0/stm32cubeide/plugins/com.st.stm32cube.ide.mcu.externaltools.gnu-tools-for-stm32.10.3-2021.10.win32_1.0.100.202210260954/tools/bin/../lib/gcc/arm-none-eabi/10.3.1/../../../../arm-none-eabi/lib/thumb/v6-m/nofp\libc_nano.a(lib_a-calloc.o)
                              ./Core/Src/ws2812.o (calloc)
e:/apps/stm32cubeide_1.11.0/stm32cubeide/plugins/com.st.stm32cube.ide.mcu.externaltools.gnu-tools-for-stm32.10.3-2021.10.win32_1.0.100.202210260954/tools/bin/../lib/gcc/arm-none-eabi/10.3.1/../../../../arm-none-eabi/lib/thumb/v6-m/nofp\libc_nano.a(lib_a-errno.o)
                              ./Core/Src/syscalls.o (__errno)
e:/apps/stm32cubeide_1.11.0/stm32cubeide/plugins/com.st.stm32cube.ide.mcu.externaltools.gnu-tools-for-stm32.10.3-2021.10.win32_1.0.100.202210260954/tools/bin/../lib/gcc/arm-none-eabi/10.3.1/../../../../arm-none-eabi/lib/thumb/v6-m/nofp\libc_nano.a(lib_a-exit.o)
                              e:/apps/stm32cubeide_1.11.0/stm32cubeide/plugins/com.st.stm32cube.ide.mcu.externaltools.gnu-tools-for-stm32.10.3-2021.10.win32_1.0.100.202210260954/tools/bin/../lib/gcc/arm-none-eabi/10.3.1/../../../../arm-none-eabi/lib/thumb/v6-m/nofp/crt0.o (exit)
e:/apps/stm32cubeide_1.11.0/stm32cubeide/plugins/com.st.stm32cube.ide.mcu.externaltools.gnu-tools-for-stm32.10.3-2021.10.win32_1.0.100.202210260954/tools/bin/../lib/gcc/arm-none-eabi/10.3.1/../../../../arm-none-eabi/lib/thumb/v6-m/nofp\libc_nano.a(lib_a-impure.o)
                              e:/apps/stm32cubeide_1.11.0/stm32cubeide/plugins/com.st.stm32cube.ide.mcu.externaltools.gnu-tools-for-stm32.10.3-2021.10.win32_1.0.100.202210260954/tools/bin/../lib/gcc/arm-none-eabi/10.3.1/../../../../arm-none-eabi/lib/thumb/v6-m/nofp\libc_nano.a(lib_a-exit.o) (_global_impure_ptr)
e:/apps/stm32cubeide_1.11.0/stm32cubeide/plugins/com.st.stm32cube.ide.mcu.externaltools.gnu-tools-for-stm32.10.3-2021.10.win32_1.0.100.202210260954/tools/bin/../lib/gcc/arm-none-eabi/10.3.1/../../../../arm-none-eabi/lib/thumb/v6-m/nofp\libc_nano.a(lib_a-init.o)
                              e:/apps/stm32cubeide_1.11.0/stm32cubeide/plugins/com.st.stm32cube.ide.mcu.externaltools.gnu-tools-for-stm32.10.3-2021.10.win32_1.0.100.202210260954/tools/bin/../lib/gcc/arm-none-eabi/10.3.1/../../../../arm-none-eabi/lib/thumb/v6-m/nofp/crt0.o (__libc_init_array)
e:/apps/stm32cubeide_1.11.0/stm32cubeide/plugins/com.st.stm32cube.ide.mcu.externaltools.gnu-tools-for-stm32.10.3-2021.10.win32_1.0.100.202210260954/tools/bin/../lib/gcc/arm-none-eabi/10.3.1/../../../../arm-none-eabi/lib/thumb/v6-m/nofp\libc_nano.a(lib_a-malloc.o)
                              ./Core/Src/ws2812.o (malloc)
e:/apps/stm32cubeide_1.11.0/stm32cubeide/plugins/com.st.stm32cube.ide.mcu.externaltools.gnu-tools-for-stm32.10.3-2021.10.win32_1.0.100.202210260954/tools/bin/../lib/gcc/arm-none-eabi/10.3.1/../../../../arm-none-eabi/lib/thumb/v6-m/nofp\libc_nano.a(lib_a-memcpy-stub.o)
                              ./Core/Src/i2c_ex.o (memcpy)
e:/apps/stm32cubeide_1.11.0/stm32cubeide/plugins/com.st.stm32cube.ide.mcu.externaltools.gnu-tools-for-stm32.10.3-2021.10.win32_1.0.100.202210260954/tools/bin/../lib/gcc/arm-none-eabi/10.3.1/../../../../arm-none-eabi/lib/thumb/v6-m/nofp\libc_nano.a(lib_a-memset.o)
                              e:/apps/stm32cubeide_1.11.0/stm32cubeide/plugins/com.st.stm32cube.ide.mcu.externaltools.gnu-tools-for-stm32.10.3-2021.10.win32_1.0.100.202210260954/tools/bin/../lib/gcc/arm-none-eabi/10.3.1/../../../../arm-none-eabi/lib/thumb/v6-m/nofp/crt0.o (memset)
e:/apps/stm32cubeide_1.11.0/stm32cubeide/plugins/com.st.stm32cube.ide.mcu.externaltools.gnu-tools-for-stm32.10.3-2021.10.win32_1.0.100.202210260954/tools/bin/../lib/gcc/arm-none-eabi/10.3.1/../../../../arm-none-eabi/lib/thumb/v6-m/nofp\libc_nano.a(lib_a-nano-callocr.o)
                              e:/apps/stm32cubeide_1.11.0/stm32cubeide/plugins/com.st.stm32cube.ide.mcu.externaltools.gnu-tools-for-stm32.10.3-2021.10.win32_1.0.100.202210260954/tools/bin/../lib/gcc/arm-none-eabi/10.3.1/../../../../arm-none-eabi/lib/thumb/v6-m/nofp\libc_nano.a(lib_a-calloc.o) (_calloc_r)
e:/apps/stm32cubeide_1.11.0/stm32cubeide/plugins/com.st.stm32cube.ide.mcu.externaltools.gnu-tools-for-stm32.10.3-2021.10.win32_1.0.100.202210260954/tools/bin/../lib/gcc/arm-none-eabi/10.3.1/../../../../arm-none-eabi/lib/thumb/v6-m/nofp\libc_nano.a(lib_a-nano-freer.o)
                              e:/apps/stm32cubeide_1.11.0/stm32cubeide/plugins/com.st.stm32cube.ide.mcu.externaltools.gnu-tools-for-stm32.10.3-2021.10.win32_1.0.100.202210260954/tools/bin/../lib/gcc/arm-none-eabi/10.3.1/../../../../arm-none-eabi/lib/thumb/v6-m/nofp\libc_nano.a(lib_a-malloc.o) (_free_r)
e:/apps/stm32cubeide_1.11.0/stm32cubeide/plugins/com.st.stm32cube.ide.mcu.externaltools.gnu-tools-for-stm32.10.3-2021.10.win32_1.0.100.202210260954/tools/bin/../lib/gcc/arm-none-eabi/10.3.1/../../../../arm-none-eabi/lib/thumb/v6-m/nofp\libc_nano.a(lib_a-nano-mallocr.o)
[...]
Memory Configuration

Name             Origin             Length             Attributes
RAM              0x0000000020000000 0x0000000000002000 xrw
FLASH            0x0000000008001800 0x000000000000e800 xr
*default*        0x0000000000000000 0xffffffffffffffff

Linker script and memory map

LOAD e:/apps/stm32cubeide_1.11.0/stm32cubeide/plugins/com.st.stm32cube.ide.mcu.externaltools.gnu-tools-for-stm32.10.3-2021.10.win32_1.0.100.202210260954/tools/bin/../lib/gcc/arm-none-eabi/10.3.1/thumb/v6-m/nofp/crti.o
LOAD e:/apps/stm32cubeide_1.11.0/stm32cubeide/plugins/com.st.stm32cube.ide.mcu.externaltools.gnu-tools-for-stm32.10.3-2021.10.win32_1.0.100.202210260954/tools/bin/../lib/gcc/arm-none-eabi/10.3.1/thumb/v6-m/nofp/crtbegin.o
LOAD e:/apps/stm32cubeide_1.11.0/stm32cubeide/plugins/com.st.stm32cube.ide.mcu.externaltools.gnu-tools-for-stm32.10.3-2021.10.win32_1.0.100.202210260954/tools/bin/../lib/gcc/arm-none-eabi/10.3.1/../../../../arm-none-eabi/lib/thumb/v6-m/nofp/crt0.o
LOAD ./Core/Src/dma.o
LOAD ./Core/Src/flash.o
LOAD ./Core/Src/gpio.o
LOAD ./Core/Src/i2c.o
LOAD ./Core/Src/i2c_ex.o
LOAD ./Core/Src/main.o
LOAD ./Core/Src/stm32g0xx_hal_msp.o
LOAD ./Core/Src/stm32g0xx_it.o
LOAD ./Core/Src/syscalls.o
LOAD ./Core/Src/sysmem.o
LOAD ./Core/Src/system_stm32g0xx.o
LOAD ./Core/Src/tim.o
LOAD ./Core/Src/ws2812.o
LOAD ./Core/Startup/startup_stm32g031g8ux.o
LOAD ./Drivers/STM32G0xx_HAL_Driver/Src/stm32g0xx_hal.o
LOAD ./Drivers/STM32G0xx_HAL_Driver/Src/stm32g0xx_hal_cortex.o
LOAD ./Drivers/STM32G0xx_HAL_Driver/Src/stm32g0xx_hal_dma.o
LOAD ./Drivers/STM32G0xx_HAL_Driver/Src/stm32g0xx_hal_dma_ex.o
LOAD ./Drivers/STM32G0xx_HAL_Driver/Src/stm32g0xx_hal_exti.o
LOAD ./Drivers/STM32G0xx_HAL_Driver/Src/stm32g0xx_hal_flash.o
LOAD ./Drivers/STM32G0xx_HAL_Driver/Src/stm32g0xx_hal_flash_ex.o
LOAD ./Drivers/STM32G0xx_HAL_Driver/Src/stm32g0xx_hal_gpio.o
LOAD ./Drivers/STM32G0xx_HAL_Driver/Src/stm32g0xx_hal_pwr.o
LOAD ./Drivers/STM32G0xx_HAL_Driver/Src/stm32g0xx_hal_pwr_ex.o
LOAD ./Drivers/STM32G0xx_HAL_Driver/Src/stm32g0xx_hal_rcc.o
LOAD ./Drivers/STM32G0xx_HAL_Driver/Src/stm32g0xx_hal_rcc_ex.o
LOAD ./Drivers/STM32G0xx_HAL_Driver/Src/stm32g0xx_hal_tim.o
LOAD ./Drivers/STM32G0xx_HAL_Driver/Src/stm32g0xx_hal_tim_ex.o
LOAD ./Drivers/STM32G0xx_HAL_Driver/Src/stm32g0xx_ll_dma.o
LOAD ./Drivers/STM32G0xx_HAL_Driver/Src/stm32g0xx_ll_exti.o
LOAD ./Drivers/STM32G0xx_HAL_Driver/Src/stm32g0xx_ll_gpio.o
LOAD ./Drivers/STM32G0xx_HAL_Driver/Src/stm32g0xx_ll_i2c.o
LOAD ./Drivers/STM32G0xx_HAL_Driver/Src/stm32g0xx_ll_rcc.o
LOAD ./Drivers/STM32G0xx_HAL_Driver/Src/stm32g0xx_ll_utils.o
START GROUP
LOAD e:/apps/stm32cubeide_1.11.0/stm32cubeide/plugins/com.st.stm32cube.ide.mcu.externaltools.gnu-tools-for-stm32.10.3-2021.10.win32_1.0.100.202210260954/tools/bin/../lib/gcc/arm-none-eabi/10.3.1/../../../../arm-none-eabi/lib/thumb/v6-m/nofp\libc_nano.a
LOAD e:/apps/stm32cubeide_1.11.0/stm32cubeide/plugins/com.st.stm32cube.ide.mcu.externaltools.gnu-tools-for-stm32.10.3-2021.10.win32_1.0.100.202210260954/tools/bin/../lib/gcc/arm-none-eabi/10.3.1/../../../../arm-none-eabi/lib/thumb/v6-m/nofp\libm.a
END GROUP
START GROUP
LOAD e:/apps/stm32cubeide_1.11.0/stm32cubeide/plugins/com.st.stm32cube.ide.mcu.externaltools.gnu-tools-for-stm32.10.3-2021.10.win32_1.0.100.202210260954/tools/bin/../lib/gcc/arm-none-eabi/10.3.1/thumb/v6-m/nofp\libgcc.a
LOAD e:/apps/stm32cubeide_1.11.0/stm32cubeide/plugins/com.st.stm32cube.ide.mcu.externaltools.gnu-tools-for-stm32.10.3-2021.10.win32_1.0.100.202210260954/tools/bin/../lib/gcc/arm-none-eabi/10.3.1/../../../../arm-none-eabi/lib/thumb/v6-m/nofp\libc_nano.a
END GROUP
START GROUP
LOAD e:/apps/stm32cubeide_1.11.0/stm32cubeide/plugins/com.st.stm32cube.ide.mcu.externaltools.gnu-tools-for-stm32.10.3-2021.10.win32_1.0.100.202210260954/tools/bin/../lib/gcc/arm-none-eabi/10.3.1/thumb/v6-m/nofp\libgcc.a
LOAD e:/apps/stm32cubeide_1.11.0/stm32cubeide/plugins/com.st.stm32cube.ide.mcu.externaltools.gnu-tools-for-stm32.10.3-2021.10.win32_1.0.100.202210260954/tools/bin/../lib/gcc/arm-none-eabi/10.3.1/../../../../arm-none-eabi/lib/thumb/v6-m/nofp\libc_nano.a
LOAD e:/apps/stm32cubeide_1.11.0/stm32cubeide/plugins/com.st.stm32cube.ide.mcu.externaltools.gnu-tools-for-stm32.10.3-2021.10.win32_1.0.100.202210260954/tools/bin/../lib/gcc/arm-none-eabi/10.3.1/../../../../arm-none-eabi/lib/thumb/v6-m/nofp\libnosys.a
END GROUP
START GROUP
LOAD e:/apps/stm32cubeide_1.11.0/stm32cubeide/plugins/com.st.stm32cube.ide.mcu.externaltools.gnu-tools-for-stm32.10.3-2021.10.win32_1.0.100.202210260954/tools/bin/../lib/gcc/arm-none-eabi/10.3.1/thumb/v6-m/nofp\libgcc.a
LOAD e:/apps/stm32cubeide_1.11.0/stm32cubeide/plugins/com.st.stm32cube.ide.mcu.externaltools.gnu-tools-for-stm32.10.3-2021.10.win32_1.0.100.202210260954/tools/bin/../lib/gcc/arm-none-eabi/10.3.1/../../../../arm-none-eabi/lib/thumb/v6-m/nofp\libc_nano.a
LOAD e:/apps/stm32cubeide_1.11.0/stm32cubeide/plugins/com.st.stm32cube.ide.mcu.externaltools.gnu-tools-for-stm32.10.3-2021.10.win32_1.0.100.202210260954/tools/bin/../lib/gcc/arm-none-eabi/10.3.1/../../../../arm-none-eabi/lib/thumb/v6-m/nofp\libnosys.a
END GROUP
LOAD e:/apps/stm32cubeide_1.11.0/stm32cubeide/plugins/com.st.stm32cube.ide.mcu.externaltools.gnu-tools-for-stm32.10.3-2021.10.win32_1.0.100.202210260954/tools/bin/../lib/gcc/arm-none-eabi/10.3.1/thumb/v6-m/nofp/crtend.o
LOAD e:/apps/stm32cubeide_1.11.0/stm32cubeide/plugins/com.st.stm32cube.ide.mcu.externaltools.gnu-tools-for-stm32.10.3-2021.10.win32_1.0.100.202210260954/tools/bin/../lib/gcc/arm-none-eabi/10.3.1/thumb/v6-m/nofp/crtn.o
                0x0000000020002000                _estack = (ORIGIN (RAM) + LENGTH (RAM))
                0x0000000000000200                _Min_Heap_Size = 0x200
                0x0000000000000400                _Min_Stack_Size = 0x400

.isr_vector     0x0000000008001800       0xbc
                0x0000000008001800                . = ALIGN (0x4)
 *(.isr_vector)
 .isr_vector    0x0000000008001800       0xbc ./Core/Startup/startup_stm32g031g8ux.o
                0x0000000008001800                g_pfnVectors
                0x00000000080018bc                . = ALIGN (0x4)

.text           0x00000000080018c0     0x6500
                0x00000000080018c0                . = ALIGN (0x4)
 *(.text)
 .text          0x00000000080018c0       0x48 e:/apps/stm32cubeide_1.11.0/stm32cubeide/plugins/com.st.stm32cube.ide.mcu.externaltools.gnu-tools-for-stm32.10.3-2021.10.win32_1.0.100.202210260954/tools/bin/../lib/gcc/arm-none-eabi/10.3.1/thumb/v6-m/nofp/crtbegin.o
 .text          0x0000000008001908      0x114 e:/apps/stm32cubeide_1.11.0/stm32cubeide/plugins/com.st.stm32cube.ide.mcu.externaltools.gnu-tools-for-stm32.10.3-2021.10.win32_1.0.100.202210260954/tools/bin/../lib/gcc/arm-none-eabi/10.3.1/thumb/v6-m/nofp\libgcc.a(_udivsi3.o)
                0x0000000008001908                __aeabi_uidiv
                0x0000000008001908                __udivsi3
                0x0000000008001a14                __aeabi_uidivmod
 .text          0x0000000008001a1c        0x4 e:/apps/stm32cubeide_1.11.0/stm32cubeide/plugins/com.st.stm32cube.ide.mcu.externaltools.gnu-tools-for-stm32.10.3-2021.10.win32_1.0.100.202210260954/tools/bin/../lib/gcc/arm-none-eabi/10.3.1/thumb/v6-m/nofp\libgcc.a(_dvmd_tls.o)
                0x0000000008001a1c                __aeabi_idiv0
                0x0000000008001a1c                __aeabi_ldiv0
 .text          0x0000000008001a20       0x30 e:/apps/stm32cubeide_1.11.0/stm32cubeide/plugins/com.st.stm32cube.ide.mcu.externaltools.gnu-tools-for-stm32.10.3-2021.10.win32_1.0.100.202210260954/tools/bin/../lib/gcc/arm-none-eabi/10.3.1/thumb/v6-m/nofp\libgcc.a(_fixunssfsi.o)
                0x0000000008001a20                __fixunssfsi
                0x0000000008001a20                __aeabi_f2uiz
 .text          0x0000000008001a50      0x230 e:/apps/stm32cubeide_1.11.0/stm32cubeide/plugins/com.st.stm32cube.ide.mcu.externaltools.gnu-tools-for-stm32.10.3-2021.10.win32_1.0.100.202210260954/tools/bin/../lib/gcc/arm-none-eabi/10.3.1/thumb/v6-m/nofp\libgcc.a(divsf3.o)
                0x0000000008001a50                __aeabi_fdiv
 .text          0x0000000008001c80      0x24c e:/apps/stm32cubeide_1.11.0/stm32cubeide/plugins/com.st.stm32cube.ide.mcu.externaltools.gnu-tools-for-stm32.10.3-2021.10.win32_1.0.100.202210260954/tools/bin/../lib/gcc/arm-none-eabi/10.3.1/thumb/v6-m/nofp\libgcc.a(mulsf3.o)
                0x0000000008001c80                __aeabi_fmul
 .text          0x0000000008001ecc      0x35c e:/apps/stm32cubeide_1.11.0/stm32cubeide/plugins/com.st.stm32cube.ide.mcu.externaltools.gnu-tools-for-stm32.10.3-2021.10.win32_1.0.100.202210260954/tools/bin/../lib/gcc/arm-none-eabi/10.3.1/thumb/v6-m/nofp\libgcc.a(subsf3.o)
                0x0000000008001ecc                __aeabi_fsub
 .text          0x0000000008002228       0x40 e:/apps/stm32cubeide_1.11.0/stm32cubeide/plugins/com.st.stm32cube.ide.mcu.externaltools.gnu-tools-for-stm32.10.3-2021.10.win32_1.0.100.202210260954/tools/bin/../lib/gcc/arm-none-eabi/10.3.1/thumb/v6-m/nofp\libgcc.a(fixsfsi.o)
                0x0000000008002228                __aeabi_f2iz
 .text          0x0000000008002268       0x84 e:/apps/stm32cubeide_1.11.0/stm32cubeide/plugins/com.st.stm32cube.ide.mcu.externaltools.gnu-tools-for-stm32.10.3-2021.10.win32_1.0.100.202210260954/tools/bin/../lib/gcc/arm-none-eabi/10.3.1/thumb/v6-m/nofp\libgcc.a(floatunsisf.o)
                0x0000000008002268                __aeabi_ui2f
 .text          0x00000000080022ec       0x74 e:/apps/stm32cubeide_1.11.0/stm32cubeide/plugins/com.st.stm32cube.ide.mcu.externaltools.gnu-tools-for-stm32.10.3-2021.10.win32_1.0.100.202210260954/tools/bin/../lib/gcc/arm-none-eabi/10.3.1/thumb/v6-m/nofp\libgcc.a(_arm_cmpsf2.o)
                0x00000000080022ec                __aeabi_cfrcmple
                0x00000000080022f4                __aeabi_cfcmpeq
                0x00000000080022f4                __aeabi_cfcmple
                0x0000000008002304                __aeabi_fcmpeq
                0x0000000008002310                __aeabi_fcmplt
                0x0000000008002324                __aeabi_fcmple
                0x0000000008002338                __aeabi_fcmpgt
                0x000000000800234c                __aeabi_fcmpge
 .text          0x0000000008002360       0x3c e:/apps/stm32cubeide_1.11.0/stm32cubeide/plugins/com.st.stm32cube.ide.mcu.externaltools.gnu-tools-for-stm32.10.3-2021.10.win32_1.0.100.202210260954/tools/bin/../lib/gcc/arm-none-eabi/10.3.1/thumb/v6-m/nofp\libgcc.a(_clzsi2.o)
                0x0000000008002360                __clzsi2
 .text          0x000000000800239c       0x4c e:/apps/stm32cubeide_1.11.0/stm32cubeide/plugins/com.st.stm32cube.ide.mcu.externaltools.gnu-tools-for-stm32.10.3-2021.10.win32_1.0.100.202210260954/tools/bin/../lib/gcc/arm-none-eabi/10.3.1/thumb/v6-m/nofp\libgcc.a(eqsf2.o)
                0x000000000800239c                __eqsf2
                0x000000000800239c                __nesf2
 .text          0x00000000080023e8       0x8c e:/apps/stm32cubeide_1.11.0/stm32cubeide/plugins/com.st.stm32cube.ide.mcu.externaltools.gnu-tools-for-stm32.10.3-2021.10.win32_1.0.100.202210260954/tools/bin/../lib/gcc/arm-none-eabi/10.3.1/thumb/v6-m/nofp\libgcc.a(gesf2.o)
                0x00000000080023e8                __gesf2
                0x00000000080023e8                __gtsf2
 .text          0x0000000008002474       0x88 e:/apps/stm32cubeide_1.11.0/stm32cubeide/plugins/com.st.stm32cube.ide.mcu.externaltools.gnu-tools-for-stm32.10.3-2021.10.win32_1.0.100.202210260954/tools/bin/../lib/gcc/arm-none-eabi/10.3.1/thumb/v6-m/nofp\libgcc.a(lesf2.o)
                0x0000000008002474                __ltsf2
                0x0000000008002474                __lesf2
 *(.text*)
 .text.MX_DMA_Init
                0x00000000080024fc       0x3c ./Core/Src/dma.o
                0x00000000080024fc                MX_DMA_Init
 .text.doseFlashHasPackedMessage
                0x0000000008002538       0x48 ./Core/Src/flash.o
                0x0000000008002538                doseFlashHasPackedMessage
 .text.getValuablePackedMessageLengthofFlash
                0x0000000008002580       0x34 ./Core/Src/flash.o
                0x0000000008002580                getValuablePackedMessageLengthofFlash
 .text.readPackedMessageFromFlash
                0x00000000080025b4       0x90 ./Core/Src/flash.o
                0x00000000080025b4                readPackedMessageFromFlash
 .text.writeMessageToFlash
                0x0000000008002644      0x36c ./Core/Src/flash.o
                0x0000000008002644                writeMessageToFlash
 .text.MX_GPIO_Init
                0x00000000080029b0       0xd0 ./Core/Src/gpio.o
                0x00000000080029b0                MX_GPIO_Init
 .text.my_gpio_deinit
                0x0000000008002a80       0x90 ./Core/Src/gpio.o
                0x0000000008002a80                my_gpio_deinit
 .text.__NVIC_EnableIRQ
                0x0000000008002b10       0x34 ./Core/Src/i2c.o
 .text.__NVIC_SetPriority
                0x0000000008002b44       0xdc ./Core/Src/i2c.o
 .text.LL_I2C_EnableClockStretching
                0x0000000008002c20       0x20 ./Core/Src/i2c.o
 .text.LL_I2C_DisableGeneralCall
                0x0000000008002c40       0x20 ./Core/Src/i2c.o
 .text.LL_I2C_SetOwnAddress2
                0x0000000008002c60       0x2c ./Core/Src/i2c.o
 .text.LL_I2C_DisableOwnAddress2
                0x0000000008002c8c       0x20 ./Core/Src/i2c.o
 .text.LL_I2C_EnableAutoEndMode
                0x0000000008002cac       0x1e ./Core/Src/i2c.o
 *fill*         0x0000000008002cca        0x2 
 .text.LL_APB1_GRP1_EnableClock
                0x0000000008002ccc       0x2c ./Core/Src/i2c.o
 .text.LL_IOP_GRP1_EnableClock
                0x0000000008002cf8       0x2c ./Core/Src/i2c.o
 .text.user_i2c_init
                0x0000000008002d24      0x134 ./Core/Src/i2c.o
                0x0000000008002d24                user_i2c_init
 .text.LL_I2C_Enable
                0x0000000008002e58       0x1c ./Core/Src/i2c_ex.o
 .text.LL_I2C_Disable
                0x0000000008002e74       0x1e ./Core/Src/i2c_ex.o
 .text.LL_I2C_EnableIT_TX
                0x0000000008002e92       0x1c ./Core/Src/i2c_ex.o
 .text.LL_I2C_EnableIT_RX
                0x0000000008002eae       0x1c ./Core/Src/i2c_ex.o
 .text.LL_I2C_EnableIT_ADDR
                0x0000000008002eca       0x1c ./Core/Src/i2c_ex.o
 .text.LL_I2C_DisableIT_ADDR
                0x0000000008002ee6       0x1e ./Core/Src/i2c_ex.o
 .text.LL_I2C_EnableIT_NACK
                0x0000000008002f04       0x1c ./Core/Src/i2c_ex.o
 .text.LL_I2C_DisableIT_NACK
                0x0000000008002f20       0x1e ./Core/Src/i2c_ex.o
 .text.LL_I2C_EnableIT_STOP
                0x0000000008002f3e       0x1c ./Core/Src/i2c_ex.o
 .text.LL_I2C_DisableIT_STOP
                0x0000000008002f5a       0x1e ./Core/Src/i2c_ex.o
 .text.LL_I2C_EnableIT_ERR
                0x0000000008002f78       0x1c ./Core/Src/i2c_ex.o
 .text.LL_I2C_DisableIT_ERR
                0x0000000008002f94       0x1e ./Core/Src/i2c_ex.o
 .text.LL_I2C_IsActiveFlag_TXE
                0x0000000008002fb2       0x22 ./Core/Src/i2c_ex.o
 .text.LL_I2C_IsActiveFlag_TXIS
                0x0000000008002fd4       0x22 ./Core/Src/i2c_ex.o
 .text.LL_I2C_IsActiveFlag_RXNE
                0x0000000008002ff6       0x22 ./Core/Src/i2c_ex.o
 .text.LL_I2C_IsActiveFlag_ADDR
                0x0000000008003018       0x22 ./Core/Src/i2c_ex.o
 .text.LL_I2C_IsActiveFlag_NACK
                0x000000000800303a       0x22 ./Core/Src/i2c_ex.o
 .text.LL_I2C_IsActiveFlag_STOP
                0x000000000800305c       0x22 ./Core/Src/i2c_ex.o
 .text.LL_I2C_ClearFlag_ADDR
                0x000000000800307e       0x1c ./Core/Src/i2c_ex.o
 .text.LL_I2C_ClearFlag_NACK
                0x000000000800309a       0x1c ./Core/Src/i2c_ex.o
 .text.LL_I2C_ClearFlag_STOP
                0x00000000080030b6       0x1c ./Core/Src/i2c_ex.o
 .text.LL_I2C_ClearFlag_TXE
                0x00000000080030d2       0x16 ./Core/Src/i2c_ex.o
 .text.LL_I2C_DisableAutoEndMode
                0x00000000080030e8       0x20 ./Core/Src/i2c_ex.o
 .text.LL_I2C_GetTransferDirection
                0x0000000008003108       0x1a ./Core/Src/i2c_ex.o
 .text.LL_I2C_GetAddressMatchCode
                0x0000000008003122       0x1c ./Core/Src/i2c_ex.o
 .text.LL_I2C_ReceiveData8
                0x000000000800313e       0x16 ./Core/Src/i2c_ex.o
 .text.LL_I2C_TransmitData8
                0x0000000008003154       0x1e ./Core/Src/i2c_ex.o
 *fill*         0x0000000008003172        0x2 
 .text.set_i2c_slave_address
                0x0000000008003174       0x24 ./Core/Src/i2c_ex.o
                0x0000000008003174                set_i2c_slave_address
 .text.i2c2_it_enable
                0x0000000008003198       0x38 ./Core/Src/i2c_ex.o
                0x0000000008003198                i2c2_it_enable
 .text.i2c2_it_disable
                0x00000000080031d0       0x30 ./Core/Src/i2c_ex.o
                0x00000000080031d0                i2c2_it_disable
 .text.Error_Callback
                0x0000000008003200        0xa ./Core/Src/i2c_ex.o
                0x0000000008003200                Error_Callback
 *fill*         0x000000000800320a        0x2 
 .text.i2c2_set_send_data
                0x000000000800320c       0x64 ./Core/Src/i2c_ex.o
                0x000000000800320c                i2c2_set_send_data
 .text.Slave_Reception_Callback
                0x0000000008003270       0x38 ./Core/Src/i2c_ex.o
                0x0000000008003270                Slave_Reception_Callback
 .text.Slave_Ready_To_Transmit_Callback
                0x00000000080032a8       0x58 ./Core/Src/i2c_ex.o
                0x00000000080032a8                Slave_Ready_To_Transmit_Callback
 .text.I2C2_IRQHandler
                0x0000000008003300      0x1b4 ./Core/Src/i2c_ex.o
                0x0000000008003300                I2C2_IRQHandler
 .text.__NVIC_SystemReset
                0x00000000080034b4       0x24 ./Core/Src/main.o
 .text.LL_RCC_HSI_Enable
                0x00000000080034d8       0x1c ./Core/Src/main.o
 .text.LL_RCC_HSI_IsReady
                0x00000000080034f4       0x28 ./Core/Src/main.o
 .text.LL_RCC_SetSysClkSource
                0x000000000800351c       0x28 ./Core/Src/main.o
 .text.LL_RCC_GetSysClkSource
                0x0000000008003544       0x18 ./Core/Src/main.o
 .text.LL_RCC_SetAHBPrescaler
                0x000000000800355c       0x2c ./Core/Src/main.o
 .text.LL_RCC_SetAPB1Prescaler
                0x0000000008003588       0x2c ./Core/Src/main.o
 .text.LL_RCC_PLL_Enable
                0x00000000080035b4       0x1c ./Core/Src/main.o
 .text.LL_RCC_PLL_IsReady
                0x00000000080035d0       0x28 ./Core/Src/main.o
 .text.LL_RCC_PLL_ConfigDomain_SYS
                0x00000000080035f8       0x40 ./Core/Src/main.o
 .text.LL_RCC_PLL_EnableDomain_SYS
                0x0000000008003638       0x1c ./Core/Src/main.o
 .text.LL_I2C_Disable
                0x0000000008003654       0x1e ./Core/Src/main.o
 .text.LL_I2C_DisableIT_ADDR
                0x0000000008003672       0x1e ./Core/Src/main.o
 .text.LL_I2C_DisableAutoEndMode
                0x0000000008003690       0x20 ./Core/Src/main.o
 .text.LL_FLASH_SetLatency
                0x00000000080036b0       0x28 ./Core/Src/main.o
 .text.LL_FLASH_GetLatency
                0x00000000080036d8       0x18 ./Core/Src/main.o
 .text.IAP_Set  0x00000000080036f0       0x7c ./Core/Src/main.o
                0x00000000080036f0                IAP_Set
 .text.i2c_port_set_to_input
                0x000000000800376c       0x70 ./Core/Src/main.o
                0x000000000800376c                i2c_port_set_to_input
 .text.irq_port_init
                0x00000000080037dc       0x70 ./Core/Src/main.o
                0x00000000080037dc                irq_port_init
 .text.init_flash_data
                0x000000000800384c       0xb8 ./Core/Src/main.o
                0x000000000800384c                init_flash_data
 .text.flash_data_write_back
                0x0000000008003904       0x80 ./Core/Src/main.o
                0x0000000008003904                flash_data_write_back
 .text.init_swtich_status
                0x0000000008003984      0x13c ./Core/Src/main.o
                0x0000000008003984                init_swtich_status
 .text.Slave_Complete_Callback
                0x0000000008003ac0      0x838 ./Core/Src/main.o
                0x0000000008003ac0                Slave_Complete_Callback
 .text.main     0x00000000080042f8      0x228 ./Core/Src/main.o
                0x00000000080042f8                main
 .text.SystemClock_Config
                0x0000000008004520       0x88 ./Core/Src/main.o
                0x0000000008004520                SystemClock_Config
 .text.Error_Handler
                0x00000000080045a8        0xa ./Core/Src/main.o
                0x00000000080045a8                Error_Handler
 *fill*         0x00000000080045b2        0x2 
 .text.HAL_MspInit
                0x00000000080045b4       0x48 ./Core/Src/stm32g0xx_hal_msp.o
                0x00000000080045b4                HAL_MspInit
 .text.NMI_Handler
                0x00000000080045fc        0x6 ./Core/Src/stm32g0xx_it.o
                0x00000000080045fc                NMI_Handler
 .text.HardFault_Handler
                0x0000000008004602        0x6 ./Core/Src/stm32g0xx_it.o
                0x0000000008004602                HardFault_Handler
 .text.SVC_Handler
                0x0000000008004608        0xa ./Core/Src/stm32g0xx_it.o
                0x0000000008004608                SVC_Handler
 .text.PendSV_Handler
                0x0000000008004612        0xa ./Core/Src/stm32g0xx_it.o
                0x0000000008004612                PendSV_Handler
 .text.SysTick_Handler
                0x000000000800461c        0xe ./Core/Src/stm32g0xx_it.o
                0x000000000800461c                SysTick_Handler
 *fill*         0x000000000800462a        0x2 
 .text.EXTI0_1_IRQHandler
                0x000000000800462c       0xb4 ./Core/Src/stm32g0xx_it.o
                0x000000000800462c                EXTI0_1_IRQHandler
 .text.EXTI2_3_IRQHandler
                0x00000000080046e0       0x70 ./Core/Src/stm32g0xx_it.o
                0x00000000080046e0                EXTI2_3_IRQHandler
 .text.EXTI4_15_IRQHandler
                0x0000000008004750      0x1a8 ./Core/Src/stm32g0xx_it.o
                0x0000000008004750                EXTI4_15_IRQHandler
 .text.DMA1_Channel1_IRQHandler
                0x00000000080048f8       0x18 ./Core/Src/stm32g0xx_it.o
                0x00000000080048f8                DMA1_Channel1_IRQHandler
 .text._sbrk    0x0000000008004910       0x6c ./Core/Src/sysmem.o
                0x0000000008004910                _sbrk
 .text.SystemInit
                0x000000000800497c        0xa ./Core/Src/system_stm32g0xx.o
                0x000000000800497c                SystemInit
 *fill*         0x0000000008004986        0x2 
 .text.MX_TIM3_Init
                0x0000000008004988       0xc0 ./Core/Src/tim.o
                0x0000000008004988                MX_TIM3_Init
 .text.HAL_TIM_PWM_MspInit
                0x0000000008004a48       0x9c ./Core/Src/tim.o
                0x0000000008004a48                HAL_TIM_PWM_MspInit
 .text.HAL_TIM_MspPostInit
                0x0000000008004ae4       0x7c ./Core/Src/tim.o
                0x0000000008004ae4                HAL_TIM_MspPostInit
 .text.HAL_TIM_PWM_MspDeInit
                0x0000000008004b60       0x38 ./Core/Src/tim.o
                0x0000000008004b60                HAL_TIM_PWM_MspDeInit
 .text.createBuffer
                0x0000000008004b98       0x28 ./Core/Src/ws2812.o
                0x0000000008004b98                createBuffer
 .text.enqueue  0x0000000008004bc0       0x52 ./Core/Src/ws2812.o
                0x0000000008004bc0                enqueue
 .text.dequeue  0x0000000008004c12       0x52 ./Core/Src/ws2812.o
                0x0000000008004c12                dequeue
 .text.getQueueRear
                0x0000000008004c64       0x20 ./Core/Src/ws2812.o
                0x0000000008004c64                getQueueRear
 .text.createBuffer_rgb233
                0x0000000008004c84       0x28 ./Core/Src/ws2812.o
                0x0000000008004c84                createBuffer_rgb233
 .text.enqueue_rgb233
                0x0000000008004cac       0x52 ./Core/Src/ws2812.o
                0x0000000008004cac                enqueue_rgb233
 .text.dequeue_rgb233
                0x0000000008004cfe       0x52 ./Core/Src/ws2812.o
                0x0000000008004cfe                dequeue_rgb233
 .text.getQueueRear_rgb233
                0x0000000008004d50       0x20 ./Core/Src/ws2812.o
                0x0000000008004d50                getQueueRear_rgb233
 .text.sk6812_init
                0x0000000008004d70       0x9c ./Core/Src/ws2812.o
                0x0000000008004d70                sk6812_init
 .text.neopixel_set_color
                0x0000000008004e0c      0x190 ./Core/Src/ws2812.o
                0x0000000008004e0c                neopixel_set_color
 .text.rgb233_to_rgb888
                0x0000000008004f9c      0x100 ./Core/Src/ws2812.o
                0x0000000008004f9c                rgb233_to_rgb888
 .text.ws2812_show
                0x000000000800509c      0x134 ./Core/Src/ws2812.o
                0x000000000800509c                ws2812_show
 .text.HAL_TIM_PWM_PulseFinishedCallback
                0x00000000080051d0       0x28 ./Core/Src/ws2812.o
                0x00000000080051d0                HAL_TIM_PWM_PulseFinishedCallback
 .text.Reset_Handler
                0x00000000080051f8       0x50 ./Core/Startup/startup_stm32g031g8ux.o
                0x00000000080051f8                Reset_Handler
 .text.Default_Handler
                0x0000000008005248        0x2 ./Core/Startup/startup_stm32g031g8ux.o
                0x0000000008005248                TIM1_CC_IRQHandler
                0x0000000008005248                PVD_IRQHandler
                0x0000000008005248                I2C1_IRQHandler
                0x0000000008005248                LPTIM2_IRQHandler
                0x0000000008005248                RTC_TAMP_IRQHandler
                0x0000000008005248                SPI1_IRQHandler
                0x0000000008005248                DMA1_Ch4_5_DMAMUX1_OVR_IRQHandler
                0x0000000008005248                ADC1_IRQHandler
                0x0000000008005248                TIM17_IRQHandler
                0x0000000008005248                TIM16_IRQHandler
                0x0000000008005248                TIM3_IRQHandler
                0x0000000008005248                RCC_IRQHandler
                0x0000000008005248                Default_Handler
                0x0000000008005248                TIM14_IRQHandler
                0x0000000008005248                SPI2_IRQHandler
                0x0000000008005248                WWDG_IRQHandler
                0x0000000008005248                LPUART1_IRQHandler
                0x0000000008005248                TIM2_IRQHandler
                0x0000000008005248                DMA1_Channel2_3_IRQHandler
                0x0000000008005248                USART2_IRQHandler
                0x0000000008005248                FLASH_IRQHandler
                0x0000000008005248                USART1_IRQHandler
                0x0000000008005248                TIM1_BRK_UP_TRG_COM_IRQHandler
                0x0000000008005248                LPTIM1_IRQHandler
 *fill*         0x000000000800524a        0x2 
 .text.HAL_Init
                0x000000000800524c       0x40 ./Drivers/STM32G0xx_HAL_Driver/Src/stm32g0xx_hal.o
                0x000000000800524c                HAL_Init
 .text.HAL_InitTick
                0x000000000800528c       0x94 ./Drivers/STM32G0xx_HAL_Driver/Src/stm32g0xx_hal.o
                0x000000000800528c                HAL_InitTick
 .text.HAL_IncTick
                0x0000000008005320       0x24 ./Drivers/STM32G0xx_HAL_Driver/Src/stm32g0xx_hal.o
                0x0000000008005320                HAL_IncTick
 .text.HAL_GetTick
                0x0000000008005344       0x14 ./Drivers/STM32G0xx_HAL_Driver/Src/stm32g0xx_hal.o
                0x0000000008005344                HAL_GetTick
 .text.HAL_Delay
                0x0000000008005358       0x48 ./Drivers/STM32G0xx_HAL_Driver/Src/stm32g0xx_hal.o
                0x0000000008005358                HAL_Delay
 .text.__NVIC_EnableIRQ
                0x00000000080053a0       0x34 ./Drivers/STM32G0xx_HAL_Driver/Src/stm32g0xx_hal_cortex.o
 .text.__NVIC_DisableIRQ
                0x00000000080053d4       0x44 ./Drivers/STM32G0xx_HAL_Driver/Src/stm32g0xx_hal_cortex.o
 .text.__NVIC_SetPriority
                0x0000000008005418       0xdc ./Drivers/STM32G0xx_HAL_Driver/Src/stm32g0xx_hal_cortex.o
 .text.SysTick_Config
                0x00000000080054f4       0x48 ./Drivers/STM32G0xx_HAL_Driver/Src/stm32g0xx_hal_cortex.o
 .text.HAL_NVIC_SetPriority
                0x000000000800553c       0x2a ./Drivers/STM32G0xx_HAL_Driver/Src/stm32g0xx_hal_cortex.o
                0x000000000800553c                HAL_NVIC_SetPriority
 .text.HAL_NVIC_EnableIRQ
                0x0000000008005566       0x20 ./Drivers/STM32G0xx_HAL_Driver/Src/stm32g0xx_hal_cortex.o
                0x0000000008005566                HAL_NVIC_EnableIRQ
 .text.HAL_NVIC_DisableIRQ
                0x0000000008005586       0x20 ./Drivers/STM32G0xx_HAL_Driver/Src/stm32g0xx_hal_cortex.o
                0x0000000008005586                HAL_NVIC_DisableIRQ
 .text.HAL_SYSTICK_Config
                0x00000000080055a6       0x1a ./Drivers/STM32G0xx_HAL_Driver/Src/stm32g0xx_hal_cortex.o
                0x00000000080055a6                HAL_SYSTICK_Config
 .text.HAL_DMA_Init
                0x00000000080055c0      0x114 ./Drivers/STM32G0xx_HAL_Driver/Src/stm32g0xx_hal_dma.o
                0x00000000080055c0                HAL_DMA_Init
 .text.HAL_DMA_DeInit
                0x00000000080056d4       0xf0 ./Drivers/STM32G0xx_HAL_Driver/Src/stm32g0xx_hal_dma.o
                0x00000000080056d4                HAL_DMA_DeInit
 .text.HAL_DMA_Start_IT
                0x00000000080057c4      0x10c ./Drivers/STM32G0xx_HAL_Driver/Src/stm32g0xx_hal_dma.o
                0x00000000080057c4                HAL_DMA_Start_IT
 .text.HAL_DMA_Abort_IT
                0x00000000080058d0       0xd4 ./Drivers/STM32G0xx_HAL_Driver/Src/stm32g0xx_hal_dma.o
                0x00000000080058d0                HAL_DMA_Abort_IT
 .text.HAL_DMA_IRQHandler
                0x00000000080059a4      0x164 ./Drivers/STM32G0xx_HAL_Driver/Src/stm32g0xx_hal_dma.o
                0x00000000080059a4                HAL_DMA_IRQHandler
 .text.DMA_SetConfig
                0x0000000008005b08       0x80 ./Drivers/STM32G0xx_HAL_Driver/Src/stm32g0xx_hal_dma.o
 .text.DMA_CalcDMAMUXChannelBaseAndMask
                0x0000000008005b88       0x58 ./Drivers/STM32G0xx_HAL_Driver/Src/stm32g0xx_hal_dma.o
 .text.DMA_CalcDMAMUXRequestGenBaseAndMask
                0x0000000008005be0       0x48 ./Drivers/STM32G0xx_HAL_Driver/Src/stm32g0xx_hal_dma.o
 .text.HAL_FLASH_Program
                0x0000000008005c28       0x9c ./Drivers/STM32G0xx_HAL_Driver/Src/stm32g0xx_hal_flash.o
                0x0000000008005c28                HAL_FLASH_Program
 .text.HAL_FLASH_Unlock
                0x0000000008005cc4       0x48 ./Drivers/STM32G0xx_HAL_Driver/Src/stm32g0xx_hal_flash.o
                0x0000000008005cc4                HAL_FLASH_Unlock
 .text.HAL_FLASH_Lock
                0x0000000008005d0c       0x44 ./Drivers/STM32G0xx_HAL_Driver/Src/stm32g0xx_hal_flash.o
                0x0000000008005d0c                HAL_FLASH_Lock
 .text.FLASH_WaitForLastOperation
                0x0000000008005d50       0x9c ./Drivers/STM32G0xx_HAL_Driver/Src/stm32g0xx_hal_flash.o
                0x0000000008005d50                FLASH_WaitForLastOperation
 .text.FLASH_Program_DoubleWord
                0x0000000008005dec       0x40 ./Drivers/STM32G0xx_HAL_Driver/Src/stm32g0xx_hal_flash.o
 .text.HAL_FLASHEx_Erase
                0x0000000008005e2c       0xe8 ./Drivers/STM32G0xx_HAL_Driver/Src/stm32g0xx_hal_flash_ex.o
                0x0000000008005e2c                HAL_FLASHEx_Erase
 .text.FLASH_MassErase
                0x0000000008005f14       0x28 ./Drivers/STM32G0xx_HAL_Driver/Src/stm32g0xx_hal_flash_ex.o
 .text.FLASH_PageErase
                0x0000000008005f3c       0x38 ./Drivers/STM32G0xx_HAL_Driver/Src/stm32g0xx_hal_flash_ex.o
                0x0000000008005f3c                FLASH_PageErase
 .text.HAL_GPIO_Init
                0x0000000008005f74      0x2c8 ./Drivers/STM32G0xx_HAL_Driver/Src/stm32g0xx_hal_gpio.o
                0x0000000008005f74                HAL_GPIO_Init
 .text.HAL_GPIO_ReadPin
                0x000000000800623c       0x3a ./Drivers/STM32G0xx_HAL_Driver/Src/stm32g0xx_hal_gpio.o
                0x000000000800623c                HAL_GPIO_ReadPin
 .text.HAL_GPIO_WritePin
                0x0000000008006276       0x3a ./Drivers/STM32G0xx_HAL_Driver/Src/stm32g0xx_hal_gpio.o
                0x0000000008006276                HAL_GPIO_WritePin
 .text.HAL_GPIO_EXTI_IRQHandler
                0x00000000080062b0       0x54 ./Drivers/STM32G0xx_HAL_Driver/Src/stm32g0xx_hal_gpio.o
                0x00000000080062b0                HAL_GPIO_EXTI_IRQHandler
 .text.HAL_GPIO_EXTI_Rising_Callback
                0x0000000008006304       0x14 ./Drivers/STM32G0xx_HAL_Driver/Src/stm32g0xx_hal_gpio.o
                0x0000000008006304                HAL_GPIO_EXTI_Rising_Callback
 .text.HAL_GPIO_EXTI_Falling_Callback
                0x0000000008006318       0x14 ./Drivers/STM32G0xx_HAL_Driver/Src/stm32g0xx_hal_gpio.o
                0x0000000008006318                HAL_GPIO_EXTI_Falling_Callback
 .text.HAL_TIM_PWM_Init
                0x000000000800632c       0xb0 ./Drivers/STM32G0xx_HAL_Driver/Src/stm32g0xx_hal_tim.o
                0x000000000800632c                HAL_TIM_PWM_Init
 .text.HAL_TIM_PWM_Stop
                0x00000000080063dc      0x10c ./Drivers/STM32G0xx_HAL_Driver/Src/stm32g0xx_hal_tim.o
                0x00000000080063dc                HAL_TIM_PWM_Stop
 .text.HAL_TIM_PWM_Start_DMA
                0x00000000080064e8      0x3e8 ./Drivers/STM32G0xx_HAL_Driver/Src/stm32g0xx_hal_tim.o
                0x00000000080064e8                HAL_TIM_PWM_Start_DMA
 .text.HAL_TIM_PWM_Stop_DMA
                0x00000000080068d0      0x1d4 ./Drivers/STM32G0xx_HAL_Driver/Src/stm32g0xx_hal_tim.o
                0x00000000080068d0                HAL_TIM_PWM_Stop_DMA
 .text.HAL_TIM_PWM_ConfigChannel
                0x0000000008006aa4      0x200 ./Drivers/STM32G0xx_HAL_Driver/Src/stm32g0xx_hal_tim.o
                0x0000000008006aa4                HAL_TIM_PWM_ConfigChannel
 .text.HAL_TIM_PWM_PulseFinishedHalfCpltCallback
                0x0000000008006ca4       0x10 ./Drivers/STM32G0xx_HAL_Driver/Src/stm32g0xx_hal_tim.o
                0x0000000008006ca4                HAL_TIM_PWM_PulseFinishedHalfCpltCallback
 .text.HAL_TIM_ErrorCallback
                0x0000000008006cb4       0x10 ./Drivers/STM32G0xx_HAL_Driver/Src/stm32g0xx_hal_tim.o
                0x0000000008006cb4                HAL_TIM_ErrorCallback
 .text.TIM_DMAError
                0x0000000008006cc4       0x94 ./Drivers/STM32G0xx_HAL_Driver/Src/stm32g0xx_hal_tim.o
                0x0000000008006cc4                TIM_DMAError
 .text.TIM_DMADelayPulseCplt
                0x0000000008006d58       0xaa ./Drivers/STM32G0xx_HAL_Driver/Src/stm32g0xx_hal_tim.o
 .text.TIM_DMADelayPulseHalfCplt
                0x0000000008006e02       0x6a ./Drivers/STM32G0xx_HAL_Driver/Src/stm32g0xx_hal_tim.o
                0x0000000008006e02                TIM_DMADelayPulseHalfCplt
 .text.TIM_Base_SetConfig
                0x0000000008006e6c      0x108 ./Drivers/STM32G0xx_HAL_Driver/Src/stm32g0xx_hal_tim.o
                0x0000000008006e6c                TIM_Base_SetConfig
 .text.TIM_OC1_SetConfig
                0x0000000008006f74      0x100 ./Drivers/STM32G0xx_HAL_Driver/Src/stm32g0xx_hal_tim.o
 .text.TIM_OC2_SetConfig
                0x0000000008007074       0xfc ./Drivers/STM32G0xx_HAL_Driver/Src/stm32g0xx_hal_tim.o
                0x0000000008007074                TIM_OC2_SetConfig
 .text.TIM_OC3_SetConfig
                0x0000000008007170      0x104 ./Drivers/STM32G0xx_HAL_Driver/Src/stm32g0xx_hal_tim.o
 .text.TIM_OC4_SetConfig
                0x0000000008007274       0xc8 ./Drivers/STM32G0xx_HAL_Driver/Src/stm32g0xx_hal_tim.o
 .text.TIM_OC5_SetConfig
                0x000000000800733c       0xb4 ./Drivers/STM32G0xx_HAL_Driver/Src/stm32g0xx_hal_tim.o
 .text.TIM_OC6_SetConfig
                0x00000000080073f0       0xbc ./Drivers/STM32G0xx_HAL_Driver/Src/stm32g0xx_hal_tim.o
 .text.TIM_CCxChannelCmd
                0x00000000080074ac       0x46 ./Drivers/STM32G0xx_HAL_Driver/Src/stm32g0xx_hal_tim.o
                0x00000000080074ac                TIM_CCxChannelCmd
 *fill*         0x00000000080074f2        0x2 
 .text.HAL_TIMEx_MasterConfigSynchronization
                0x00000000080074f4       0xd0 ./Drivers/STM32G0xx_HAL_Driver/Src/stm32g0xx_hal_tim_ex.o
                0x00000000080074f4                HAL_TIMEx_MasterConfigSynchronization
 .text.LL_GPIO_SetPinMode
                0x00000000080075c4       0x38 ./Drivers/STM32G0xx_HAL_Driver/Src/stm32g0xx_ll_gpio.o
 .text.LL_GPIO_SetPinOutputType
                0x00000000080075fc       0x2a ./Drivers/STM32G0xx_HAL_Driver/Src/stm32g0xx_ll_gpio.o
 .text.LL_GPIO_SetPinSpeed
                0x0000000008007626       0x38 ./Drivers/STM32G0xx_HAL_Driver/Src/stm32g0xx_ll_gpio.o
 .text.LL_GPIO_SetPinPull
                0x000000000800765e       0x38 ./Drivers/STM32G0xx_HAL_Driver/Src/stm32g0xx_ll_gpio.o
 .text.LL_GPIO_SetAFPin_0_7
                0x0000000008007696       0x46 ./Drivers/STM32G0xx_HAL_Driver/Src/stm32g0xx_ll_gpio.o
 .text.LL_GPIO_SetAFPin_8_15
                0x00000000080076dc       0x5a ./Drivers/STM32G0xx_HAL_Driver/Src/stm32g0xx_ll_gpio.o
 .text.LL_GPIO_Init
                0x0000000008007736       0xb6 ./Drivers/STM32G0xx_HAL_Driver/Src/stm32g0xx_ll_gpio.o
                0x0000000008007736                LL_GPIO_Init
 .text.LL_I2C_Enable
                0x00000000080077ec       0x1c ./Drivers/STM32G0xx_HAL_Driver/Src/stm32g0xx_ll_i2c.o
 .text.LL_I2C_Disable
                0x0000000008007808       0x1e ./Drivers/STM32G0xx_HAL_Driver/Src/stm32g0xx_ll_i2c.o
 *fill*         0x0000000008007826        0x2 
 .text.LL_I2C_ConfigFilters
                0x0000000008007828       0x30 ./Drivers/STM32G0xx_HAL_Driver/Src/stm32g0xx_ll_i2c.o
 .text.LL_I2C_SetOwnAddress1
                0x0000000008007858       0x28 ./Drivers/STM32G0xx_HAL_Driver/Src/stm32g0xx_ll_i2c.o
 .text.LL_I2C_EnableOwnAddress1
                0x0000000008007880       0x1e ./Drivers/STM32G0xx_HAL_Driver/Src/stm32g0xx_ll_i2c.o
 *fill*         0x000000000800789e        0x2 
 .text.LL_I2C_DisableOwnAddress1
                0x00000000080078a0       0x20 ./Drivers/STM32G0xx_HAL_Driver/Src/stm32g0xx_ll_i2c.o
 .text.LL_I2C_SetTiming
                0x00000000080078c0       0x18 ./Drivers/STM32G0xx_HAL_Driver/Src/stm32g0xx_ll_i2c.o
 .text.LL_I2C_SetMode
                0x00000000080078d8       0x28 ./Drivers/STM32G0xx_HAL_Driver/Src/stm32g0xx_ll_i2c.o
 .text.LL_I2C_AcknowledgeNextData
                0x0000000008007900       0x28 ./Drivers/STM32G0xx_HAL_Driver/Src/stm32g0xx_ll_i2c.o
 .text.LL_APB1_GRP1_ForceReset
                0x0000000008007928       0x20 ./Drivers/STM32G0xx_HAL_Driver/Src/stm32g0xx_ll_i2c.o
 .text.LL_APB1_GRP1_ReleaseReset
                0x0000000008007948       0x24 ./Drivers/STM32G0xx_HAL_Driver/Src/stm32g0xx_ll_i2c.o
 .text.LL_I2C_DeInit
                0x000000000800796c       0x6c ./Drivers/STM32G0xx_HAL_Driver/Src/stm32g0xx_ll_i2c.o
                0x000000000800796c                LL_I2C_DeInit
 .text.LL_I2C_Init
                0x00000000080079d8       0x86 ./Drivers/STM32G0xx_HAL_Driver/Src/stm32g0xx_ll_i2c.o
                0x00000000080079d8                LL_I2C_Init
 *fill*         0x0000000008007a5e        0x2 
 .text.LL_SetSystemCoreClock
                0x0000000008007a60       0x1c ./Drivers/STM32G0xx_HAL_Driver/Src/stm32g0xx_ll_utils.o
                0x0000000008007a60                LL_SetSystemCoreClock
 .text.calloc   0x0000000008007a7c       0x14 e:/apps/stm32cubeide_1.11.0/stm32cubeide/plugins/com.st.stm32cube.ide.mcu.externaltools.gnu-tools-for-stm32.10.3-2021.10.win32_1.0.100.202210260954/tools/bin/../lib/gcc/arm-none-eabi/10.3.1/../../../../arm-none-eabi/lib/thumb/v6-m/nofp\libc_nano.a(lib_a-calloc.o)
                0x0000000008007a7c                calloc
 .text.__errno  0x0000000008007a90        0xc e:/apps/stm32cubeide_1.11.0/stm32cubeide/plugins/com.st.stm32cube.ide.mcu.externaltools.gnu-tools-for-stm32.10.3-2021.10.win32_1.0.100.202210260954/tools/bin/../lib/gcc/arm-none-eabi/10.3.1/../../../../arm-none-eabi/lib/thumb/v6-m/nofp\libc_nano.a(lib_a-errno.o)
                0x0000000008007a90                __errno
 .text.__libc_init_array
                0x0000000008007a9c       0x48 e:/apps/stm32cubeide_1.11.0/stm32cubeide/plugins/com.st.stm32cube.ide.mcu.externaltools.gnu-tools-for-stm32.10.3-2021.10.win32_1.0.100.202210260954/tools/bin/../lib/gcc/arm-none-eabi/10.3.1/../../../../arm-none-eabi/lib/thumb/v6-m/nofp\libc_nano.a(lib_a-init.o)
                0x0000000008007a9c                __libc_init_array
 .text.malloc   0x0000000008007ae4       0x14 e:/apps/stm32cubeide_1.11.0/stm32cubeide/plugins/com.st.stm32cube.ide.mcu.externaltools.gnu-tools-for-stm32.10.3-2021.10.win32_1.0.100.202210260954/tools/bin/../lib/gcc/arm-none-eabi/10.3.1/../../../../arm-none-eabi/lib/thumb/v6-m/nofp\libc_nano.a(lib_a-malloc.o)
                0x0000000008007ae4                malloc
 .text.free     0x0000000008007af8       0x14 e:/apps/stm32cubeide_1.11.0/stm32cubeide/plugins/com.st.stm32cube.ide.mcu.externaltools.gnu-tools-for-stm32.10.3-2021.10.win32_1.0.100.202210260954/tools/bin/../lib/gcc/arm-none-eabi/10.3.1/../../../../arm-none-eabi/lib/thumb/v6-m/nofp\libc_nano.a(lib_a-malloc.o)
                0x0000000008007af8                free
 .text.memcpy   0x0000000008007b0c       0x12 e:/apps/stm32cubeide_1.11.0/stm32cubeide/plugins/com.st.stm32cube.ide.mcu.externaltools.gnu-tools-for-stm32.10.3-2021.10.win32_1.0.100.202210260954/tools/bin/../lib/gcc/arm-none-eabi/10.3.1/../../../../arm-none-eabi/lib/thumb/v6-m/nofp\libc_nano.a(lib_a-memcpy-stub.o)
                0x0000000008007b0c                memcpy
 .text.memset   0x0000000008007b1e       0x10 e:/apps/stm32cubeide_1.11.0/stm32cubeide/plugins/com.st.stm32cube.ide.mcu.externaltools.gnu-tools-for-stm32.10.3-2021.10.win32_1.0.100.202210260954/tools/bin/../lib/gcc/arm-none-eabi/10.3.1/../../../../arm-none-eabi/lib/thumb/v6-m/nofp\libc_nano.a(lib_a-memset.o)
                0x0000000008007b1e                memset
 .text._calloc_r
                0x0000000008007b2e       0x58 e:/apps/stm32cubeide_1.11.0/stm32cubeide/plugins/com.st.stm32cube.ide.mcu.externaltools.gnu-tools-for-stm32.10.3-2021.10.win32_1.0.100.202210260954/tools/bin/../lib/gcc/arm-none-eabi/10.3.1/../../../../arm-none-eabi/lib/thumb/v6-m/nofp\libc_nano.a(lib_a-nano-callocr.o)
                0x0000000008007b2e                _calloc_r
 *fill*         0x0000000008007b86        0x2 
 .text._free_r  0x0000000008007b88       0x94 e:/apps/stm32cubeide_1.11.0/stm32cubeide/plugins/com.st.stm32cube.ide.mcu.externaltools.gnu-tools-for-stm32.10.3-2021.10.win32_1.0.100.202210260954/tools/bin/../lib/gcc/arm-none-eabi/10.3.1/../../../../arm-none-eabi/lib/thumb/v6-m/nofp\libc_nano.a(lib_a-nano-freer.o)
                0x0000000008007b88                _free_r
 .text.sbrk_aligned
                0x0000000008007c1c       0x44 e:/apps/stm32cubeide_1.11.0/stm32cubeide/plugins/com.st.stm32cube.ide.mcu.externaltools.gnu-tools-for-stm32.10.3-2021.10.win32_1.0.100.202210260954/tools/bin/../lib/gcc/arm-none-eabi/10.3.1/../../../../arm-none-eabi/lib/thumb/v6-m/nofp\libc_nano.a(lib_a-nano-mallocr.o)
 .text._malloc_r
                0x0000000008007c60       0xec e:/apps/stm32cubeide_1.11.0/stm32cubeide/plugins/com.st.stm32cube.ide.mcu.externaltools.gnu-tools-for-stm32.10.3-2021.10.win32_1.0.100.202210260954/tools/bin/../lib/gcc/arm-none-eabi/10.3.1/../../../../arm-none-eabi/lib/thumb/v6-m/nofp\libc_nano.a(lib_a-nano-mallocr.o)
                0x0000000008007c60                _malloc_r
 .text._sbrk_r  0x0000000008007d4c       0x24 e:/apps/stm32cubeide_1.11.0/stm32cubeide/plugins/com.st.stm32cube.ide.mcu.externaltools.gnu-tools-for-stm32.10.3-2021.10.win32_1.0.100.202210260954/tools/bin/../lib/gcc/arm-none-eabi/10.3.1/../../../../arm-none-eabi/lib/thumb/v6-m/nofp\libc_nano.a(lib_a-sbrkr.o)
                0x0000000008007d4c                _sbrk_r
 .text.__malloc_lock
                0x0000000008007d70       0x10 e:/apps/stm32cubeide_1.11.0/stm32cubeide/plugins/com.st.stm32cube.ide.mcu.externaltools.gnu-tools-for-stm32.10.3-2021.10.win32_1.0.100.202210260954/tools/bin/../lib/gcc/arm-none-eabi/10.3.1/../../../../arm-none-eabi/lib/thumb/v6-m/nofp\libc_nano.a(lib_a-mlock.o)
                0x0000000008007d70                __malloc_lock
 .text.__malloc_unlock
                0x0000000008007d80       0x10 e:/apps/stm32cubeide_1.11.0/stm32cubeide/plugins/com.st.stm32cube.ide.mcu.externaltools.gnu-tools-for-stm32.10.3-2021.10.win32_1.0.100.202210260954/tools/bin/../lib/gcc/arm-none-eabi/10.3.1/../../../../arm-none-eabi/lib/thumb/v6-m/nofp\libc_nano.a(lib_a-mlock.o)
                0x0000000008007d80                __malloc_unlock
 .text.__retarget_lock_acquire_recursive
                0x0000000008007d90        0x2 e:/apps/stm32cubeide_1.11.0/stm32cubeide/plugins/com.st.stm32cube.ide.mcu.externaltools.gnu-tools-for-stm32.10.3-2021.10.win32_1.0.100.202210260954/tools/bin/../lib/gcc/arm-none-eabi/10.3.1/../../../../arm-none-eabi/lib/thumb/v6-m/nofp\libc_nano.a(lib_a-lock.o)
                0x0000000008007d90                __retarget_lock_acquire_recursive
 .text.__retarget_lock_release_recursive
                0x0000000008007d92        0x2 e:/apps/stm32cubeide_1.11.0/stm32cubeide/plugins/com.st.stm32cube.ide.mcu.externaltools.gnu-tools-for-stm32.10.3-2021.10.win32_1.0.100.202210260954/tools/bin/../lib/gcc/arm-none-eabi/10.3.1/../../../../arm-none-eabi/lib/thumb/v6-m/nofp\libc_nano.a(lib_a-lock.o)
                0x0000000008007d92                __retarget_lock_release_recursive
 *(.glue_7)
 .glue_7        0x0000000008007d94        0x0 linker stubs
 *(.glue_7t)
 .glue_7t       0x0000000008007d94        0x0 linker stubs
 *(.eh_frame)
 .eh_frame      0x0000000008007d94        0x0 e:/apps/stm32cubeide_1.11.0/stm32cubeide/plugins/com.st.stm32cube.ide.mcu.externaltools.gnu-tools-for-stm32.10.3-2021.10.win32_1.0.100.202210260954/tools/bin/../lib/gcc/arm-none-eabi/10.3.1/thumb/v6-m/nofp/crtbegin.o
 *(.init)
 .init          0x0000000008007d94        0x4 e:/apps/stm32cubeide_1.11.0/stm32cubeide/plugins/com.st.stm32cube.ide.mcu.externaltools.gnu-tools-for-stm32.10.3-2021.10.win32_1.0.100.202210260954/tools/bin/../lib/gcc/arm-none-eabi/10.3.1/thumb/v6-m/nofp/crti.o
                0x0000000008007d94                _init
 .init          0x0000000008007d98        0x8 e:/apps/stm32cubeide_1.11.0/stm32cubeide/plugins/com.st.stm32cube.ide.mcu.externaltools.gnu-tools-for-stm32.10.3-2021.10.win32_1.0.100.202210260954/tools/bin/../lib/gcc/arm-none-eabi/10.3.1/thumb/v6-m/nofp/crtn.o
 *(.fini)
 .fini          0x0000000008007da0        0x4 e:/apps/stm32cubeide_1.11.0/stm32cubeide/plugins/com.st.stm32cube.ide.mcu.externaltools.gnu-tools-for-stm32.10.3-2021.10.win32_1.0.100.202210260954/tools/bin/../lib/gcc/arm-none-eabi/10.3.1/thumb/v6-m/nofp/crti.o
                0x0000000008007da0                _fini
 .fini          0x0000000008007da4        0x8 e:/apps/stm32cubeide_1.11.0/stm32cubeide/plugins/com.st.stm32cube.ide.mcu.externaltools.gnu-tools-for-stm32.10.3-2021.10.win32_1.0.100.202210260954/tools/bin/../lib/gcc/arm-none-eabi/10.3.1/thumb/v6-m/nofp/crtn.o
 *fill*         0x0000000008007dac        0x4 
 .fini.__stub   0x0000000008007db0       0x10 linker stubs
                0x0000000008007dc0                . = ALIGN (0x4)
                0x0000000008007dc0                _etext = .

.vfp11_veneer   0x0000000008007dc0        0x0
 .vfp11_veneer  0x0000000008007dc0        0x0 linker stubs

.v4_bx          0x0000000008007dc0        0x0
 .v4_bx         0x0000000008007dc0        0x0 linker stubs

.iplt           0x0000000008007dc0        0x0
 .iplt          0x0000000008007dc0        0x0 e:/apps/stm32cubeide_1.11.0/stm32cubeide/plugins/com.st.stm32cube.ide.mcu.externaltools.gnu-tools-for-stm32.10.3-2021.10.win32_1.0.100.202210260954/tools/bin/../lib/gcc/arm-none-eabi/10.3.1/thumb/v6-m/nofp/crtbegin.o

.rodata         0x0000000008007dc0      0x114
                0x0000000008007dc0                . = ALIGN (0x4)
 *(.rodata)
 .rodata        0x0000000008007dc0       0x80 e:/apps/stm32cubeide_1.11.0/stm32cubeide/plugins/com.st.stm32cube.ide.mcu.externaltools.gnu-tools-for-stm32.10.3-2021.10.win32_1.0.100.202210260954/tools/bin/../lib/gcc/arm-none-eabi/10.3.1/thumb/v6-m/nofp\libgcc.a(divsf3.o)
 .rodata        0x0000000008007e40       0x40 e:/apps/stm32cubeide_1.11.0/stm32cubeide/plugins/com.st.stm32cube.ide.mcu.externaltools.gnu-tools-for-stm32.10.3-2021.10.win32_1.0.100.202210260954/tools/bin/../lib/gcc/arm-none-eabi/10.3.1/thumb/v6-m/nofp\libgcc.a(mulsf3.o)
 *(.rodata*)
 .rodata.HAL_TIM_PWM_ConfigChannel
                0x0000000008007e80       0x54 ./Drivers/STM32G0xx_HAL_Driver/Src/stm32g0xx_hal_tim.o
                0x0000000008007ed4                . = ALIGN (0x4)

.rel.dyn        0x0000000008007ed4        0x0
 .rel.iplt      0x0000000008007ed4        0x0 e:/apps/stm32cubeide_1.11.0/stm32cubeide/plugins/com.st.stm32cube.ide.mcu.externaltools.gnu-tools-for-stm32.10.3-2021.10.win32_1.0.100.202210260954/tools/bin/../lib/gcc/arm-none-eabi/10.3.1/thumb/v6-m/nofp/crtbegin.o

.ARM.extab      0x0000000008007ed4        0x0
                0x0000000008007ed4                . = ALIGN (0x4)
 *(.ARM.extab* .gnu.linkonce.armextab.*)
                0x0000000008007ed4                . = ALIGN (0x4)

.ARM            0x0000000008007ed4        0x0
                0x0000000008007ed4                . = ALIGN (0x4)
                0x0000000008007ed4                __exidx_start = .
 *(.ARM.exidx*)
                0x0000000008007ed4                __exidx_end = .
                0x0000000008007ed4                . = ALIGN (0x4)

.preinit_array  0x0000000008007ed4        0x0
                0x0000000008007ed4                . = ALIGN (0x4)
                0x0000000008007ed4                PROVIDE (__preinit_array_start = .)
 *(.preinit_array*)
                0x0000000008007ed4                PROVIDE (__preinit_array_end = .)
                0x0000000008007ed4                . = ALIGN (0x4)

.init_array     0x0000000008007ed4        0x4
                0x0000000008007ed4                . = ALIGN (0x4)
                0x0000000008007ed4                PROVIDE (__init_array_start = .)
 *(SORT_BY_NAME(.init_array.*))
 *(.init_array*)
 .init_array    0x0000000008007ed4        0x4 e:/apps/stm32cubeide_1.11.0/stm32cubeide/plugins/com.st.stm32cube.ide.mcu.externaltools.gnu-tools-for-stm32.10.3-2021.10.win32_1.0.100.202210260954/tools/bin/../lib/gcc/arm-none-eabi/10.3.1/thumb/v6-m/nofp/crtbegin.o
                0x0000000008007ed8                PROVIDE (__init_array_end = .)
                0x0000000008007ed8                . = ALIGN (0x4)

.fini_array     0x0000000008007ed8        0x4
                0x0000000008007ed8                . = ALIGN (0x4)
                [!provide]                        PROVIDE (__fini_array_start = .)
 *(SORT_BY_NAME(.fini_array.*))
 *(.fini_array*)
 .fini_array    0x0000000008007ed8        0x4 e:/apps/stm32cubeide_1.11.0/stm32cubeide/plugins/com.st.stm32cube.ide.mcu.externaltools.gnu-tools-for-stm32.10.3-2021.10.win32_1.0.100.202210260954/tools/bin/../lib/gcc/arm-none-eabi/10.3.1/thumb/v6-m/nofp/crtbegin.o
                [!provide]                        PROVIDE (__fini_array_end = .)
                0x0000000008007edc                . = ALIGN (0x4)
                0x0000000008007edc                _sidata = LOADADDR (.data)

.data           0x0000000020000000       0xfc load address 0x0000000008007edc
                0x0000000020000000                . = ALIGN (0x4)
                0x0000000020000000                _sdata = .
 *(.data)
 *(.data*)
 .data.fm_version
                0x0000000020000000        0x1 ./Core/Src/main.o
                0x0000000020000000                fm_version
 *fill*         0x0000000020000001        0x3 
 .data.SystemCoreClock
                0x0000000020000004        0x4 ./Core/Src/system_stm32g0xx.o
                0x0000000020000004                SystemCoreClock
 .data.uwTickPrio
                0x0000000020000008        0x4 ./Drivers/STM32G0xx_HAL_Driver/Src/stm32g0xx_hal.o
                0x0000000020000008                uwTickPrio
 .data.uwTickFreq
                0x000000002000000c        0x1 ./Drivers/STM32G0xx_HAL_Driver/Src/stm32g0xx_hal.o
                0x000000002000000c                uwTickFreq
 *fill*         0x000000002000000d        0x3 
 .data._impure_ptr
                0x0000000020000010        0x4 e:/apps/stm32cubeide_1.11.0/stm32cubeide/plugins/com.st.stm32cube.ide.mcu.externaltools.gnu-tools-for-stm32.10.3-2021.10.win32_1.0.100.202210260954/tools/bin/../lib/gcc/arm-none-eabi/10.3.1/../../../../arm-none-eabi/lib/thumb/v6-m/nofp\libc_nano.a(lib_a-impure.o)
                0x0000000020000010                _impure_ptr
 .data.impure_data
                0x0000000020000014       0x60 e:/apps/stm32cubeide_1.11.0/stm32cubeide/plugins/com.st.stm32cube.ide.mcu.externaltools.gnu-tools-for-stm32.10.3-2021.10.win32_1.0.100.202210260954/tools/bin/../lib/gcc/arm-none-eabi/10.3.1/../../../../arm-none-eabi/lib/thumb/v6-m/nofp\libc_nano.a(lib_a-impure.o)
 *(.RamFunc)
 .RamFunc       0x0000000020000074       0x88 ./Drivers/STM32G0xx_HAL_Driver/Src/stm32g0xx_hal_flash.o
 *(.RamFunc*)
                0x00000000200000fc                . = ALIGN (0x4)
                0x00000000200000fc                _edata = .

.igot.plt       0x00000000200000fc        0x0 load address 0x0000000008007fd8
 .igot.plt      0x00000000200000fc        0x0 e:/apps/stm32cubeide_1.11.0/stm32cubeide/plugins/com.st.stm32cube.ide.mcu.externaltools.gnu-tools-for-stm32.10.3-2021.10.win32_1.0.100.202210260954/tools/bin/../lib/gcc/arm-none-eabi/10.3.1/thumb/v6-m/nofp/crtbegin.o
                0x00000000200000fc                . = ALIGN (0x4)

.bss            0x00000000200000fc      0x920 load address 0x0000000008007fd8
                0x00000000200000fc                _sbss = .
                0x00000000200000fc                __bss_start__ = _sbss
 *(.bss)
 .bss           0x00000000200000fc       0x1c e:/apps/stm32cubeide_1.11.0/stm32cubeide/plugins/com.st.stm32cube.ide.mcu.externaltools.gnu-tools-for-stm32.10.3-2021.10.win32_1.0.100.202210260954/tools/bin/../lib/gcc/arm-none-eabi/10.3.1/thumb/v6-m/nofp/crtbegin.o
 *(.bss*)
 .bss.aReceiveBuffer
                0x0000000020000118      0x258 ./Core/Src/i2c_ex.o
                0x0000000020000118                aReceiveBuffer
 .bss.tx_buffer
                0x0000000020000370      0x258 ./Core/Src/i2c_ex.o
                0x0000000020000370                tx_buffer
 .bss.ubReceiveIndex
                0x00000000200005c8        0x2 ./Core/Src/i2c_ex.o
                0x00000000200005c8                ubReceiveIndex
 .bss.i2c_addr  0x00000000200005ca        0x1 ./Core/Src/i2c_ex.o
                0x00000000200005ca                i2c_addr
 *fill*         0x00000000200005cb        0x1 
 .bss.tx_buffer_index
                0x00000000200005cc        0x2 ./Core/Src/i2c_ex.o
                0x00000000200005cc                tx_buffer_index
 .bss.tx_len    0x00000000200005ce        0x2 ./Core/Src/i2c_ex.o
                0x00000000200005ce                tx_len
 .bss.i2c_timeout_counter
                0x00000000200005d0        0x4 ./Core/Src/i2c_ex.o
                0x00000000200005d0                i2c_timeout_counter
 .bss.i2c_stop_timeout_flag
                0x00000000200005d4        0x4 ./Core/Src/i2c_ex.o
                0x00000000200005d4                i2c_stop_timeout_flag
 .bss.i2c_stop_timeout_counter
                0x00000000200005d8        0x4 ./Core/Src/i2c_ex.o
                0x00000000200005d8                i2c_stop_timeout_counter
 .bss.i2c_address
                0x00000000200005dc        0x1 ./Core/Src/main.o
                0x00000000200005dc                i2c_address
 *fill*         0x00000000200005dd        0x3 
 .bss.flash_data
                0x00000000200005e0      0x100 ./Core/Src/main.o
                0x00000000200005e0                flash_data
 .bss.flag_jump_bootloader
                0x00000000200006e0        0x1 ./Core/Src/main.o
                0x00000000200006e0                flag_jump_bootloader
 *fill*         0x00000000200006e1        0x3 
 .bss.jump_bootloader_timeout
                0x00000000200006e4        0x4 ./Core/Src/main.o
                0x00000000200006e4                jump_bootloader_timeout
 .bss.i2c_stop_timeout_delay
                0x00000000200006e8        0x4 ./Core/Src/main.o
                0x00000000200006e8                i2c_stop_timeout_delay
 .bss.switch_status
                0x00000000200006ec        0x1 ./Core/Src/main.o
                0x00000000200006ec                switch_status
 *fill*         0x00000000200006ed        0x3 
 .bss.switch_status_set
                0x00000000200006f0        0x8 ./Core/Src/main.o
                0x00000000200006f0                switch_status_set
 .bss.is_irq_enable
                0x00000000200006f8        0x1 ./Core/Src/main.o
                0x00000000200006f8                is_irq_enable
 .bss.rgb_show_mode
                0x00000000200006f9        0x1 ./Core/Src/main.o
                0x00000000200006f9                rgb_show_mode
 *fill*         0x00000000200006fa        0x2 
 .bss.sys_rgb_color_switch_0
                0x00000000200006fc       0x20 ./Core/Src/main.o
                0x00000000200006fc                sys_rgb_color_switch_0
 .bss.sys_rgb_color_switch_1
                0x000000002000071c       0x20 ./Core/Src/main.o
                0x000000002000071c                sys_rgb_color_switch_1
 .bss.is_flash_write_back
                0x000000002000073c        0x1 ./Core/Src/main.o
                0x000000002000073c                is_flash_write_back
 *fill*         0x000000002000073d        0x3 
 .bss.__sbrk_heap_end
                0x0000000020000740        0x4 ./Core/Src/sysmem.o
 .bss.htim3     0x0000000020000744       0x4c ./Core/Src/tim.o
                0x0000000020000744                htim3
 .bss.hdma_tim3_ch2
                0x0000000020000790       0x5c ./Core/Src/tim.o
                0x0000000020000790                hdma_tim3_ch2
 .bss.color_buf
                0x00000000200007ec        0x4 ./Core/Src/ws2812.o
                0x00000000200007ec                color_buf
 .bss.rled      0x00000000200007f0        0x9 ./Core/Src/ws2812.o
                0x00000000200007f0                rled
 *fill*         0x00000000200007f9        0x3 
 .bss.gled      0x00000000200007fc        0x9 ./Core/Src/ws2812.o
                0x00000000200007fc                gled
 *fill*         0x0000000020000805        0x3 
 .bss.bled      0x0000000020000808        0x9 ./Core/Src/ws2812.o
                0x0000000020000808                bled
 *fill*         0x0000000020000811        0x3 
 .bss.brightness_index
                0x0000000020000814        0x9 ./Core/Src/ws2812.o
                0x0000000020000814                brightness_index
 *fill*         0x000000002000081d        0x3 
 .bss.lastest_rgb_color
                0x0000000020000820        0x4 ./Core/Src/ws2812.o
                0x0000000020000820                lastest_rgb_color
 .bss.lastest_rgb_233_color
                0x0000000020000824        0x4 ./Core/Src/ws2812.o
                0x0000000020000824                lastest_rgb_233_color
 .bss.rgb_buffer
                0x0000000020000828        0x4 ./Core/Src/ws2812.o
                0x0000000020000828                rgb_buffer
 .bss.rgb_233_buffer
                0x000000002000082c        0x4 ./Core/Src/ws2812.o
                0x000000002000082c                rgb_233_buffer
 .bss.rgb_show_lock
                0x0000000020000830        0x1 ./Core/Src/ws2812.o
                0x0000000020000830                rgb_show_lock
 *fill*         0x0000000020000831        0x3 
 .bss.frame     0x0000000020000834      0x1b8 ./Core/Src/ws2812.o
                0x0000000020000834                frame
 .bss.uwTick    0x00000000200009ec        0x4 ./Drivers/STM32G0xx_HAL_Driver/Src/stm32g0xx_hal.o
                0x00000000200009ec                uwTick
 .bss.pFlash    0x00000000200009f0       0x1c ./Drivers/STM32G0xx_HAL_Driver/Src/stm32g0xx_hal_flash.o
                0x00000000200009f0                pFlash
 .bss.__malloc_free_list
                0x0000000020000a0c        0x4 e:/apps/stm32cubeide_1.11.0/stm32cubeide/plugins/com.st.stm32cube.ide.mcu.externaltools.gnu-tools-for-stm32.10.3-2021.10.win32_1.0.100.202210260954/tools/bin/../lib/gcc/arm-none-eabi/10.3.1/../../../../arm-none-eabi/lib/thumb/v6-m/nofp\libc_nano.a(lib_a-nano-mallocr.o)
                0x0000000020000a0c                __malloc_free_list
 .bss.__malloc_sbrk_start
                0x0000000020000a10        0x4 e:/apps/stm32cubeide_1.11.0/stm32cubeide/plugins/com.st.stm32cube.ide.mcu.externaltools.gnu-tools-for-stm32.10.3-2021.10.win32_1.0.100.202210260954/tools/bin/../lib/gcc/arm-none-eabi/10.3.1/../../../../arm-none-eabi/lib/thumb/v6-m/nofp\libc_nano.a(lib_a-nano-mallocr.o)
                0x0000000020000a10                __malloc_sbrk_start
 .bss.errno     0x0000000020000a14        0x4 e:/apps/stm32cubeide_1.11.0/stm32cubeide/plugins/com.st.stm32cube.ide.mcu.externaltools.gnu-tools-for-stm32.10.3-2021.10.win32_1.0.100.202210260954/tools/bin/../lib/gcc/arm-none-eabi/10.3.1/../../../../arm-none-eabi/lib/thumb/v6-m/nofp\libc_nano.a(lib_a-reent.o)
                0x0000000020000a14                errno
 .bss.__lock___malloc_recursive_mutex
                0x0000000020000a18        0x1 e:/apps/stm32cubeide_1.11.0/stm32cubeide/plugins/com.st.stm32cube.ide.mcu.externaltools.gnu-tools-for-stm32.10.3-2021.10.win32_1.0.100.202210260954/tools/bin/../lib/gcc/arm-none-eabi/10.3.1/../../../../arm-none-eabi/lib/thumb/v6-m/nofp\libc_nano.a(lib_a-lock.o)
                0x0000000020000a18                __lock___malloc_recursive_mutex
 *(COMMON)
                0x0000000020000a1c                . = ALIGN (0x4)
 *fill*         0x0000000020000a19        0x3 
                0x0000000020000a1c                _ebss = .
                0x0000000020000a1c                __bss_end__ = _ebss

._user_heap_stack
                0x0000000020000a1c      0x604 load address 0x0000000008007fd8
                0x0000000020000a20                . = ALIGN (0x8)
 *fill*         0x0000000020000a1c        0x4 
                [!provide]                        PROVIDE (end = .)
                0x0000000020000a20                PROVIDE (_end = .)
                0x0000000020000c20                . = (. + _Min_Heap_Size)
 *fill*         0x0000000020000a20      0x200 
                0x0000000020001020                . = (. + _Min_Stack_Size)
 *fill*         0x0000000020000c20      0x400 
                0x0000000020001020                . = ALIGN (0x8)

/DISCARD/
 libc.a(*)
 libm.a(*)
 libgcc.a(*)

.ARM.attributes
                0x0000000000000000       0x28
 *(.ARM.attributes)
 .ARM.attributes
                0x0000000000000000       0x1e e:/apps/stm32cubeide_1.11.0/stm32cubeide/plugins/com.st.stm32cube.ide.mcu.externaltools.gnu-tools-for-stm32.10.3-2021.10.win32_1.0.100.202210260954/tools/bin/../lib/gcc/arm-none-eabi/10.3.1/thumb/v6-m/nofp/crti.o
 .ARM.attributes
                0x000000000000001e       0x2c e:/apps/stm32cubeide_1.11.0/stm32cubeide/plugins/com.st.stm32cube.ide.mcu.externaltools.gnu-tools-for-stm32.10.3-2021.10.win32_1.0.100.202210260954/tools/bin/../lib/gcc/arm-none-eabi/10.3.1/thumb/v6-m/nofp/crtbegin.o
 .ARM.attributes
                0x000000000000004a       0x2c ./Core/Src/dma.o
 .ARM.attributes
                0x0000000000000076       0x2c ./Core/Src/flash.o
 .ARM.attributes
                0x00000000000000a2       0x2c ./Core/Src/gpio.o
 .ARM.attributes
                0x00000000000000ce       0x2c ./Core/Src/i2c.o
 .ARM.attributes
                0x00000000000000fa       0x2c ./Core/Src/i2c_ex.o
 .ARM.attributes
                0x0000000000000126       0x2c ./Core/Src/main.o
 .ARM.attributes
                0x0000000000000152       0x2c ./Core/Src/stm32g0xx_hal_msp.o
 .ARM.attributes
                0x000000000000017e       0x2c ./Core/Src/stm32g0xx_it.o
 .ARM.attributes
                0x00000000000001aa       0x2c ./Core/Src/sysmem.o
 .ARM.attributes
                0x00000000000001d6       0x2c ./Core/Src/system_stm32g0xx.o
 .ARM.attributes
                0x0000000000000202       0x2c ./Core/Src/tim.o
 .ARM.attributes
                0x000000000000022e       0x2c ./Core/Src/ws2812.o
 .ARM.attributes
                0x000000000000025a       0x22 ./Core/Startup/startup_stm32g031g8ux.o
 .ARM.attributes
                0x000000000000027c       0x2c ./Drivers/STM32G0xx_HAL_Driver/Src/stm32g0xx_hal.o
 .ARM.attributes
                0x00000000000002a8       0x2c ./Drivers/STM32G0xx_HAL_Driver/Src/stm32g0xx_hal_cortex.o
 .ARM.attributes
                0x00000000000002d4       0x2c ./Drivers/STM32G0xx_HAL_Driver/Src/stm32g0xx_hal_dma.o
 .ARM.attributes
                0x0000000000000300       0x2c ./Drivers/STM32G0xx_HAL_Driver/Src/stm32g0xx_hal_flash.o
 .ARM.attributes
                0x000000000000032c       0x2c ./Drivers/STM32G0xx_HAL_Driver/Src/stm32g0xx_hal_flash_ex.o
 .ARM.attributes
                0x0000000000000358       0x2c ./Drivers/STM32G0xx_HAL_Driver/Src/stm32g0xx_hal_gpio.o
 .ARM.attributes
                0x0000000000000384       0x2c ./Drivers/STM32G0xx_HAL_Driver/Src/stm32g0xx_hal_tim.o
 .ARM.attributes
                0x00000000000003b0       0x2c ./Drivers/STM32G0xx_HAL_Driver/Src/stm32g0xx_hal_tim_ex.o
 .ARM.attributes
                0x00000000000003dc       0x2c ./Drivers/STM32G0xx_HAL_Driver/Src/stm32g0xx_ll_gpio.o
 .ARM.attributes
                0x0000000000000408       0x2c ./Drivers/STM32G0xx_HAL_Driver/Src/stm32g0xx_ll_i2c.o
 .ARM.attributes
                0x0000000000000434       0x2c ./Drivers/STM32G0xx_HAL_Driver/Src/stm32g0xx_ll_utils.o
 .ARM.attributes
                0x0000000000000460       0x2c e:/apps/stm32cubeide_1.11.0/stm32cubeide/plugins/com.st.stm32cube.ide.mcu.externaltools.gnu-tools-for-stm32.10.3-2021.10.win32_1.0.100.202210260954/tools/bin/../lib/gcc/arm-none-eabi/10.3.1/../../../../arm-none-eabi/lib/thumb/v6-m/nofp\libc_nano.a(lib_a-calloc.o)
 .ARM.attributes
                0x000000000000048c       0x2c e:/apps/stm32cubeide_1.11.0/stm32cubeide/plugins/com.st.stm32cube.ide.mcu.externaltools.gnu-tools-for-stm32.10.3-2021.10.win32_1.0.100.202210260954/tools/bin/../lib/gcc/arm-none-eabi/10.3.1/../../../../arm-none-eabi/lib/thumb/v6-m/nofp\libc_nano.a(lib_a-errno.o)
 .ARM.attributes
                0x00000000000004b8       0x2c e:/apps/stm32cubeide_1.11.0/stm32cubeide/plugins/com.st.stm32cube.ide.mcu.externaltools.gnu-tools-for-stm32.10.3-2021.10.win32_1.0.100.202210260954/tools/bin/../lib/gcc/arm-none-eabi/10.3.1/../../../../arm-none-eabi/lib/thumb/v6-m/nofp\libc_nano.a(lib_a-impure.o)
 .ARM.attributes
                0x00000000000004e4       0x2c e:/apps/stm32cubeide_1.11.0/stm32cubeide/plugins/com.st.stm32cube.ide.mcu.externaltools.gnu-tools-for-stm32.10.3-2021.10.win32_1.0.100.202210260954/tools/bin/../lib/gcc/arm-none-eabi/10.3.1/../../../../arm-none-eabi/lib/thumb/v6-m/nofp\libc_nano.a(lib_a-init.o)
 .ARM.attributes
                0x0000000000000510       0x2c e:/apps/stm32cubeide_1.11.0/stm32cubeide/plugins/com.st.stm32cube.ide.mcu.externaltools.gnu-tools-for-stm32.10.3-2021.10.win32_1.0.100.202210260954/tools/bin/../lib/gcc/arm-none-eabi/10.3.1/../../../../arm-none-eabi/lib/thumb/v6-m/nofp\libc_nano.a(lib_a-malloc.o)
 .ARM.attributes
                0x000000000000053c       0x2c e:/apps/stm32cubeide_1.11.0/stm32cubeide/plugins/com.st.stm32cube.ide.mcu.externaltools.gnu-tools-for-stm32.10.3-2021.10.win32_1.0.100.202210260954/tools/bin/../lib/gcc/arm-none-eabi/10.3.1/../../../../arm-none-eabi/lib/thumb/v6-m/nofp\libc_nano.a(lib_a-memcpy-stub.o)
 .ARM.attributes
                0x0000000000000568       0x2c e:/apps/stm32cubeide_1.11.0/stm32cubeide/plugins/com.st.stm32cube.ide.mcu.externaltools.gnu-tools-for-stm32.10.3-2021.10.win32_1.0.100.202210260954/tools/bin/../lib/gcc/arm-none-eabi/10.3.1/../../../../arm-none-eabi/lib/thumb/v6-m/nofp\libc_nano.a(lib_a-memset.o)
 .ARM.attributes
                0x0000000000000594       0x2c e:/apps/stm32cubeide_1.11.0/stm32cubeide/plugins/com.st.stm32cube.ide.mcu.externaltools.gnu-tools-for-stm32.10.3-2021.10.win32_1.0.100.202210260954/tools/bin/../lib/gcc/arm-none-eabi/10.3.1/../../../../arm-none-eabi/lib/thumb/v6-m/nofp\libc_nano.a(lib_a-nano-callocr.o)
 .ARM.attributes
                0x00000000000005c0       0x2c e:/apps/stm32cubeide_1.11.0/stm32cubeide/plugins/com.st.stm32cube.ide.mcu.externaltools.gnu-tools-for-stm32.10.3-2021.10.win32_1.0.100.202210260954/tools/bin/../lib/gcc/arm-none-eabi/10.3.1/../../../../arm-none-eabi/lib/thumb/v6-m/nofp\libc_nano.a(lib_a-nano-freer.o)
 .ARM.attributes
                0x00000000000005ec       0x2c e:/apps/stm32cubeide_1.11.0/stm32cubeide/plugins/com.st.stm32cube.ide.mcu.externaltools.gnu-tools-for-stm32.10.3-2021.10.win32_1.0.100.202210260954/tools/bin/../lib/gcc/arm-none-eabi/10.3.1/../../../../arm-none-eabi/lib/thumb/v6-m/nofp\libc_nano.a(lib_a-nano-mallocr.o)
 .ARM.attributes
                0x0000000000000618       0x2c e:/apps/stm32cubeide_1.11.0/stm32cubeide/plugins/com.st.stm32cube.ide.mcu.externaltools.gnu-tools-for-stm32.10.3-2021.10.win32_1.0.100.202210260954/tools/bin/../lib/gcc/arm-none-eabi/10.3.1/../../../../arm-none-eabi/lib/thumb/v6-m/nofp\libc_nano.a(lib_a-sbrkr.o)
 .ARM.attributes
                0x0000000000000644       0x2c e:/apps/stm32cubeide_1.11.0/stm32cubeide/plugins/com.st.stm32cube.ide.mcu.externaltools.gnu-tools-for-stm32.10.3-2021.10.win32_1.0.100.202210260954/tools/bin/../lib/gcc/arm-none-eabi/10.3.1/../../../../arm-none-eabi/lib/thumb/v6-m/nofp\libc_nano.a(lib_a-mlock.o)
 .ARM.attributes
                0x0000000000000670       0x2c e:/apps/stm32cubeide_1.11.0/stm32cubeide/plugins/com.st.stm32cube.ide.mcu.externaltools.gnu-tools-for-stm32.10.3-2021.10.win32_1.0.100.202210260954/tools/bin/../lib/gcc/arm-none-eabi/10.3.1/../../../../arm-none-eabi/lib/thumb/v6-m/nofp\libc_nano.a(lib_a-reent.o)
 .ARM.attributes
                0x000000000000069c       0x2c e:/apps/stm32cubeide_1.11.0/stm32cubeide/plugins/com.st.stm32cube.ide.mcu.externaltools.gnu-tools-for-stm32.10.3-2021.10.win32_1.0.100.202210260954/tools/bin/../lib/gcc/arm-none-eabi/10.3.1/../../../../arm-none-eabi/lib/thumb/v6-m/nofp\libc_nano.a(lib_a-lock.o)
 .ARM.attributes
                0x00000000000006c8       0x1e e:/apps/stm32cubeide_1.11.0/stm32cubeide/plugins/com.st.stm32cube.ide.mcu.externaltools.gnu-tools-for-stm32.10.3-2021.10.win32_1.0.100.202210260954/tools/bin/../lib/gcc/arm-none-eabi/10.3.1/thumb/v6-m/nofp\libgcc.a(_udivsi3.o)
 .ARM.attributes
                0x00000000000006e6       0x1e e:/apps/stm32cubeide_1.11.0/stm32cubeide/plugins/com.st.stm32cube.ide.mcu.externaltools.gnu-tools-for-stm32.10.3-2021.10.win32_1.0.100.202210260954/tools/bin/../lib/gcc/arm-none-eabi/10.3.1/thumb/v6-m/nofp\libgcc.a(_dvmd_tls.o)
 .ARM.attributes
                0x0000000000000704       0x2c e:/apps/stm32cubeide_1.11.0/stm32cubeide/plugins/com.st.stm32cube.ide.mcu.externaltools.gnu-tools-for-stm32.10.3-2021.10.win32_1.0.100.202210260954/tools/bin/../lib/gcc/arm-none-eabi/10.3.1/thumb/v6-m/nofp\libgcc.a(_fixunssfsi.o)
 .ARM.attributes
                0x0000000000000730       0x2c e:/apps/stm32cubeide_1.11.0/stm32cubeide/plugins/com.st.stm32cube.ide.mcu.externaltools.gnu-tools-for-stm32.10.3-2021.10.win32_1.0.100.202210260954/tools/bin/../lib/gcc/arm-none-eabi/10.3.1/thumb/v6-m/nofp\libgcc.a(divsf3.o)
 .ARM.attributes
                0x000000000000075c       0x2c e:/apps/stm32cubeide_1.11.0/stm32cubeide/plugins/com.st.stm32cube.ide.mcu.externaltools.gnu-tools-for-stm32.10.3-2021.10.win32_1.0.100.202210260954/tools/bin/../lib/gcc/arm-none-eabi/10.3.1/thumb/v6-m/nofp\libgcc.a(mulsf3.o)
 .ARM.attributes
                0x0000000000000788       0x2c e:/apps/stm32cubeide_1.11.0/stm32cubeide/plugins/com.st.stm32cube.ide.mcu.externaltools.gnu-tools-for-stm32.10.3-2021.10.win32_1.0.100.202210260954/tools/bin/../lib/gcc/arm-none-eabi/10.3.1/thumb/v6-m/nofp\libgcc.a(subsf3.o)
 .ARM.attributes
                0x00000000000007b4       0x2c e:/apps/stm32cubeide_1.11.0/stm32cubeide/plugins/com.st.stm32cube.ide.mcu.externaltools.gnu-tools-for-stm32.10.3-2021.10.win32_1.0.100.202210260954/tools/bin/../lib/gcc/arm-none-eabi/10.3.1/thumb/v6-m/nofp\libgcc.a(fixsfsi.o)
 .ARM.attributes
                0x00000000000007e0       0x2c e:/apps/stm32cubeide_1.11.0/stm32cubeide/plugins/com.st.stm32cube.ide.mcu.externaltools.gnu-tools-for-stm32.10.3-2021.10.win32_1.0.100.202210260954/tools/bin/../lib/gcc/arm-none-eabi/10.3.1/thumb/v6-m/nofp\libgcc.a(floatunsisf.o)
 .ARM.attributes
                0x000000000000080c       0x1e e:/apps/stm32cubeide_1.11.0/stm32cubeide/plugins/com.st.stm32cube.ide.mcu.externaltools.gnu-tools-for-stm32.10.3-2021.10.win32_1.0.100.202210260954/tools/bin/../lib/gcc/arm-none-eabi/10.3.1/thumb/v6-m/nofp\libgcc.a(_arm_cmpsf2.o)
 .ARM.attributes
                0x000000000000082a       0x1e e:/apps/stm32cubeide_1.11.0/stm32cubeide/plugins/com.st.stm32cube.ide.mcu.externaltools.gnu-tools-for-stm32.10.3-2021.10.win32_1.0.100.202210260954/tools/bin/../lib/gcc/arm-none-eabi/10.3.1/thumb/v6-m/nofp\libgcc.a(_clzsi2.o)
 .ARM.attributes
                0x0000000000000848       0x2c e:/apps/stm32cubeide_1.11.0/stm32cubeide/plugins/com.st.stm32cube.ide.mcu.externaltools.gnu-tools-for-stm32.10.3-2021.10.win32_1.0.100.202210260954/tools/bin/../lib/gcc/arm-none-eabi/10.3.1/thumb/v6-m/nofp\libgcc.a(eqsf2.o)
 .ARM.attributes
                0x0000000000000874       0x2c e:/apps/stm32cubeide_1.11.0/stm32cubeide/plugins/com.st.stm32cube.ide.mcu.externaltools.gnu-tools-for-stm32.10.3-2021.10.win32_1.0.100.202210260954/tools/bin/../lib/gcc/arm-none-eabi/10.3.1/thumb/v6-m/nofp\libgcc.a(gesf2.o)
 .ARM.attributes
                0x00000000000008a0       0x2c e:/apps/stm32cubeide_1.11.0/stm32cubeide/plugins/com.st.stm32cube.ide.mcu.externaltools.gnu-tools-for-stm32.10.3-2021.10.win32_1.0.100.202210260954/tools/bin/../lib/gcc/arm-none-eabi/10.3.1/thumb/v6-m/nofp\libgcc.a(lesf2.o)
 .ARM.attributes
                0x00000000000008cc       0x1e e:/apps/stm32cubeide_1.11.0/stm32cubeide/plugins/com.st.stm32cube.ide.mcu.externaltools.gnu-tools-for-stm32.10.3-2021.10.win32_1.0.100.202210260954/tools/bin/../lib/gcc/arm-none-eabi/10.3.1/thumb/v6-m/nofp/crtn.o
OUTPUT(Byte_Switch.elf elf32-littlearm)
LOAD linker stubs
LOAD e:/apps/stm32cubeide_1.11.0/stm32cubeide/plugins/com.st.stm32cube.ide.mcu.externaltools.gnu-tools-for-stm32.10.3-2021.10.win32_1.0.100.202210260954/tools/bin/../lib/gcc/arm-none-eabi/10.3.1/../../../../arm-none-eabi/lib/thumb/v6-m/nofp\libc.a
LOAD e:/apps/stm32cubeide_1.11.0/stm32cubeide/plugins/com.st.stm32cube.ide.mcu.externaltools.gnu-tools-for-stm32.10.3-2021.10.win32_1.0.100.202210260954/tools/bin/../lib/gcc/arm-none-eabi/10.3.1/../../../../arm-none-eabi/lib/thumb/v6-m/nofp\libm.a
LOAD e:/apps/stm32cubeide_1.11.0/stm32cubeide/plugins/com.st.stm32cube.ide.mcu.externaltools.gnu-tools-for-stm32.10.3-2021.10.win32_1.0.100.202210260954/tools/bin/../lib/gcc/arm-none-eabi/10.3.1/thumb/v6-m/nofp\libgcc.a

.debug_info     0x0000000000000000     0xf213
 .debug_info    0x0000000000000000      0x388 ./Core/Src/dma.o
 .debug_info    0x0000000000000388      0x342 ./Core/Src/flash.o
 .debug_info    0x00000000000006ca      0x538 ./Core/Src/gpio.o
 .debug_info    0x0000000000000c02      0x9df ./Core/Src/i2c.o
 .debug_info    0x00000000000015e1      0x88b ./Core/Src/i2c_ex.o
 .debug_info    0x0000000000001e6c     0x196c ./Core/Src/main.o
 .debug_info    0x00000000000037d8      0x296 ./Core/Src/stm32g0xx_hal_msp.o
 .debug_info    0x0000000000003a6e      0x5b7 ./Core/Src/stm32g0xx_it.o
 .debug_info    0x0000000000004025      0x171 ./Core/Src/sysmem.o
 .debug_info    0x0000000000004196      0x34d ./Core/Src/system_stm32g0xx.o
 .debug_info    0x00000000000044e3      0xceb ./Core/Src/tim.o
 .debug_info    0x00000000000051ce      0xef4 ./Core/Src/ws2812.o
 .debug_info    0x00000000000060c2       0x22 ./Core/Startup/startup_stm32g031g8ux.o
 .debug_info    0x00000000000060e4      0xa94 ./Drivers/STM32G0xx_HAL_Driver/Src/stm32g0xx_hal.o
 .debug_info    0x0000000000006b78      0x94b ./Drivers/STM32G0xx_HAL_Driver/Src/stm32g0xx_hal_cortex.o
 .debug_info    0x00000000000074c3      0x8c8 ./Drivers/STM32G0xx_HAL_Driver/Src/stm32g0xx_hal_dma.o
 .debug_info    0x0000000000007d8b      0x6c0 ./Drivers/STM32G0xx_HAL_Driver/Src/stm32g0xx_hal_flash.o
 .debug_info    0x000000000000844b      0x99c ./Drivers/STM32G0xx_HAL_Driver/Src/stm32g0xx_hal_flash_ex.o
 .debug_info    0x0000000000008de7      0x5d7 ./Drivers/STM32G0xx_HAL_Driver/Src/stm32g0xx_hal_gpio.o
 .debug_info    0x00000000000093be     0x2e3a ./Drivers/STM32G0xx_HAL_Driver/Src/stm32g0xx_hal_tim.o
 .debug_info    0x000000000000c1f8     0x1a19 ./Drivers/STM32G0xx_HAL_Driver/Src/stm32g0xx_hal_tim_ex.o
 .debug_info    0x000000000000dc11      0x64f ./Drivers/STM32G0xx_HAL_Driver/Src/stm32g0xx_ll_gpio.o
 .debug_info    0x000000000000e260      0x675 ./Drivers/STM32G0xx_HAL_Driver/Src/stm32g0xx_ll_i2c.o
 .debug_info    0x000000000000e8d5      0x93e ./Drivers/STM32G0xx_HAL_Driver/Src/stm32g0xx_ll_utils.o

.debug_abbrev   0x0000000000000000     0x2dc3
 .debug_abbrev  0x0000000000000000      0x111 ./Core/Src/dma.o
 .debug_abbrev  0x0000000000000111      0x16f ./Core/Src/flash.o
 .debug_abbrev  0x0000000000000280      0x187 ./Core/Src/gpio.o
 .debug_abbrev  0x0000000000000407      0x1f3 ./Core/Src/i2c.o
 .debug_abbrev  0x00000000000005fa      0x251 ./Core/Src/i2c_ex.o
 .debug_abbrev  0x000000000000084b      0x3db ./Core/Src/main.o
 .debug_abbrev  0x0000000000000c26       0xdb ./Core/Src/stm32g0xx_hal_msp.o
 .debug_abbrev  0x0000000000000d01      0x1b4 ./Core/Src/stm32g0xx_it.o
 .debug_abbrev  0x0000000000000eb5       0xbb ./Core/Src/sysmem.o
 .debug_abbrev  0x0000000000000f70      0x116 ./Core/Src/system_stm32g0xx.o
 .debug_abbrev  0x0000000000001086      0x202 ./Core/Src/tim.o
 .debug_abbrev  0x0000000000001288      0x2a5 ./Core/Src/ws2812.o
 .debug_abbrev  0x000000000000152d       0x12 ./Core/Startup/startup_stm32g031g8ux.o
 .debug_abbrev  0x000000000000153f      0x2a9 ./Drivers/STM32G0xx_HAL_Driver/Src/stm32g0xx_hal.o
 .debug_abbrev  0x00000000000017e8      0x29f ./Drivers/STM32G0xx_HAL_Driver/Src/stm32g0xx_hal_cortex.o
 .debug_abbrev  0x0000000000001a87      0x1db ./Drivers/STM32G0xx_HAL_Driver/Src/stm32g0xx_hal_dma.o
 .debug_abbrev  0x0000000000001c62      0x2e8 ./Drivers/STM32G0xx_HAL_Driver/Src/stm32g0xx_hal_flash.o
 .debug_abbrev  0x0000000000001f4a      0x254 ./Drivers/STM32G0xx_HAL_Driver/Src/stm32g0xx_hal_flash_ex.o
 .debug_abbrev  0x000000000000219e      0x1b9 ./Drivers/STM32G0xx_HAL_Driver/Src/stm32g0xx_hal_gpio.o
 .debug_abbrev  0x0000000000002357      0x286 ./Drivers/STM32G0xx_HAL_Driver/Src/stm32g0xx_hal_tim.o
 .debug_abbrev  0x00000000000025dd      0x292 ./Drivers/STM32G0xx_HAL_Driver/Src/stm32g0xx_hal_tim_ex.o
 .debug_abbrev  0x000000000000286f      0x1a2 ./Drivers/STM32G0xx_HAL_Driver/Src/stm32g0xx_ll_gpio.o
 .debug_abbrev  0x0000000000002a11      0x180 ./Drivers/STM32G0xx_HAL_Driver/Src/stm32g0xx_ll_i2c.o
 .debug_abbrev  0x0000000000002b91      0x232 ./Drivers/STM32G0xx_HAL_Driver/Src/stm32g0xx_ll_utils.o

.debug_aranges  0x0000000000000000     0x1080
 .debug_aranges
                0x0000000000000000       0x20 ./Core/Src/dma.o
 .debug_aranges
                0x0000000000000020       0x40 ./Core/Src/flash.o
 .debug_aranges
                0x0000000000000060       0x28 ./Core/Src/gpio.o
 .debug_aranges
                0x0000000000000088       0x70 ./Core/Src/i2c.o
 .debug_aranges
                0x00000000000000f8      0x138 ./Core/Src/i2c_ex.o
 .debug_aranges
                0x0000000000000230       0xe8 ./Core/Src/main.o
 .debug_aranges
                0x0000000000000318       0x20 ./Core/Src/stm32g0xx_hal_msp.o
 .debug_aranges
                0x0000000000000338       0x68 ./Core/Src/stm32g0xx_it.o
 .debug_aranges
                0x00000000000003a0       0x20 ./Core/Src/sysmem.o
 .debug_aranges
                0x00000000000003c0       0x28 ./Core/Src/system_stm32g0xx.o
 .debug_aranges
                0x00000000000003e8       0x38 ./Core/Src/tim.o
 .debug_aranges
                0x0000000000000420       0x88 ./Core/Src/ws2812.o
 .debug_aranges
                0x00000000000004a8       0x28 ./Core/Startup/startup_stm32g031g8ux.o
 .debug_aranges
                0x00000000000004d0      0x128 ./Drivers/STM32G0xx_HAL_Driver/Src/stm32g0xx_hal.o
 .debug_aranges
                0x00000000000005f8       0xe8 ./Drivers/STM32G0xx_HAL_Driver/Src/stm32g0xx_hal_cortex.o
 .debug_aranges
                0x00000000000006e0       0x90 ./Drivers/STM32G0xx_HAL_Driver/Src/stm32g0xx_hal_dma.o
 .debug_aranges
                0x0000000000000770       0x88 ./Drivers/STM32G0xx_HAL_Driver/Src/stm32g0xx_hal_flash.o
 .debug_aranges
                0x00000000000007f8       0xd0 ./Drivers/STM32G0xx_HAL_Driver/Src/stm32g0xx_hal_flash_ex.o
 .debug_aranges
                0x00000000000008c8       0x60 ./Drivers/STM32G0xx_HAL_Driver/Src/stm32g0xx_hal_gpio.o
 .debug_aranges
                0x0000000000000928      0x3e0 ./Drivers/STM32G0xx_HAL_Driver/Src/stm32g0xx_hal_tim.o
 .debug_aranges
                0x0000000000000d08      0x198 ./Drivers/STM32G0xx_HAL_Driver/Src/stm32g0xx_hal_tim_ex.o
 .debug_aranges
                0x0000000000000ea0       0x70 ./Drivers/STM32G0xx_HAL_Driver/Src/stm32g0xx_ll_gpio.o
 .debug_aranges
                0x0000000000000f10       0x88 ./Drivers/STM32G0xx_HAL_Driver/Src/stm32g0xx_ll_i2c.o
 .debug_aranges
                0x0000000000000f98       0xe8 ./Drivers/STM32G0xx_HAL_Driver/Src/stm32g0xx_ll_utils.o

.debug_ranges   0x0000000000000000      0xf08
 .debug_ranges  0x0000000000000000       0x10 ./Core/Src/dma.o
 .debug_ranges  0x0000000000000010       0x30 ./Core/Src/flash.o
 .debug_ranges  0x0000000000000040       0x18 ./Core/Src/gpio.o
 .debug_ranges  0x0000000000000058       0x60 ./Core/Src/i2c.o
 .debug_ranges  0x00000000000000b8      0x128 ./Core/Src/i2c_ex.o
 .debug_ranges  0x00000000000001e0       0xd8 ./Core/Src/main.o
 .debug_ranges  0x00000000000002b8       0x10 ./Core/Src/stm32g0xx_hal_msp.o
 .debug_ranges  0x00000000000002c8       0x58 ./Core/Src/stm32g0xx_it.o
 .debug_ranges  0x0000000000000320       0x10 ./Core/Src/sysmem.o
 .debug_ranges  0x0000000000000330       0x18 ./Core/Src/system_stm32g0xx.o
 .debug_ranges  0x0000000000000348       0x28 ./Core/Src/tim.o
 .debug_ranges  0x0000000000000370       0x78 ./Core/Src/ws2812.o
 .debug_ranges  0x00000000000003e8       0x20 ./Core/Startup/startup_stm32g031g8ux.o
 .debug_ranges  0x0000000000000408      0x118 ./Drivers/STM32G0xx_HAL_Driver/Src/stm32g0xx_hal.o
 .debug_ranges  0x0000000000000520       0xd8 ./Drivers/STM32G0xx_HAL_Driver/Src/stm32g0xx_hal_cortex.o
 .debug_ranges  0x00000000000005f8       0x80 ./Drivers/STM32G0xx_HAL_Driver/Src/stm32g0xx_hal_dma.o
 .debug_ranges  0x0000000000000678       0x78 ./Drivers/STM32G0xx_HAL_Driver/Src/stm32g0xx_hal_flash.o
 .debug_ranges  0x00000000000006f0       0xc0 ./Drivers/STM32G0xx_HAL_Driver/Src/stm32g0xx_hal_flash_ex.o
 .debug_ranges  0x00000000000007b0       0x50 ./Drivers/STM32G0xx_HAL_Driver/Src/stm32g0xx_hal_gpio.o
 .debug_ranges  0x0000000000000800      0x3d0 ./Drivers/STM32G0xx_HAL_Driver/Src/stm32g0xx_hal_tim.o
 .debug_ranges  0x0000000000000bd0      0x188 ./Drivers/STM32G0xx_HAL_Driver/Src/stm32g0xx_hal_tim_ex.o
 .debug_ranges  0x0000000000000d58       0x60 ./Drivers/STM32G0xx_HAL_Driver/Src/stm32g0xx_ll_gpio.o
 .debug_ranges  0x0000000000000db8       0x78 ./Drivers/STM32G0xx_HAL_Driver/Src/stm32g0xx_ll_i2c.o
 .debug_ranges  0x0000000000000e30       0xd8 ./Drivers/STM32G0xx_HAL_Driver/Src/stm32g0xx_ll_utils.o

.debug_macro    0x0000000000000000    0x18997
 .debug_macro   0x0000000000000000      0x234 ./Core/Src/dma.o
 .debug_macro   0x0000000000000234      0xa54 ./Core/Src/dma.o
 .debug_macro   0x0000000000000c88      0x117 ./Core/Src/dma.o
 .debug_macro   0x0000000000000d9f       0x2e ./Core/Src/dma.o
 .debug_macro   0x0000000000000dcd       0x28 ./Core/Src/dma.o
 .debug_macro   0x0000000000000df5       0x22 ./Core/Src/dma.o
 .debug_macro   0x0000000000000e17       0x8e ./Core/Src/dma.o
 .debug_macro   0x0000000000000ea5       0x51 ./Core/Src/dma.o
 .debug_macro   0x0000000000000ef6      0x103 ./Core/Src/dma.o
 .debug_macro   0x0000000000000ff9       0x6a ./Core/Src/dma.o
 .debug_macro   0x0000000000001063      0x1df ./Core/Src/dma.o
 .debug_macro   0x0000000000001242       0x1c ./Core/Src/dma.o
 .debug_macro   0x000000000000125e       0x22 ./Core/Src/dma.o
 .debug_macro   0x0000000000001280       0xd1 ./Core/Src/dma.o
 .debug_macro   0x0000000000001351      0x4da ./Core/Src/dma.o
 .debug_macro   0x000000000000182b      0x11f ./Core/Src/dma.o
 .debug_macro   0x000000000000194a     0xac2c ./Core/Src/dma.o
 .debug_macro   0x000000000000c576       0x66 ./Core/Src/dma.o
 .debug_macro   0x000000000000c5dc     0x350e ./Core/Src/dma.o
 .debug_macro   0x000000000000faea      0x174 ./Core/Src/dma.o
 .debug_macro   0x000000000000fc5e       0x5c ./Core/Src/dma.o
 .debug_macro   0x000000000000fcba      0x526 ./Core/Src/dma.o
 .debug_macro   0x00000000000101e0      0xf70 ./Core/Src/dma.o
 .debug_macro   0x0000000000011150      0x1d8 ./Core/Src/dma.o
 .debug_macro   0x0000000000011328      0x1cf ./Core/Src/dma.o
 .debug_macro   0x00000000000114f7      0x122 ./Core/Src/dma.o
 .debug_macro   0x0000000000011619      0x390 ./Core/Src/dma.o
 .debug_macro   0x00000000000119a9      0x209 ./Core/Src/dma.o
 .debug_macro   0x0000000000011bb2      0x2ff ./Core/Src/dma.o
 .debug_macro   0x0000000000011eb1      0x1b2 ./Core/Src/dma.o
 .debug_macro   0x0000000000012063       0x43 ./Core/Src/dma.o
 .debug_macro   0x00000000000120a6      0x1f1 ./Core/Src/dma.o
 .debug_macro   0x0000000000012297      0x1d6 ./Core/Src/dma.o
 .debug_macro   0x000000000001246d      0x38a ./Core/Src/dma.o
 .debug_macro   0x00000000000127f7       0x28 ./Core/Src/dma.o
 .debug_macro   0x000000000001281f       0xe4 ./Core/Src/dma.o
 .debug_macro   0x0000000000012903      0x10c ./Core/Src/dma.o
 .debug_macro   0x0000000000012a0f      0x240 ./Core/Src/dma.o
 .debug_macro   0x0000000000012c4f      0xac2 ./Core/Src/dma.o
 .debug_macro   0x0000000000013711      0x135 ./Core/Src/dma.o
 .debug_macro   0x0000000000013846      0x49d ./Core/Src/dma.o
 .debug_macro   0x0000000000013ce3      0x24d ./Core/Src/dma.o
 .debug_macro   0x0000000000013f30       0xee ./Core/Src/dma.o
 .debug_macro   0x000000000001401e      0x156 ./Core/Src/dma.o
 .debug_macro   0x0000000000014174      0x192 ./Core/Src/dma.o
 .debug_macro   0x0000000000014306      0x174 ./Core/Src/dma.o
 .debug_macro   0x000000000001447a       0x5a ./Core/Src/dma.o
 .debug_macro   0x00000000000144d4      0x1c7 ./Core/Src/dma.o
 .debug_macro   0x000000000001469b      0x131 ./Core/Src/dma.o
 .debug_macro   0x00000000000147cc       0xa0 ./Core/Src/dma.o
 .debug_macro   0x000000000001486c      0x1e7 ./Core/Src/flash.o
 .debug_macro   0x0000000000014a53       0x22 ./Core/Src/flash.o
 .debug_macro   0x0000000000014a75       0x7c ./Core/Src/flash.o
 .debug_macro   0x0000000000014af1      0x234 ./Core/Src/gpio.o
 .debug_macro   0x0000000000014d25      0x23e ./Core/Src/i2c.o
 .debug_macro   0x0000000000014f63      0x3dd ./Core/Src/i2c_ex.o
 .debug_macro   0x0000000000015340       0x52 ./Core/Src/i2c_ex.o
 .debug_macro   0x0000000000015392       0x18 ./Core/Src/i2c_ex.o
 .debug_macro   0x00000000000153aa       0x3c ./Core/Src/i2c_ex.o
 .debug_macro   0x00000000000153e6       0x34 ./Core/Src/i2c_ex.o
 .debug_macro   0x000000000001541a       0x16 ./Core/Src/i2c_ex.o
 .debug_macro   0x0000000000015430       0x35 ./Core/Src/i2c_ex.o
 .debug_macro   0x0000000000015465      0x341 ./Core/Src/i2c_ex.o
 .debug_macro   0x00000000000157a6       0x10 ./Core/Src/i2c_ex.o
 .debug_macro   0x00000000000157b6       0x16 ./Core/Src/i2c_ex.o
 .debug_macro   0x00000000000157cc       0x43 ./Core/Src/i2c_ex.o
 .debug_macro   0x000000000001580f       0x34 ./Core/Src/i2c_ex.o
 .debug_macro   0x0000000000015843       0x10 ./Core/Src/i2c_ex.o
 .debug_macro   0x0000000000015853       0x58 ./Core/Src/i2c_ex.o
 .debug_macro   0x00000000000158ab       0x71 ./Core/Src/i2c_ex.o
 .debug_macro   0x000000000001591c       0x1c ./Core/Src/i2c_ex.o
 .debug_macro   0x0000000000015938      0x12a ./Core/Src/i2c_ex.o
 .debug_macro   0x0000000000015a62       0x10 ./Core/Src/i2c_ex.o
 .debug_macro   0x0000000000015a72       0x1c ./Core/Src/i2c_ex.o
 .debug_macro   0x0000000000015a8e       0x52 ./Core/Src/i2c_ex.o
 .debug_macro   0x0000000000015ae0       0x22 ./Core/Src/i2c_ex.o
 .debug_macro   0x0000000000015b02       0x10 ./Core/Src/i2c_ex.o
 .debug_macro   0x0000000000015b12       0x52 ./Core/Src/i2c_ex.o
 .debug_macro   0x0000000000015b64       0xd5 ./Core/Src/i2c_ex.o
 .debug_macro   0x0000000000015c39       0x1c ./Core/Src/i2c_ex.o
 .debug_macro   0x0000000000015c55       0x3d ./Core/Src/i2c_ex.o
 .debug_macro   0x0000000000015c92       0x16 ./Core/Src/i2c_ex.o
 .debug_macro   0x0000000000015ca8      0x145 ./Core/Src/i2c_ex.o
 .debug_macro   0x0000000000015ded       0x16 ./Core/Src/i2c_ex.o
 .debug_macro   0x0000000000015e03       0x20 ./Core/Src/i2c_ex.o
 .debug_macro   0x0000000000015e23      0x36b ./Core/Src/main.o
 .debug_macro   0x000000000001618e       0x10 ./Core/Src/main.o
 .debug_macro   0x000000000001619e       0x22 ./Core/Src/main.o
 .debug_macro   0x00000000000161c0      0x22a ./Core/Src/stm32g0xx_hal_msp.o
 .debug_macro   0x00000000000163ea      0x234 ./Core/Src/stm32g0xx_it.o
 .debug_macro   0x000000000001661e       0xff ./Core/Src/sysmem.o
 .debug_macro   0x000000000001671d      0x23b ./Core/Src/sysmem.o
 .debug_macro   0x0000000000016958      0x1cb ./Core/Src/system_stm32g0xx.o
 .debug_macro   0x0000000000016b23      0x234 ./Core/Src/tim.o
 .debug_macro   0x0000000000016d57      0x33f ./Core/Src/ws2812.o
 .debug_macro   0x0000000000017096       0x1c ./Core/Src/ws2812.o
 .debug_macro   0x00000000000170b2      0x1ef ./Drivers/STM32G0xx_HAL_Driver/Src/stm32g0xx_hal.o
 .debug_macro   0x00000000000172a1      0x1cb ./Drivers/STM32G0xx_HAL_Driver/Src/stm32g0xx_hal_cortex.o
 .debug_macro   0x000000000001746c      0x1cb ./Drivers/STM32G0xx_HAL_Driver/Src/stm32g0xx_hal_dma.o
 .debug_macro   0x0000000000017637      0x1cb ./Drivers/STM32G0xx_HAL_Driver/Src/stm32g0xx_hal_flash.o
 .debug_macro   0x0000000000017802      0x1cb ./Drivers/STM32G0xx_HAL_Driver/Src/stm32g0xx_hal_flash_ex.o
 .debug_macro   0x00000000000179cd      0x1d2 ./Drivers/STM32G0xx_HAL_Driver/Src/stm32g0xx_hal_gpio.o
 .debug_macro   0x0000000000017b9f      0x1d3 ./Drivers/STM32G0xx_HAL_Driver/Src/stm32g0xx_hal_tim.o
 .debug_macro   0x0000000000017d72      0x1d1 ./Drivers/STM32G0xx_HAL_Driver/Src/stm32g0xx_hal_tim_ex.o
 .debug_macro   0x0000000000017f43      0x20d ./Drivers/STM32G0xx_HAL_Driver/Src/stm32g0xx_ll_gpio.o
 .debug_macro   0x0000000000018150      0x12b ./Drivers/STM32G0xx_HAL_Driver/Src/stm32g0xx_ll_gpio.o
 .debug_macro   0x000000000001827b      0x20d ./Drivers/STM32G0xx_HAL_Driver/Src/stm32g0xx_ll_i2c.o
 .debug_macro   0x0000000000018488      0x247 ./Drivers/STM32G0xx_HAL_Driver/Src/stm32g0xx_ll_i2c.o
 .debug_macro   0x00000000000186cf      0x274 ./Drivers/STM32G0xx_HAL_Driver/Src/stm32g0xx_ll_utils.o
 .debug_macro   0x0000000000018943       0x54 ./Drivers/STM32G0xx_HAL_Driver/Src/stm32g0xx_ll_utils.o

.debug_line     0x0000000000000000    0x12fcc
 .debug_line    0x0000000000000000      0x791 ./Core/Src/dma.o
 .debug_line    0x0000000000000791      0x945 ./Core/Src/flash.o
 .debug_line    0x00000000000010d6      0x7e0 ./Core/Src/gpio.o
 .debug_line    0x00000000000018b6      0x9c5 ./Core/Src/i2c.o
 .debug_line    0x000000000000227b      0xe81 ./Core/Src/i2c_ex.o
 .debug_line    0x00000000000030fc     0x13fe ./Core/Src/main.o
 .debug_line    0x00000000000044fa      0x795 ./Core/Src/stm32g0xx_hal_msp.o
 .debug_line    0x0000000000004c8f      0x9a3 ./Core/Src/stm32g0xx_it.o
 .debug_line    0x0000000000005632      0x4fe ./Core/Src/sysmem.o
 .debug_line    0x0000000000005b30      0x74e ./Core/Src/system_stm32g0xx.o
 .debug_line    0x000000000000627e      0x85f ./Core/Src/tim.o
 .debug_line    0x0000000000006add      0xd44 ./Core/Src/ws2812.o
 .debug_line    0x0000000000007821       0x89 ./Core/Startup/startup_stm32g031g8ux.o
 .debug_line    0x00000000000078aa      0xa9c ./Drivers/STM32G0xx_HAL_Driver/Src/stm32g0xx_hal.o
 .debug_line    0x0000000000008346      0xb33 ./Drivers/STM32G0xx_HAL_Driver/Src/stm32g0xx_hal_cortex.o
 .debug_line    0x0000000000008e79      0xd25 ./Drivers/STM32G0xx_HAL_Driver/Src/stm32g0xx_hal_dma.o
 .debug_line    0x0000000000009b9e      0xa23 ./Drivers/STM32G0xx_HAL_Driver/Src/stm32g0xx_hal_flash.o
 .debug_line    0x000000000000a5c1      0xbd2 ./Drivers/STM32G0xx_HAL_Driver/Src/stm32g0xx_hal_flash_ex.o
 .debug_line    0x000000000000b193      0xaf1 ./Drivers/STM32G0xx_HAL_Driver/Src/stm32g0xx_hal_gpio.o
 .debug_line    0x000000000000bc84     0x3b36 ./Drivers/STM32G0xx_HAL_Driver/Src/stm32g0xx_hal_tim.o
 .debug_line    0x000000000000f7ba     0x1bba ./Drivers/STM32G0xx_HAL_Driver/Src/stm32g0xx_hal_tim_ex.o
 .debug_line    0x0000000000011374      0x895 ./Drivers/STM32G0xx_HAL_Driver/Src/stm32g0xx_ll_gpio.o
 .debug_line    0x0000000000011c09      0x889 ./Drivers/STM32G0xx_HAL_Driver/Src/stm32g0xx_ll_i2c.o
 .debug_line    0x0000000000012492      0xb3a ./Drivers/STM32G0xx_HAL_Driver/Src/stm32g0xx_ll_utils.o

.debug_str      0x0000000000000000    0x9492a
 .debug_str     0x0000000000000000    0x8add3 ./Core/Src/dma.o
                                      0x8b396 (size before relaxing)
 .debug_str     0x000000000008add3      0x7d7 ./Core/Src/flash.o
                                      0x86f60 (size before relaxing)
 .debug_str     0x000000000008b5aa       0xa9 ./Core/Src/gpio.o
                                      0x8b44b (size before relaxing)