Archive member included to satisfy reference by file (symbol)

e:/apps/stm32cubeide_1.11.0/stm32cubeide/plugins/com.st.stm32cube.ide.mcu.externaltools.gnu-tools-for-stm32.10.3-2021.10.win32_1.0.100.202210260954/tools/bin/../lib/gcc/arm-none-eabi/10.3.1/../../../../arm-none-eabi/lib/thumb/v6-m/nofp\libc_nano.a(lib_a-calloc.o)
                              ./Core/Src/ws2812.o (calloc)
e:/apps/stm32cubeide_1.11.0/stm32cubeide/plugins/com.st.stm32cube.ide.mcu.externaltools.gnu-tools-for-stm32.10.3-2021.10.win32_1.0.100.202210260954/tools/bin/../lib/gcc/arm-none-eabi/10.3.1/../../../../arm-none-eabi/lib/thumb/v6-m/nofp\libc_nano.a(lib_a-errno.o)
                              ./Core/Src/syscalls.o (__errno)
e:/apps/stm32cubeide_1.11.0/stm32cubeide/plugins/com.st.stm32cube.ide.mcu.externaltools.gnu-tools-for-stm32.10.3-2021.10.win32_1.0.100.202210260954/tools/bin/../lib/gcc/arm-none-eabi/10.3.1/../../../../arm-none-eabi/lib/thumb/v6-m/nofp\libc_nano.a(lib_a-exit.o)
                              e:/apps/stm32cubeide_1.11.0/stm32cubeide/plugins/com.st.stm32cube.ide.mcu.externaltools.gnu-tools-for-stm32.10.3-2021.10.win32_1.0.100.202210260954/tools/bin/../lib/gcc/arm-none-eabi/10.3.1/../../../../arm-none-eabi/lib/thumb/v6-m/nofp/crt0.o (exit)
e:/apps/stm32cubeide_1.11.0/stm32cubeide/plugins/com.st.stm32cube.ide.mcu.externaltools.gnu-tools-for-stm32.10.3-2021.10.win32_1.0.100.202210260954/tools/bin/../lib/gcc/arm-none-eabi/10.3.1/../../../../arm-none-eabi/lib/thumb/v6-m/nofp\libc_nano.a(lib_a-impure.o)
                              e:/apps/stm32cubeide_1.11.0/stm32cubeide/plugins/com.st.stm32cube.ide.mcu.externaltools.gnu-tools-for-stm32.10.3-2021.10.win32_1.0.100.202210260954/tools/bin/../lib/gcc/arm-none-eabi/10.3.1/../../../../arm-none-eabi/lib/thumb/v6-m/nofp\libc_nano.a(lib_a-exit.o) (_global_impure_ptr)
e:/apps/stm32cubeide_1.11.0/stm32cubeide/plugins/com.st.stm32cube.ide.mcu.externaltools.gnu-tools-for-stm32.10.3-2021.10.win32_1.0.100.202210260954/tools/bin/../lib/gcc/arm-none-eabi/10.3.1/../../../../arm-none-eabi/lib/thumb/v6-m/nofp\libc_nano.a(lib_a-init.o)
                              e:/apps/stm32cubeide_1.11.0/stm32cubeide/plugins/com.st.stm32cube.ide.mcu.externaltools.gnu-tools-for-stm32.10.3-2021.10.win32_1.0.100.202210260954/tools/bin/../lib/gcc/arm-none-eabi/10.3.1/../../../../arm-none-eabi/lib/thumb/v6-m/nofp/crt0.o (__libc_init_array)
e:/apps/stm32cubeide_1.11.0/stm32cubeide/plugins/com.st.stm32cube.ide.mcu.externaltools.gnu-tools-for-stm32.10.3-2021.10.win32_1.0.100.202210260954/tools/bin/../lib/gcc/arm-none-eabi/10.3.1/../../../../arm-none-eabi/lib/thumb/v6-m/nofp\libc_nano.a(lib_a-malloc.o)
                              ./Core/Src/ws2812.o (malloc)
e:/apps/stm32cubeide_1.11.0/stm32cubeide/plugins/com.st.stm32cube.ide.mcu.externaltools.gnu-tools-for-stm32.10.3-2021.10.win32_1.0.100.202210260954/tools/bin/../lib/gcc/arm-none-eabi/10.3.1/../../../../arm-none-eabi/lib/thumb/v6-m/nofp\libc_nano.a(lib_a-memcpy-stub.o)
                              ./Core/Src/i2c_ex.o (memcpy)
e:/apps/stm32cubeide_1.11.0/stm32cubeide/plugins/com.st.stm32cube.ide.mcu.externaltools.gnu-tools-for-stm32.10.3-2021.10.win32_1.0.100.202210260954/tools/bin/../lib/gcc/arm-none-eabi/10.3.1/../../../../arm-none-eabi/lib/thumb/v6-m/nofp\libc_nano.a(lib_a-memset.o)
                              e:/apps/stm32cubeide_1.11.0/stm32cubeide/plugins/com.st.stm32cube.ide.mcu.externaltools.gnu-tools-for-stm32.10.3-2021.10.win32_1.0.100.202210260954/tools/bin/../lib/gcc/arm-none-eabi/10.3.1/../../../../arm-none-eabi/lib/thumb/v6-m/nofp/crt0.o (memset)
e:/apps/stm32cubeide_1.11.0/stm32cubeide/plugins/com.st.stm32cube.ide.mcu.externaltools.gnu-tools-for-stm32.10.3-2021.10.win32_1.0.100.202210260954/tools/bin/../lib/gcc/arm-none-eabi/10.3.1/../../../../arm-none-eabi/lib/thumb/v6-m/nofp\libc_nano.a(lib_a-nano-callocr.o)
                              e:/apps/stm32cubeide_1.11.0/stm32cubeide/plugins/com.st.stm32cube.ide.mcu.externaltools.gnu-tools-for-stm32.10.3-2021.10.win32_1.0.100.202210260954/tools/bin/../lib/gcc/arm-none-eabi/10.3.1/../../../../arm-none-eabi/lib/thumb/v6-m/nofp\libc_nano.a(lib_a-calloc.o) (_calloc_r)
e:/apps/stm32cubeide_1.11.0/stm32cubeide/plugins/com.st.stm32cube.ide.mcu.externaltools.gnu-tools-for-stm32.10.3-2021.10.win32_1.0.100.202210260954/tools/bin/../lib/gcc/arm-none-eabi/10.3.1/../../../../arm-none-eabi/lib/thumb/v6-m/nofp\libc_nano.a(lib_a-nano-freer.o)
                              e:/apps/stm32cubeide_1.11.0/stm32cubeide/plugins/com.st.stm32cube.ide.mcu.externaltools.gnu-tools-for-stm32.10.3-2021.10.win32_1.0.100.202210260954/tools/bin/../lib/gcc/arm-none-eabi/10.3.1/../../../../arm-none-eabi/lib/thumb/v6-m/nofp\libc_nano.a(lib_a-malloc.o) (_free_r)
e:/apps/stm32cubeide_1.11.0/stm32cubeide/plugins/com.st.stm32cube.ide.mcu.externaltools.gnu-tools-for-stm32.10.3-2021.10.win32_1.0.100.202210260954/tools/bin/../lib/gcc/arm-none-eabi/10.3.1/../../../../arm-none-eabi/lib/thumb/v6-m/nofp\libc_nano.a(lib_a-nano-mallocr.o)
[...]
Memory Configuration

Name             Origin             Length             Attributes
RAM              0x00000000200000c0 0x0000000000001f40 xrw
FLASH            0x0000000008001800 0x000000000000e000 xr
*default*        0x0000000000000000 0xffffffffffffffff

Linker script and memory map

LOAD e:/apps/stm32cubeide_1.11.0/stm32cubeide/plugins/com.st.stm32cube.ide.mcu.externaltools.gnu-tools-for-stm32.10.3-2021.10.win32_1.0.100.202210260954/tools/bin/../lib/gcc/arm-none-eabi/10.3.1/thumb/v6-m/nofp/crti.o
LOAD e:/apps/stm32cubeide_1.11.0/stm32cubeide/plugins/com.st.stm32cube.ide.mcu.externaltools.gnu-tools-for-stm32.10.3-2021.10.win32_1.0.100.202210260954/tools/bin/../lib/gcc/arm-none-eabi/10.3.1/thumb/v6-m/nofp/crtbegin.o
LOAD e:/apps/stm32cubeide_1.11.0/stm32cubeide/plugins/com.st.stm32cube.ide.mcu.externaltools.gnu-tools-for-stm32.10.3-2021.10.win32_1.0.100.202210260954/tools/bin/../lib/gcc/arm-none-eabi/10.3.1/../../../../arm-none-eabi/lib/thumb/v6-m/nofp/crt0.o
LOAD ./Core/Src/dma.o
LOAD ./Core/Src/flash.o
LOAD ./Core/Src/gpio.o
LOAD ./Core/Src/i2c.o
LOAD ./Core/Src/i2c_ex.o
LOAD ./Core/Src/main.o
LOAD ./Core/Src/stm32g0xx_hal_msp.o
LOAD ./Core/Src/stm32g0xx_it.o
LOAD ./Core/Src/syscalls.o
LOAD ./Core/Src/sysmem.o
LOAD ./Core/Src/system_stm32g0xx.o
LOAD ./Core/Src/tim.o
LOAD ./Core/Src/ws2812.o
LOAD ./Core/Startup/startup_stm32g031g8ux.o
LOAD ./Drivers/STM32G0xx_HAL_Driver/Src/stm32g0xx_hal.o
LOAD ./Drivers/STM32G0xx_HAL_Driver/Src/stm32g0xx_hal_cortex.o
LOAD ./Drivers/STM32G0xx_HAL_Driver/Src/stm32g0xx_hal_dma.o
LOAD ./Drivers/STM32G0xx_HAL_Driver/Src/stm32g0xx_hal_dma_ex.o
LOAD ./Drivers/STM32G0xx_HAL_Driver/Src/stm32g0xx_hal_exti.o
LOAD ./Drivers/STM32G0xx_HAL_Driver/Src/stm32g0xx_hal_flash.o
LOAD ./Drivers/STM32G0xx_HAL_Driver/Src/stm32g0xx_hal_flash_ex.o
LOAD ./Drivers/STM32G0xx_HAL_Driver/Src/stm32g0xx_hal_gpio.o
LOAD ./Drivers/STM32G0xx_HAL_Driver/Src/stm32g0xx_hal_pwr.o
LOAD ./Drivers/STM32G0xx_HAL_Driver/Src/stm32g0xx_hal_pwr_ex.o
LOAD ./Drivers/STM32G0xx_HAL_Driver/Src/stm32g0xx_hal_rcc.o
LOAD ./Drivers/STM32G0xx_HAL_Driver/Src/stm32g0xx_hal_rcc_ex.o
LOAD ./Drivers/STM32G0xx_HAL_Driver/Src/stm32g0xx_hal_tim.o
LOAD ./Drivers/STM32G0xx_HAL_Driver/Src/stm32g0xx_hal_tim_ex.o
LOAD ./Drivers/STM32G0xx_HAL_Driver/Src/stm32g0xx_ll_dma.o
LOAD ./Drivers/STM32G0xx_HAL_Driver/Src/stm32g0xx_ll_exti.o
LOAD ./Drivers/STM32G0xx_HAL_Driver/Src/stm32g0xx_ll_gpio.o
LOAD ./Drivers/STM32G0xx_HAL_Driver/Src/stm32g0xx_ll_i2c.o
LOAD ./Drivers/STM32G0xx_HAL_Driver/Src/stm32g0xx_ll_rcc.o
LOAD ./Drivers/STM32G0xx_HAL_Driver/Src/stm32g0xx_ll_utils.o
START GROUP
LOAD e:/apps/stm32cubeide_1.11.0/stm32cubeide/plugins/com.st.stm32cube.ide.mcu.externaltools.gnu-tools-for-stm32.10.3-2021.10.win32_1.0.100.202210260954/tools/bin/../lib/gcc/arm-none-eabi/10.3.1/../../../../arm-none-eabi/lib/thumb/v6-m/nofp\libc_nano.a
LOAD e:/apps/stm32cubeide_1.11.0/stm32cubeide/plugins/com.st.stm32cube.ide.mcu.externaltools.gnu-tools-for-stm32.10.3-2021.10.win32_1.0.100.202210260954/tools/bin/../lib/gcc/arm-none-eabi/10.3.1/../../../../arm-none-eabi/lib/thumb/v6-m/nofp\libm.a
END GROUP
START GROUP
LOAD e:/apps/stm32cubeide_1.11.0/stm32cubeide/plugins/com.st.stm32cube.ide.mcu.externaltools.gnu-tools-for-stm32.10.3-2021.10.win32_1.0.100.202210260954/tools/bin/../lib/gcc/arm-none-eabi/10.3.1/thumb/v6-m/nofp\libgcc.a
LOAD e:/apps/stm32cubeide_1.11.0/stm32cubeide/plugins/com.st.stm32cube.ide.mcu.externaltools.gnu-tools-for-stm32.10.3-2021.10.win32_1.0.100.202210260954/tools/bin/../lib/gcc/arm-none-eabi/10.3.1/../../../../arm-none-eabi/lib/thumb/v6-m/nofp\libc_nano.a
END GROUP
START GROUP
LOAD e:/apps/stm32cubeide_1.11.0/stm32cubeide/plugins/com.st.stm32cube.ide.mcu.externaltools.gnu-tools-for-stm32.10.3-2021.10.win32_1.0.100.202210260954/tools/bin/../lib/gcc/arm-none-eabi/10.3.1/thumb/v6-m/nofp\libgcc.a
LOAD e:/apps/stm32cubeide_1.11.0/stm32cubeide/plugins/com.st.stm32cube.ide.mcu.externaltools.gnu-tools-for-stm32.10.3-2021.10.win32_1.0.100.202210260954/tools/bin/../lib/gcc/arm-none-eabi/10.3.1/../../../../arm-none-eabi/lib/thumb/v6-m/nofp\libc_nano.a
LOAD e:/apps/stm32cubeide_1.11.0/stm32cubeide/plugins/com.st.stm32cube.ide.mcu.externaltools.gnu-tools-for-stm32.10.3-2021.10.win32_1.0.100.202210260954/tools/bin/../lib/gcc/arm-none-eabi/10.3.1/../../../../arm-none-eabi/lib/thumb/v6-m/nofp\libnosys.a
END GROUP
START GROUP
LOAD e:/apps/stm32cubeide_1.11.0/stm32cubeide/plugins/com.st.stm32cube.ide.mcu.externaltools.gnu-tools-for-stm32.10.3-2021.10.win32_1.0.100.202210260954/tools/bin/../lib/gcc/arm-none-eabi/10.3.1/thumb/v6-m/nofp\libgcc.a
LOAD e:/apps/stm32cubeide_1.11.0/stm32cubeide/plugins/com.st.stm32cube.ide.mcu.externaltools.gnu-tools-for-stm32.10.3-2021.10.win32_1.0.100.202210260954/tools/bin/../lib/gcc/arm-none-eabi/10.3.1/../../../../arm-none-eabi/lib/thumb/v6-m/nofp\libc_nano.a
LOAD e:/apps/stm32cubeide_1.11.0/stm32cubeide/plugins/com.st.stm32cube.ide.mcu.externaltools.gnu-tools-for-stm32.10.3-2021.10.win32_1.0.100.202210260954/tools/bin/../lib/gcc/arm-none-eabi/10.3.1/../../../../arm-none-eabi/lib/thumb/v6-m/nofp\libnosys.a
END GROUP
LOAD e:/apps/stm32cubeide_1.11.0/stm32cubeide/plugins/com.st.stm32cube.ide.mcu.externaltools.gnu-tools-for-stm32.10.3-2021.10.win32_1.0.100.202210260954/tools/bin/../lib/gcc/arm-none-eabi/10.3.1/thumb/v6-m/nofp/crtend.o
LOAD e:/apps/stm32cubeide_1.11.0/stm32cubeide/plugins/com.st.stm32cube.ide.mcu.externaltools.gnu-tools-for-stm32.10.3-2021.10.win32_1.0.100.202210260954/tools/bin/../lib/gcc/arm-none-eabi/10.3.1/thumb/v6-m/nofp/crtn.o
                0x0000000020002000                _estack = (ORIGIN (RAM) + LENGTH (RAM))
                0x0000000000000200                _Min_Heap_Size = 0x200
                0x0000000000000400                _Min_Stack_Size = 0x400

.isr_vector     0x0000000008001800       0xbc
                0x0000000008001800                . = ALIGN (0x4)
 *(.isr_vector)
 .isr_vector    0x0000000008001800       0xbc ./Core/Startup/startup_stm32g031g8ux.o
                0x0000000008001800                g_pfnVectors
                0x00000000080018bc                . = ALIGN (0x4)

.text           0x00000000080018c0     0x3e18
                0x00000000080018c0                . = ALIGN (0x4)
 *(.text)
 .text          0x00000000080018c0       0x48 e:/apps/stm32cubeide_1.11.0/stm32cubeide/plugins/com.st.stm32cube.ide.mcu.externaltools.gnu-tools-for-stm32.10.3-2021.10.win32_1.0.100.202210260954/tools/bin/../lib/gcc/arm-none-eabi/10.3.1/thumb/v6-m/nofp/crtbegin.o
 .text          0x0000000008001908      0x114 e:/apps/stm32cubeide_1.11.0/stm32cubeide/plugins/com.st.stm32cube.ide.mcu.externaltools.gnu-tools-for-stm32.10.3-2021.10.win32_1.0.100.202210260954/tools/bin/../lib/gcc/arm-none-eabi/10.3.1/thumb/v6-m/nofp\libgcc.a(_udivsi3.o)
                0x0000000008001908                __aeabi_uidiv
                0x0000000008001908                __udivsi3
                0x0000000008001a14                __aeabi_uidivmod
 .text          0x0000000008001a1c        0x4 e:/apps/stm32cubeide_1.11.0/stm32cubeide/plugins/com.st.stm32cube.ide.mcu.externaltools.gnu-tools-for-stm32.10.3-2021.10.win32_1.0.100.202210260954/tools/bin/../lib/gcc/arm-none-eabi/10.3.1/thumb/v6-m/nofp\libgcc.a(_dvmd_tls.o)
                0x0000000008001a1c                __aeabi_idiv0
                0x0000000008001a1c                __aeabi_ldiv0
 .text          0x0000000008001a20       0x30 e:/apps/stm32cubeide_1.11.0/stm32cubeide/plugins/com.st.stm32cube.ide.mcu.externaltools.gnu-tools-for-stm32.10.3-2021.10.win32_1.0.100.202210260954/tools/bin/../lib/gcc/arm-none-eabi/10.3.1/thumb/v6-m/nofp\libgcc.a(_fixunssfsi.o)
                0x0000000008001a20                __fixunssfsi
                0x0000000008001a20                __aeabi_f2uiz
 .text          0x0000000008001a50      0x230 e:/apps/stm32cubeide_1.11.0/stm32cubeide/plugins/com.st.stm32cube.ide.mcu.externaltools.gnu-tools-for-stm32.10.3-2021.10.win32_1.0.100.202210260954/tools/bin/../lib/gcc/arm-none-eabi/10.3.1/thumb/v6-m/nofp\libgcc.a(divsf3.o)
                0x0000000008001a50                __aeabi_fdiv
 .text          0x0000000008001c80      0x24c e:/apps/stm32cubeide_1.11.0/stm32cubeide/plugins/com.st.stm32cube.ide.mcu.externaltools.gnu-tools-for-stm32.10.3-2021.10.win32_1.0.100.202210260954/tools/bin/../lib/gcc/arm-none-eabi/10.3.1/thumb/v6-m/nofp\libgcc.a(mulsf3.o)
                0x0000000008001c80                __aeabi_fmul
 .text          0x0000000008001ecc      0x35c e:/apps/stm32cubeide_1.11.0/stm32cubeide/plugins/com.st.stm32cube.ide.mcu.externaltools.gnu-tools-for-stm32.10.3-2021.10.win32_1.0.100.202210260954/tools/bin/../lib/gcc/arm-none-eabi/10.3.1/thumb/v6-m/nofp\libgcc.a(subsf3.o)
                0x0000000008001ecc                __aeabi_fsub
 .text          0x0000000008002228       0x40 e:/apps/stm32cubeide_1.11.0/stm32cubeide/plugins/com.st.stm32cube.ide.mcu.externaltools.gnu-tools-for-stm32.10.3-2021.10.win32_1.0.100.202210260954/tools/bin/../lib/gcc/arm-none-eabi/10.3.1/thumb/v6-m/nofp\libgcc.a(fixsfsi.o)
                0x0000000008002228                __aeabi_f2iz
 .text          0x0000000008002268       0x84 e:/apps/stm32cubeide_1.11.0/stm32cubeide/plugins/com.st.stm32cube.ide.mcu.externaltools.gnu-tools-for-stm32.10.3-2021.10.win32_1.0.100.202210260954/tools/bin/../lib/gcc/arm-none-eabi/10.3.1/thumb/v6-m/nofp\libgcc.a(floatunsisf.o)
                0x0000000008002268                __aeabi_ui2f
 .text          0x00000000080022ec       0x74 e:/apps/stm32cubeide_1.11.0/stm32cubeide/plugins/com.st.stm32cube.ide.mcu.externaltools.gnu-tools-for-stm32.10.3-2021.10.win32_1.0.100.202210260954/tools/bin/../lib/gcc/arm-none-eabi/10.3.1/thumb/v6-m/nofp\libgcc.a(_arm_cmpsf2.o)
                0x00000000080022ec                __aeabi_cfrcmple
                0x00000000080022f4                __aeabi_cfcmpeq
                0x00000000080022f4                __aeabi_cfcmple
                0x0000000008002304                __aeabi_fcmpeq
                0x0000000008002310                __aeabi_fcmplt
                0x0000000008002324                __aeabi_fcmple
                0x0000000008002338                __aeabi_fcmpgt
                0x000000000800234c                __aeabi_fcmpge
 .text          0x0000000008002360       0x3c e:/apps/stm32cubeide_1.11.0/stm32cubeide/plugins/com.st.stm32cube.ide.mcu.externaltools.gnu-tools-for-stm32.10.3-2021.10.win32_1.0.100.202210260954/tools/bin/../lib/gcc/arm-none-eabi/10.3.1/thumb/v6-m/nofp\libgcc.a(_clzsi2.o)
                0x0000000008002360                __clzsi2
 .text          0x000000000800239c       0x4c e:/apps/stm32cubeide_1.11.0/stm32cubeide/plugins/com.st.stm32cube.ide.mcu.externaltools.gnu-tools-for-stm32.10.3-2021.10.win32_1.0.100.202210260954/tools/bin/../lib/gcc/arm-none-eabi/10.3.1/thumb/v6-m/nofp\libgcc.a(eqsf2.o)
                0x000000000800239c                __eqsf2
                0x000000000800239c                __nesf2
 .text          0x00000000080023e8       0x8c e:/apps/stm32cubeide_1.11.0/stm32cubeide/plugins/com.st.stm32cube.ide.mcu.externaltools.gnu-tools-for-stm32.10.3-2021.10.win32_1.0.100.202210260954/tools/bin/../lib/gcc/arm-none-eabi/10.3.1/thumb/v6-m/nofp\libgcc.a(gesf2.o)
                0x00000000080023e8                __gesf2
                0x00000000080023e8                __gtsf2
 .text          0x0000000008002474       0x88 e:/apps/stm32cubeide_1.11.0/stm32cubeide/plugins/com.st.stm32cube.ide.mcu.externaltools.gnu-tools-for-stm32.10.3-2021.10.win32_1.0.100.202210260954/tools/bin/../lib/gcc/arm-none-eabi/10.3.1/thumb/v6-m/nofp\libgcc.a(lesf2.o)
                0x0000000008002474                __ltsf2
                0x0000000008002474                __lesf2
 *(.text*)
 .text.MX_DMA_Init
                0x00000000080024fc       0x30 ./Core/Src/dma.o
                0x00000000080024fc                MX_DMA_Init
 .text.doseFlashHasPackedMessage
                0x000000000800252c       0x24 ./Core/Src/flash.o
                0x000000000800252c                doseFlashHasPackedMessage
 .text.getValuablePackedMessageLengthofFlash
                0x0000000008002550       0x20 ./Core/Src/flash.o
                0x0000000008002550                getValuablePackedMessageLengthofFlash
 .text.readPackedMessageFromFlash
                0x0000000008002570       0x38 ./Core/Src/flash.o
                0x0000000008002570                readPackedMessageFromFlash
 .text.writeMessageToFlash
                0x00000000080025a8       0xdc ./Core/Src/flash.o
                0x00000000080025a8                writeMessageToFlash
 .text.MX_GPIO_Init
                0x0000000008002684       0x98 ./Core/Src/gpio.o
                0x0000000008002684                MX_GPIO_Init
 .text.my_gpio_deinit
                0x000000000800271c       0x64 ./Core/Src/gpio.o
                0x000000000800271c                my_gpio_deinit
 .text.user_i2c_init
                0x0000000008002780      0x10c ./Core/Src/i2c.o
                0x0000000008002780                user_i2c_init
 .text.set_i2c_slave_address
                0x000000000800288c       0x10 ./Core/Src/i2c_ex.o
                0x000000000800288c                set_i2c_slave_address
 .text.i2c2_it_enable
                0x000000000800289c       0x30 ./Core/Src/i2c_ex.o
                0x000000000800289c                i2c2_it_enable
 .text.i2c2_it_disable
                0x00000000080028cc       0x28 ./Core/Src/i2c_ex.o
                0x00000000080028cc                i2c2_it_disable
 .text.i2c2_set_send_data
                0x00000000080028f4       0x3c ./Core/Src/i2c_ex.o
                0x00000000080028f4                i2c2_set_send_data
 .text.Slave_Reception_Callback
                0x0000000008002930       0x38 ./Core/Src/i2c_ex.o
                0x0000000008002930                Slave_Reception_Callback
 .text.Slave_Ready_To_Transmit_Callback
                0x0000000008002968       0x50 ./Core/Src/i2c_ex.o
                0x0000000008002968                Slave_Ready_To_Transmit_Callback
 .text.I2C2_IRQHandler
                0x00000000080029b8      0x174 ./Core/Src/i2c_ex.o
                0x00000000080029b8                I2C2_IRQHandler
 .text.IAP_Set  0x0000000008002b2c       0x48 ./Core/Src/main.o
                0x0000000008002b2c                IAP_Set
 .text.i2c_port_set_to_input
                0x0000000008002b74       0x4c ./Core/Src/main.o
                0x0000000008002b74                i2c_port_set_to_input
 .text.irq_port_init
                0x0000000008002bc0       0x50 ./Core/Src/main.o
                0x0000000008002bc0                irq_port_init
 .text.init_flash_data
                0x0000000008002c10       0x90 ./Core/Src/main.o
                0x0000000008002c10                init_flash_data
 .text.flash_data_write_back
                0x0000000008002ca0       0x64 ./Core/Src/main.o
                0x0000000008002ca0                flash_data_write_back
 .text.init_swtich_status
                0x0000000008002d04       0x94 ./Core/Src/main.o
                0x0000000008002d04                init_swtich_status
 .text.Slave_Complete_Callback
                0x0000000008002d98      0x4dc ./Core/Src/main.o
                0x0000000008002d98                Slave_Complete_Callback
 .text.Error_Handler
                0x0000000008003274       0x1c ./Core/Src/main.o
                0x0000000008003274                Error_Handler
 .text.SystemClock_Config
                0x0000000008003290       0xc0 ./Core/Src/main.o
                0x0000000008003290                SystemClock_Config
 .text.main     0x0000000008003350      0x20c ./Core/Src/main.o
                0x0000000008003350                main
 .text.HAL_MspInit
                0x000000000800355c       0x30 ./Core/Src/stm32g0xx_hal_msp.o
                0x000000000800355c                HAL_MspInit
 .text.NMI_Handler
                0x000000000800358c       0x1c ./Core/Src/stm32g0xx_it.o
                0x000000000800358c                NMI_Handler
 .text.HardFault_Handler
                0x00000000080035a8       0x1c ./Core/Src/stm32g0xx_it.o
                0x00000000080035a8                HardFault_Handler
 .text.SVC_Handler
                0x00000000080035c4        0x2 ./Core/Src/stm32g0xx_it.o
                0x00000000080035c4                SVC_Handler
 .text.PendSV_Handler
                0x00000000080035c6        0x2 ./Core/Src/stm32g0xx_it.o
                0x00000000080035c6                PendSV_Handler
 .text.SysTick_Handler
                0x00000000080035c8        0x8 ./Core/Src/stm32g0xx_it.o
                0x00000000080035c8                SysTick_Handler
 .text.EXTI0_1_IRQHandler
                0x00000000080035d0       0x7c ./Core/Src/stm32g0xx_it.o
                0x00000000080035d0                EXTI0_1_IRQHandler
 .text.EXTI2_3_IRQHandler
                0x000000000800364c       0x50 ./Core/Src/stm32g0xx_it.o
                0x000000000800364c                EXTI2_3_IRQHandler
 .text.EXTI4_15_IRQHandler
                0x000000000800369c      0x114 ./Core/Src/stm32g0xx_it.o
                0x000000000800369c                EXTI4_15_IRQHandler
 .text.DMA1_Channel1_IRQHandler
                0x00000000080037b0       0x10 ./Core/Src/stm32g0xx_it.o
                0x00000000080037b0                DMA1_Channel1_IRQHandler
 .text._sbrk    0x00000000080037c0       0x48 ./Core/Src/sysmem.o
                0x00000000080037c0                _sbrk
 .text.SystemInit
                0x0000000008003808        0x2 ./Core/Src/system_stm32g0xx.o
                0x0000000008003808                SystemInit
 *fill*         0x000000000800380a        0x2 
 .text.HAL_TIM_PWM_MspInit
                0x000000000800380c       0x74 ./Core/Src/tim.o
                0x000000000800380c                HAL_TIM_PWM_MspInit
 .text.HAL_TIM_MspPostInit
                0x0000000008003880       0x50 ./Core/Src/tim.o
                0x0000000008003880                HAL_TIM_MspPostInit
 .text.MX_TIM3_Init
                0x00000000080038d0       0x84 ./Core/Src/tim.o
                0x00000000080038d0                MX_TIM3_Init
 .text.HAL_TIM_PWM_MspDeInit
                0x0000000008003954       0x28 ./Core/Src/tim.o
                0x0000000008003954                HAL_TIM_PWM_MspDeInit
 .text.createBuffer
                0x000000000800397c       0x10 ./Core/Src/ws2812.o
                0x000000000800397c                createBuffer
 .text.enqueue  0x000000000800398c       0x2c ./Core/Src/ws2812.o
                0x000000000800398c                enqueue
 .text.dequeue  0x00000000080039b8       0x30 ./Core/Src/ws2812.o
                0x00000000080039b8                dequeue
 .text.getQueueRear
                0x00000000080039e8        0x4 ./Core/Src/ws2812.o
                0x00000000080039e8                getQueueRear
 .text.createBuffer_rgb233
                0x00000000080039ec       0x10 ./Core/Src/ws2812.o
                0x00000000080039ec                createBuffer_rgb233
 .text.enqueue_rgb233
                0x00000000080039fc       0x2c ./Core/Src/ws2812.o
                0x00000000080039fc                enqueue_rgb233
 .text.dequeue_rgb233
                0x0000000008003a28       0x30 ./Core/Src/ws2812.o
                0x0000000008003a28                dequeue_rgb233
 .text.getQueueRear_rgb233
                0x0000000008003a58        0x4 ./Core/Src/ws2812.o
                0x0000000008003a58                getQueueRear_rgb233
 .text.sk6812_init
                0x0000000008003a5c       0x60 ./Core/Src/ws2812.o
                0x0000000008003a5c                sk6812_init
 .text.neopixel_set_color
                0x0000000008003abc       0xc4 ./Core/Src/ws2812.o
                0x0000000008003abc                neopixel_set_color
 .text.rgb233_to_rgb888
                0x0000000008003b80       0x50 ./Core/Src/ws2812.o
                0x0000000008003b80                rgb233_to_rgb888
 .text.ws2812_show
                0x0000000008003bd0       0xc8 ./Core/Src/ws2812.o
                0x0000000008003bd0                ws2812_show
 .text.HAL_TIM_PWM_PulseFinishedCallback
                0x0000000008003c98       0x1c ./Core/Src/ws2812.o
                0x0000000008003c98                HAL_TIM_PWM_PulseFinishedCallback
 .text.Reset_Handler
                0x0000000008003cb4       0x50 ./Core/Startup/startup_stm32g031g8ux.o
                0x0000000008003cb4                Reset_Handler
 .text.Default_Handler
                0x0000000008003d04        0x2 ./Core/Startup/startup_stm32g031g8ux.o
                0x0000000008003d04                TIM1_CC_IRQHandler
                0x0000000008003d04                PVD_IRQHandler
                0x0000000008003d04                I2C1_IRQHandler
                0x0000000008003d04                LPTIM2_IRQHandler
                0x0000000008003d04                RTC_TAMP_IRQHandler
                0x0000000008003d04                SPI1_IRQHandler
                0x0000000008003d04                DMA1_Ch4_5_DMAMUX1_OVR_IRQHandler
                0x0000000008003d04                ADC1_IRQHandler
                0x0000000008003d04                TIM17_IRQHandler
                0x0000000008003d04                TIM16_IRQHandler
                0x0000000008003d04                TIM3_IRQHandler
                0x0000000008003d04                RCC_IRQHandler
                0x0000000008003d04                Default_Handler
                0x0000000008003d04                TIM14_IRQHandler
                0x0000000008003d04                SPI2_IRQHandler
                0x0000000008003d04                WWDG_IRQHandler
                0x0000000008003d04                LPUART1_IRQHandler
                0x0000000008003d04                TIM2_IRQHandler
                0x0000000008003d04                DMA1_Channel2_3_IRQHandler
                0x0000000008003d04                USART2_IRQHandler
                0x0000000008003d04                FLASH_IRQHandler
                0x0000000008003d04                USART1_IRQHandler
                0x0000000008003d04                TIM1_BRK_UP_TRG_COM_IRQHandler
                0x0000000008003d04                LPTIM1_IRQHandler
 *fill*         0x0000000008003d06        0x2 
 .text.HAL_InitTick
                0x0000000008003d08       0x50 ./Drivers/STM32G0xx_HAL_Driver/Src/stm32g0xx_hal.o
                0x0000000008003d08                HAL_InitTick
 .text.HAL_Init
                0x0000000008003d58       0x28 ./Drivers/STM32G0xx_HAL_Driver/Src/stm32g0xx_hal.o
                0x0000000008003d58                HAL_Init
 .text.HAL_IncTick
                0x0000000008003d80       0x18 ./Drivers/STM32G0xx_HAL_Driver/Src/stm32g0xx_hal.o
                0x0000000008003d80                HAL_IncTick
 .text.HAL_GetTick
                0x0000000008003d98        0xc ./Drivers/STM32G0xx_HAL_Driver/Src/stm32g0xx_hal.o
                0x0000000008003d98                HAL_GetTick
 .text.HAL_Delay
                0x0000000008003da4       0x24 ./Drivers/STM32G0xx_HAL_Driver/Src/stm32g0xx_hal.o
                0x0000000008003da4                HAL_Delay
 .text.HAL_NVIC_SetPriority
                0x0000000008003dc8       0x64 ./Drivers/STM32G0xx_HAL_Driver/Src/stm32g0xx_hal_cortex.o
                0x0000000008003dc8                HAL_NVIC_SetPriority
 .text.HAL_NVIC_EnableIRQ
                0x0000000008003e2c       0x18 ./Drivers/STM32G0xx_HAL_Driver/Src/stm32g0xx_hal_cortex.o
                0x0000000008003e2c                HAL_NVIC_EnableIRQ
 .text.HAL_NVIC_DisableIRQ
                0x0000000008003e44       0x20 ./Drivers/STM32G0xx_HAL_Driver/Src/stm32g0xx_hal_cortex.o
                0x0000000008003e44                HAL_NVIC_DisableIRQ
 .text.HAL_SYSTICK_Config
                0x0000000008003e64       0x38 ./Drivers/STM32G0xx_HAL_Driver/Src/stm32g0xx_hal_cortex.o
                0x0000000008003e64                HAL_SYSTICK_Config
 .text.DMA_SetConfig
                0x0000000008003e9c       0x48 ./Drivers/STM32G0xx_HAL_Driver/Src/stm32g0xx_hal_dma.o
 .text.DMA_CalcDMAMUXChannelBaseAndMask
                0x0000000008003ee4       0x34 ./Drivers/STM32G0xx_HAL_Driver/Src/stm32g0xx_hal_dma.o
 .text.HAL_DMA_Init
                0x0000000008003f18       0xc8 ./Drivers/STM32G0xx_HAL_Driver/Src/stm32g0xx_hal_dma.o
                0x0000000008003f18                HAL_DMA_Init
 .text.HAL_DMA_DeInit
                0x0000000008003fe0       0xa0 ./Drivers/STM32G0xx_HAL_Driver/Src/stm32g0xx_hal_dma.o
                0x0000000008003fe0                HAL_DMA_DeInit
 .text.HAL_DMA_Start_IT
                0x0000000008004080       0x9c ./Drivers/STM32G0xx_HAL_Driver/Src/stm32g0xx_hal_dma.o
                0x0000000008004080                HAL_DMA_Start_IT
 .text.HAL_DMA_Abort_IT
                0x000000000800411c       0x80 ./Drivers/STM32G0xx_HAL_Driver/Src/stm32g0xx_hal_dma.o
                0x000000000800411c                HAL_DMA_Abort_IT
 .text.HAL_DMA_IRQHandler
                0x000000000800419c       0xcc ./Drivers/STM32G0xx_HAL_Driver/Src/stm32g0xx_hal_dma.o
                0x000000000800419c                HAL_DMA_IRQHandler
 .text.HAL_FLASH_Unlock
                0x0000000008004268       0x28 ./Drivers/STM32G0xx_HAL_Driver/Src/stm32g0xx_hal_flash.o
                0x0000000008004268                HAL_FLASH_Unlock
 .text.FLASH_WaitForLastOperation
                0x0000000008004290       0x74 ./Drivers/STM32G0xx_HAL_Driver/Src/stm32g0xx_hal_flash.o
                0x0000000008004290                FLASH_WaitForLastOperation
 .text.HAL_FLASH_Program
                0x0000000008004304       0x6c ./Drivers/STM32G0xx_HAL_Driver/Src/stm32g0xx_hal_flash.o
                0x0000000008004304                HAL_FLASH_Program
 .text.HAL_FLASH_Lock
                0x0000000008004370       0x24 ./Drivers/STM32G0xx_HAL_Driver/Src/stm32g0xx_hal_flash.o
                0x0000000008004370                HAL_FLASH_Lock
 .text.FLASH_PageErase
                0x0000000008004394       0x20 ./Drivers/STM32G0xx_HAL_Driver/Src/stm32g0xx_hal_flash_ex.o
                0x0000000008004394                FLASH_PageErase
 .text.HAL_FLASHEx_Erase
                0x00000000080043b4       0x9c ./Drivers/STM32G0xx_HAL_Driver/Src/stm32g0xx_hal_flash_ex.o
                0x00000000080043b4                HAL_FLASHEx_Erase
 .text.HAL_GPIO_Init
                0x0000000008004450      0x1dc ./Drivers/STM32G0xx_HAL_Driver/Src/stm32g0xx_hal_gpio.o
                0x0000000008004450                HAL_GPIO_Init
 .text.HAL_GPIO_ReadPin
                0x000000000800462c        0xc ./Drivers/STM32G0xx_HAL_Driver/Src/stm32g0xx_hal_gpio.o
                0x000000000800462c                HAL_GPIO_ReadPin
 .text.HAL_GPIO_WritePin
                0x0000000008004638        0xc ./Drivers/STM32G0xx_HAL_Driver/Src/stm32g0xx_hal_gpio.o
                0x0000000008004638                HAL_GPIO_WritePin
 .text.HAL_GPIO_EXTI_Rising_Callback
                0x0000000008004644        0x2 ./Drivers/STM32G0xx_HAL_Driver/Src/stm32g0xx_hal_gpio.o
                0x0000000008004644                HAL_GPIO_EXTI_Rising_Callback
 .text.HAL_GPIO_EXTI_Falling_Callback
                0x0000000008004646        0x2 ./Drivers/STM32G0xx_HAL_Driver/Src/stm32g0xx_hal_gpio.o
                0x0000000008004646                HAL_GPIO_EXTI_Falling_Callback
 .text.HAL_GPIO_EXTI_IRQHandler
                0x0000000008004648       0x30 ./Drivers/STM32G0xx_HAL_Driver/Src/stm32g0xx_hal_gpio.o
                0x0000000008004648                HAL_GPIO_EXTI_IRQHandler
 .text.TIM_OC1_SetConfig
                0x0000000008004678       0x88 ./Drivers/STM32G0xx_HAL_Driver/Src/stm32g0xx_hal_tim.o
 .text.TIM_OC3_SetConfig
                0x0000000008004700       0x84 ./Drivers/STM32G0xx_HAL_Driver/Src/stm32g0xx_hal_tim.o
 .text.TIM_OC4_SetConfig
                0x0000000008004784       0x68 ./Drivers/STM32G0xx_HAL_Driver/Src/stm32g0xx_hal_tim.o
 .text.TIM_OC5_SetConfig
                0x00000000080047ec       0x64 ./Drivers/STM32G0xx_HAL_Driver/Src/stm32g0xx_hal_tim.o
 .text.TIM_OC6_SetConfig
                0x0000000008004850       0x68 ./Drivers/STM32G0xx_HAL_Driver/Src/stm32g0xx_hal_tim.o
 .text.TIM_DMADelayPulseCplt
                0x00000000080048b8       0x70 ./Drivers/STM32G0xx_HAL_Driver/Src/stm32g0xx_hal_tim.o
 .text.HAL_TIM_PWM_PulseFinishedHalfCpltCallback
                0x0000000008004928        0x2 ./Drivers/STM32G0xx_HAL_Driver/Src/stm32g0xx_hal_tim.o
                0x0000000008004928                HAL_TIM_PWM_PulseFinishedHalfCpltCallback
 .text.TIM_DMADelayPulseHalfCplt
                0x000000000800492a       0x3e ./Drivers/STM32G0xx_HAL_Driver/Src/stm32g0xx_hal_tim.o
                0x000000000800492a                TIM_DMADelayPulseHalfCplt
 .text.HAL_TIM_ErrorCallback
                0x0000000008004968        0x2 ./Drivers/STM32G0xx_HAL_Driver/Src/stm32g0xx_hal_tim.o
                0x0000000008004968                HAL_TIM_ErrorCallback
 .text.TIM_DMAError
                0x000000000800496a       0x5c ./Drivers/STM32G0xx_HAL_Driver/Src/stm32g0xx_hal_tim.o
                0x000000000800496a                TIM_DMAError
 *fill*         0x00000000080049c6        0x2 
 .text.TIM_Base_SetConfig
                0x00000000080049c8       0xf4 ./Drivers/STM32G0xx_HAL_Driver/Src/stm32g0xx_hal_tim.o
                0x00000000080049c8                TIM_Base_SetConfig
 .text.HAL_TIM_PWM_Init
                0x0000000008004abc       0x60 ./Drivers/STM32G0xx_HAL_Driver/Src/stm32g0xx_hal_tim.o
                0x0000000008004abc                HAL_TIM_PWM_Init
 .text.TIM_OC2_SetConfig
                0x0000000008004b1c       0x78 ./Drivers/STM32G0xx_HAL_Driver/Src/stm32g0xx_hal_tim.o
                0x0000000008004b1c                TIM_OC2_SetConfig
 .text.HAL_TIM_PWM_ConfigChannel
                0x0000000008004b94      0x144 ./Drivers/STM32G0xx_HAL_Driver/Src/stm32g0xx_hal_tim.o
                0x0000000008004b94                HAL_TIM_PWM_ConfigChannel
 .text.TIM_CCxChannelCmd
                0x0000000008004cd8       0x1a ./Drivers/STM32G0xx_HAL_Driver/Src/stm32g0xx_hal_tim.o
                0x0000000008004cd8                TIM_CCxChannelCmd
 *fill*         0x0000000008004cf2        0x2 
 .text.HAL_TIM_PWM_Stop
                0x0000000008004cf4       0xb4 ./Drivers/STM32G0xx_HAL_Driver/Src/stm32g0xx_hal_tim.o
                0x0000000008004cf4                HAL_TIM_PWM_Stop
 .text.HAL_TIM_PWM_Start_DMA
                0x0000000008004da8      0x29c ./Drivers/STM32G0xx_HAL_Driver/Src/stm32g0xx_hal_tim.o
                0x0000000008004da8                HAL_TIM_PWM_Start_DMA
 .text.HAL_TIM_PWM_Stop_DMA
                0x0000000008005044      0x12c ./Drivers/STM32G0xx_HAL_Driver/Src/stm32g0xx_hal_tim.o
                0x0000000008005044                HAL_TIM_PWM_Stop_DMA
 .text.HAL_TIMEx_MasterConfigSynchronization
                0x0000000008005170       0x78 ./Drivers/STM32G0xx_HAL_Driver/Src/stm32g0xx_hal_tim_ex.o
                0x0000000008005170                HAL_TIMEx_MasterConfigSynchronization
 .text.LL_GPIO_Init
                0x00000000080051e8       0xce ./Drivers/STM32G0xx_HAL_Driver/Src/stm32g0xx_ll_gpio.o
                0x00000000080051e8                LL_GPIO_Init
 *fill*         0x00000000080052b6        0x2 
 .text.LL_I2C_DeInit
                0x00000000080052b8       0x58 ./Drivers/STM32G0xx_HAL_Driver/Src/stm32g0xx_ll_i2c.o
                0x00000000080052b8                LL_I2C_DeInit
 .text.LL_I2C_Init
                0x0000000008005310       0x78 ./Drivers/STM32G0xx_HAL_Driver/Src/stm32g0xx_ll_i2c.o
                0x0000000008005310                LL_I2C_Init
 .text.LL_SetSystemCoreClock
                0x0000000008005388        0xc ./Drivers/STM32G0xx_HAL_Driver/Src/stm32g0xx_ll_utils.o
                0x0000000008005388                LL_SetSystemCoreClock
 .text.calloc   0x0000000008005394       0x14 e:/apps/stm32cubeide_1.11.0/stm32cubeide/plugins/com.st.stm32cube.ide.mcu.externaltools.gnu-tools-for-stm32.10.3-2021.10.win32_1.0.100.202210260954/tools/bin/../lib/gcc/arm-none-eabi/10.3.1/../../../../arm-none-eabi/lib/thumb/v6-m/nofp\libc_nano.a(lib_a-calloc.o)
                0x0000000008005394                calloc
 .text.__errno  0x00000000080053a8        0xc e:/apps/stm32cubeide_1.11.0/stm32cubeide/plugins/com.st.stm32cube.ide.mcu.externaltools.gnu-tools-for-stm32.10.3-2021.10.win32_1.0.100.202210260954/tools/bin/../lib/gcc/arm-none-eabi/10.3.1/../../../../arm-none-eabi/lib/thumb/v6-m/nofp\libc_nano.a(lib_a-errno.o)
                0x00000000080053a8                __errno
 .text.__libc_init_array
                0x00000000080053b4       0x48 e:/apps/stm32cubeide_1.11.0/stm32cubeide/plugins/com.st.stm32cube.ide.mcu.externaltools.gnu-tools-for-stm32.10.3-2021.10.win32_1.0.100.202210260954/tools/bin/../lib/gcc/arm-none-eabi/10.3.1/../../../../arm-none-eabi/lib/thumb/v6-m/nofp\libc_nano.a(lib_a-init.o)
                0x00000000080053b4                __libc_init_array
 .text.malloc   0x00000000080053fc       0x14 e:/apps/stm32cubeide_1.11.0/stm32cubeide/plugins/com.st.stm32cube.ide.mcu.externaltools.gnu-tools-for-stm32.10.3-2021.10.win32_1.0.100.202210260954/tools/bin/../lib/gcc/arm-none-eabi/10.3.1/../../../../arm-none-eabi/lib/thumb/v6-m/nofp\libc_nano.a(lib_a-malloc.o)
                0x00000000080053fc                malloc
 .text.free     0x0000000008005410       0x14 e:/apps/stm32cubeide_1.11.0/stm32cubeide/plugins/com.st.stm32cube.ide.mcu.externaltools.gnu-tools-for-stm32.10.3-2021.10.win32_1.0.100.202210260954/tools/bin/../lib/gcc/arm-none-eabi/10.3.1/../../../../arm-none-eabi/lib/thumb/v6-m/nofp\libc_nano.a(lib_a-malloc.o)
                0x0000000008005410                free
 .text.memcpy   0x0000000008005424       0x12 e:/apps/stm32cubeide_1.11.0/stm32cubeide/plugins/com.st.stm32cube.ide.mcu.externaltools.gnu-tools-for-stm32.10.3-2021.10.win32_1.0.100.202210260954/tools/bin/../lib/gcc/arm-none-eabi/10.3.1/../../../../arm-none-eabi/lib/thumb/v6-m/nofp\libc_nano.a(lib_a-memcpy-stub.o)
                0x0000000008005424                memcpy
 .text.memset   0x0000000008005436       0x10 e:/apps/stm32cubeide_1.11.0/stm32cubeide/plugins/com.st.stm32cube.ide.mcu.externaltools.gnu-tools-for-stm32.10.3-2021.10.win32_1.0.100.202210260954/tools/bin/../lib/gcc/arm-none-eabi/10.3.1/../../../../arm-none-eabi/lib/thumb/v6-m/nofp\libc_nano.a(lib_a-memset.o)
                0x0000000008005436                memset
 .text._calloc_r
                0x0000000008005446       0x58 e:/apps/stm32cubeide_1.11.0/stm32cubeide/plugins/com.st.stm32cube.ide.mcu.externaltools.gnu-tools-for-stm32.10.3-2021.10.win32_1.0.100.202210260954/tools/bin/../lib/gcc/arm-none-eabi/10.3.1/../../../../arm-none-eabi/lib/thumb/v6-m/nofp\libc_nano.a(lib_a-nano-callocr.o)
                0x0000000008005446                _calloc_r
 *fill*         0x000000000800549e        0x2 
 .text._free_r  0x00000000080054a0       0x94 e:/apps/stm32cubeide_1.11.0/stm32cubeide/plugins/com.st.stm32cube.ide.mcu.externaltools.gnu-tools-for-stm32.10.3-2021.10.win32_1.0.100.202210260954/tools/bin/../lib/gcc/arm-none-eabi/10.3.1/../../../../arm-none-eabi/lib/thumb/v6-m/nofp\libc_nano.a(lib_a-nano-freer.o)
                0x00000000080054a0                _free_r
 .text.sbrk_aligned
                0x0000000008005534       0x44 e:/apps/stm32cubeide_1.11.0/stm32cubeide/plugins/com.st.stm32cube.ide.mcu.externaltools.gnu-tools-for-stm32.10.3-2021.10.win32_1.0.100.202210260954/tools/bin/../lib/gcc/arm-none-eabi/10.3.1/../../../../arm-none-eabi/lib/thumb/v6-m/nofp\libc_nano.a(lib_a-nano-mallocr.o)
 .text._malloc_r
                0x0000000008005578       0xec e:/apps/stm32cubeide_1.11.0/stm32cubeide/plugins/com.st.stm32cube.ide.mcu.externaltools.gnu-tools-for-stm32.10.3-2021.10.win32_1.0.100.202210260954/tools/bin/../lib/gcc/arm-none-eabi/10.3.1/../../../../arm-none-eabi/lib/thumb/v6-m/nofp\libc_nano.a(lib_a-nano-mallocr.o)
                0x0000000008005578                _malloc_r
 .text._sbrk_r  0x0000000008005664       0x24 e:/apps/stm32cubeide_1.11.0/stm32cubeide/plugins/com.st.stm32cube.ide.mcu.externaltools.gnu-tools-for-stm32.10.3-2021.10.win32_1.0.100.202210260954/tools/bin/../lib/gcc/arm-none-eabi/10.3.1/../../../../arm-none-eabi/lib/thumb/v6-m/nofp\libc_nano.a(lib_a-sbrkr.o)
                0x0000000008005664                _sbrk_r
 .text.__malloc_lock
                0x0000000008005688       0x10 e:/apps/stm32cubeide_1.11.0/stm32cubeide/plugins/com.st.stm32cube.ide.mcu.externaltools.gnu-tools-for-stm32.10.3-2021.10.win32_1.0.100.202210260954/tools/bin/../lib/gcc/arm-none-eabi/10.3.1/../../../../arm-none-eabi/lib/thumb/v6-m/nofp\libc_nano.a(lib_a-mlock.o)
                0x0000000008005688                __malloc_lock
 .text.__malloc_unlock
                0x0000000008005698       0x10 e:/apps/stm32cubeide_1.11.0/stm32cubeide/plugins/com.st.stm32cube.ide.mcu.externaltools.gnu-tools-for-stm32.10.3-2021.10.win32_1.0.100.202210260954/tools/bin/../lib/gcc/arm-none-eabi/10.3.1/../../../../arm-none-eabi/lib/thumb/v6-m/nofp\libc_nano.a(lib_a-mlock.o)
                0x0000000008005698                __malloc_unlock
 .text.__retarget_lock_acquire_recursive
                0x00000000080056a8        0x2 e:/apps/stm32cubeide_1.11.0/stm32cubeide/plugins/com.st.stm32cube.ide.mcu.externaltools.gnu-tools-for-stm32.10.3-2021.10.win32_1.0.100.202210260954/tools/bin/../lib/gcc/arm-none-eabi/10.3.1/../../../../arm-none-eabi/lib/thumb/v6-m/nofp\libc_nano.a(lib_a-lock.o)
                0x00000000080056a8                __retarget_lock_acquire_recursive
 .text.__retarget_lock_release_recursive
                0x00000000080056aa        0x2 e:/apps/stm32cubeide_1.11.0/stm32cubeide/plugins/com.st.stm32cube.ide.mcu.externaltools.gnu-tools-for-stm32.10.3-2021.10.win32_1.0.100.202210260954/tools/bin/../lib/gcc/arm-none-eabi/10.3.1/../../../../arm-none-eabi/lib/thumb/v6-m/nofp\libc_nano.a(lib_a-lock.o)
                0x00000000080056aa                __retarget_lock_release_recursive
 *(.glue_7)
 .glue_7        0x00000000080056ac        0x0 linker stubs
 *(.glue_7t)
 .glue_7t       0x00000000080056ac        0x0 linker stubs
 *(.eh_frame)
 .eh_frame      0x00000000080056ac        0x0 e:/apps/stm32cubeide_1.11.0/stm32cubeide/plugins/com.st.stm32cube.ide.mcu.externaltools.gnu-tools-for-stm32.10.3-2021.10.win32_1.0.100.202210260954/tools/bin/../lib/gcc/arm-none-eabi/10.3.1/thumb/v6-m/nofp/crtbegin.o
 *(.init)
 .init          0x00000000080056ac        0x4 e:/apps/stm32cubeide_1.11.0/stm32cubeide/plugins/com.st.stm32cube.ide.mcu.externaltools.gnu-tools-for-stm32.10.3-2021.10.win32_1.0.100.202210260954/tools/bin/../lib/gcc/arm-none-eabi/10.3.1/thumb/v6-m/nofp/crti.o
                0x00000000080056ac                _init
 .init          0x00000000080056b0        0x8 e:/apps/stm32cubeide_1.11.0/stm32cubeide/plugins/com.st.stm32cube.ide.mcu.externaltools.gnu-tools-for-stm32.10.3-2021.10.win32_1.0.100.202210260954/tools/bin/../lib/gcc/arm-none-eabi/10.3.1/thumb/v6-m/nofp/crtn.o
 *(.fini)
 .fini          0x00000000080056b8        0x4 e:/apps/stm32cubeide_1.11.0/stm32cubeide/plugins/com.st.stm32cube.ide.mcu.externaltools.gnu-tools-for-stm32.10.3-2021.10.win32_1.0.100.202210260954/tools/bin/../lib/gcc/arm-none-eabi/10.3.1/thumb/v6-m/nofp/crti.o
                0x00000000080056b8                _fini
 .fini          0x00000000080056bc        0x8 e:/apps/stm32cubeide_1.11.0/stm32cubeide/plugins/com.st.stm32cube.ide.mcu.externaltools.gnu-tools-for-stm32.10.3-2021.10.win32_1.0.100.202210260954/tools/bin/../lib/gcc/arm-none-eabi/10.3.1/thumb/v6-m/nofp/crtn.o
 *fill*         0x00000000080056c4        0x4 
 .fini.__stub   0x00000000080056c8       0x10 linker stubs
                0x00000000080056d8                . = ALIGN (0x4)
                0x00000000080056d8                _etext = .

.vfp11_veneer   0x00000000080056d8        0x0
 .vfp11_veneer  0x00000000080056d8        0x0 linker stubs

.v4_bx          0x00000000080056d8        0x0
 .v4_bx         0x00000000080056d8        0x0 linker stubs

.iplt           0x00000000080056d8        0x0
 .iplt          0x00000000080056d8        0x0 e:/apps/stm32cubeide_1.11.0/stm32cubeide/plugins/com.st.stm32cube.ide.mcu.externaltools.gnu-tools-for-stm32.10.3-2021.10.win32_1.0.100.202210260954/tools/bin/../lib/gcc/arm-none-eabi/10.3.1/thumb/v6-m/nofp/crtbegin.o

.rodata         0x00000000080056d8      0x114
                0x00000000080056d8                . = ALIGN (0x4)
 *(.rodata)
 .rodata        0x00000000080056d8       0x80 e:/apps/stm32cubeide_1.11.0/stm32cubeide/plugins/com.st.stm32cube.ide.mcu.externaltools.gnu-tools-for-stm32.10.3-2021.10.win32_1.0.100.202210260954/tools/bin/../lib/gcc/arm-none-eabi/10.3.1/thumb/v6-m/nofp\libgcc.a(divsf3.o)
 .rodata        0x0000000008005758       0x40 e:/apps/stm32cubeide_1.11.0/stm32cubeide/plugins/com.st.stm32cube.ide.mcu.externaltools.gnu-tools-for-stm32.10.3-2021.10.win32_1.0.100.202210260954/tools/bin/../lib/gcc/arm-none-eabi/10.3.1/thumb/v6-m/nofp\libgcc.a(mulsf3.o)
 *(.rodata*)
 .rodata.HAL_TIM_PWM_ConfigChannel
                0x0000000008005798       0x54 ./Drivers/STM32G0xx_HAL_Driver/Src/stm32g0xx_hal_tim.o
                0x00000000080057ec                . = ALIGN (0x4)

.rel.dyn        0x00000000080057ec        0x0
 .rel.iplt      0x00000000080057ec        0x0 e:/apps/stm32cubeide_1.11.0/stm32cubeide/plugins/com.st.stm32cube.ide.mcu.externaltools.gnu-tools-for-stm32.10.3-2021.10.win32_1.0.100.202210260954/tools/bin/../lib/gcc/arm-none-eabi/10.3.1/thumb/v6-m/nofp/crtbegin.o

.ARM.extab      0x00000000080057ec        0x0
                0x00000000080057ec                . = ALIGN (0x4)
 *(.ARM.extab* .gnu.linkonce.armextab.*)
                0x00000000080057ec                . = ALIGN (0x4)

.ARM            0x00000000080057ec        0x0
                0x00000000080057ec                . = ALIGN (0x4)
                0x00000000080057ec                __exidx_start = .
 *(.ARM.exidx*)
                0x00000000080057ec                __exidx_end = .
                0x00000000080057ec                . = ALIGN (0x4)

.preinit_array  0x00000000080057ec        0x0
                0x00000000080057ec                . = ALIGN (0x4)
                0x00000000080057ec                PROVIDE (__preinit_array_start = .)
 *(.preinit_array*)
                0x00000000080057ec                PROVIDE (__preinit_array_end = .)
                0x00000000080057ec                . = ALIGN (0x4)

.init_array     0x00000000080057ec        0x4
                0x00000000080057ec                . = ALIGN (0x4)
                0x00000000080057ec                PROVIDE (__init_array_start = .)
 *(SORT_BY_NAME(.init_array.*))
 *(.init_array*)
 .init_array    0x00000000080057ec        0x4 e:/apps/stm32cubeide_1.11.0/stm32cubeide/plugins/com.st.stm32cube.ide.mcu.externaltools.gnu-tools-for-stm32.10.3-2021.10.win32_1.0.100.202210260954/tools/bin/../lib/gcc/arm-none-eabi/10.3.1/thumb/v6-m/nofp/crtbegin.o
                0x00000000080057f0                PROVIDE (__init_array_end = .)
                0x00000000080057f0                . = ALIGN (0x4)

.fini_array     0x00000000080057f0        0x4
                0x00000000080057f0                . = ALIGN (0x4)
                [!provide]                        PROVIDE (__fini_array_start = .)
 *(SORT_BY_NAME(.fini_array.*))
 *(.fini_array*)
 .fini_array    0x00000000080057f0        0x4 e:/apps/stm32cubeide_1.11.0/stm32cubeide/plugins/com.st.stm32cube.ide.mcu.externaltools.gnu-tools-for-stm32.10.3-2021.10.win32_1.0.100.202210260954/tools/bin/../lib/gcc/arm-none-eabi/10.3.1/thumb/v6-m/nofp/crtbegin.o
                [!provide]                        PROVIDE (__fini_array_end = .)
                0x00000000080057f4                . = ALIGN (0x4)
                0x00000000080057f4                _sidata = LOADADDR (.data)

.data           0x00000000200000c0       0xb4 load address 0x00000000080057f4
                0x00000000200000c0                . = ALIGN (0x4)
                0x00000000200000c0                _sdata = .
 *(.data)
 *(.data*)
 .data.fm_version
                0x00000000200000c0        0x1 ./Core/Src/main.o
 *fill*         0x00000000200000c1        0x3 
 .data.SystemCoreClock
                0x00000000200000c4        0x4 ./Core/Src/system_stm32g0xx.o
                0x00000000200000c4                SystemCoreClock
 .data.uwTickFreq
                0x00000000200000c8        0x1 ./Drivers/STM32G0xx_HAL_Driver/Src/stm32g0xx_hal.o
                0x00000000200000c8                uwTickFreq
 *fill*         0x00000000200000c9        0x3 
 .data.uwTickPrio
                0x00000000200000cc        0x4 ./Drivers/STM32G0xx_HAL_Driver/Src/stm32g0xx_hal.o
                0x00000000200000cc                uwTickPrio
 .data._impure_ptr
                0x00000000200000d0        0x4 e:/apps/stm32cubeide_1.11.0/stm32cubeide/plugins/com.st.stm32cube.ide.mcu.externaltools.gnu-tools-for-stm32.10.3-2021.10.win32_1.0.100.202210260954/tools/bin/../lib/gcc/arm-none-eabi/10.3.1/../../../../arm-none-eabi/lib/thumb/v6-m/nofp\libc_nano.a(lib_a-impure.o)
                0x00000000200000d0                _impure_ptr
 .data.impure_data
                0x00000000200000d4       0x60 e:/apps/stm32cubeide_1.11.0/stm32cubeide/plugins/com.st.stm32cube.ide.mcu.externaltools.gnu-tools-for-stm32.10.3-2021.10.win32_1.0.100.202210260954/tools/bin/../lib/gcc/arm-none-eabi/10.3.1/../../../../arm-none-eabi/lib/thumb/v6-m/nofp\libc_nano.a(lib_a-impure.o)
 *(.RamFunc)
 .RamFunc       0x0000000020000134       0x40 ./Drivers/STM32G0xx_HAL_Driver/Src/stm32g0xx_hal_flash.o
 *(.RamFunc*)
                0x0000000020000174                . = ALIGN (0x4)
                0x0000000020000174                _edata = .

.igot.plt       0x0000000020000174        0x0 load address 0x00000000080058a8
 .igot.plt      0x0000000020000174        0x0 e:/apps/stm32cubeide_1.11.0/stm32cubeide/plugins/com.st.stm32cube.ide.mcu.externaltools.gnu-tools-for-stm32.10.3-2021.10.win32_1.0.100.202210260954/tools/bin/../lib/gcc/arm-none-eabi/10.3.1/thumb/v6-m/nofp/crtbegin.o
                0x0000000020000174                . = ALIGN (0x4)

.bss            0x0000000020000174      0x914 load address 0x00000000080058a8
                0x0000000020000174                _sbss = .
                0x0000000020000174                __bss_start__ = _sbss
 *(.bss)
 .bss           0x0000000020000174       0x1c e:/apps/stm32cubeide_1.11.0/stm32cubeide/plugins/com.st.stm32cube.ide.mcu.externaltools.gnu-tools-for-stm32.10.3-2021.10.win32_1.0.100.202210260954/tools/bin/../lib/gcc/arm-none-eabi/10.3.1/thumb/v6-m/nofp/crtbegin.o
 *(.bss*)
 .bss.aReceiveBuffer
                0x0000000020000190      0x258 ./Core/Src/i2c_ex.o
 .bss.i2c_addr  0x00000000200003e8        0x1 ./Core/Src/i2c_ex.o
 *fill*         0x00000000200003e9        0x3 
 .bss.i2c_stop_timeout_counter
                0x00000000200003ec        0x4 ./Core/Src/i2c_ex.o
                0x00000000200003ec                i2c_stop_timeout_counter
 .bss.i2c_stop_timeout_flag
                0x00000000200003f0        0x4 ./Core/Src/i2c_ex.o
                0x00000000200003f0                i2c_stop_timeout_flag
 .bss.i2c_timeout_counter
                0x00000000200003f4        0x4 ./Core/Src/i2c_ex.o
                0x00000000200003f4                i2c_timeout_counter
 .bss.tx_buffer
                0x00000000200003f8      0x258 ./Core/Src/i2c_ex.o
 .bss.tx_buffer_index
                0x0000000020000650        0x2 ./Core/Src/i2c_ex.o
 .bss.tx_len    0x0000000020000652        0x2 ./Core/Src/i2c_ex.o
 .bss.ubReceiveIndex
                0x0000000020000654        0x2 ./Core/Src/i2c_ex.o
 .bss.flag_jump_bootloader
                0x0000000020000656        0x1 ./Core/Src/main.o
 *fill*         0x0000000020000657        0x1 
 .bss.flash_data
                0x0000000020000658      0x100 ./Core/Src/main.o
 .bss.i2c_address
                0x0000000020000758        0x1 ./Core/Src/main.o
                0x0000000020000758                i2c_address
 *fill*         0x0000000020000759        0x3 
 .bss.i2c_stop_timeout_delay
                0x000000002000075c        0x4 ./Core/Src/main.o
 .bss.is_flash_write_back
                0x0000000020000760        0x1 ./Core/Src/main.o
 .bss.is_irq_enable
                0x0000000020000761        0x1 ./Core/Src/main.o
                0x0000000020000761                is_irq_enable
 *fill*         0x0000000020000762        0x2 
 .bss.jump_bootloader_timeout
                0x0000000020000764        0x4 ./Core/Src/main.o
 .bss.rgb_show_mode
                0x0000000020000768        0x1 ./Core/Src/main.o
 .bss.switch_status
                0x0000000020000769        0x1 ./Core/Src/main.o
                0x0000000020000769                switch_status
 *fill*         0x000000002000076a        0x2 
 .bss.sys_rgb_color_switch_0
                0x000000002000076c       0x20 ./Core/Src/main.o
 .bss.sys_rgb_color_switch_1
                0x000000002000078c       0x20 ./Core/Src/main.o
 .bss.__sbrk_heap_end
                0x00000000200007ac        0x4 ./Core/Src/sysmem.o
 .bss.hdma_tim3_ch2
                0x00000000200007b0       0x5c ./Core/Src/tim.o
                0x00000000200007b0                hdma_tim3_ch2
 .bss.htim3     0x000000002000080c       0x4c ./Core/Src/tim.o
                0x000000002000080c                htim3
 .bss.bled      0x0000000020000858        0x9 ./Core/Src/ws2812.o
                0x0000000020000858                bled
 *fill*         0x0000000020000861        0x3 
 .bss.brightness_index
                0x0000000020000864        0x9 ./Core/Src/ws2812.o
                0x0000000020000864                brightness_index
 *fill*         0x000000002000086d        0x3 
 .bss.color_buf
                0x0000000020000870        0x4 ./Core/Src/ws2812.o
                0x0000000020000870                color_buf
 .bss.frame     0x0000000020000874      0x1b8 ./Core/Src/ws2812.o
                0x0000000020000874                frame
 .bss.gled      0x0000000020000a2c        0x9 ./Core/Src/ws2812.o
                0x0000000020000a2c                gled
 *fill*         0x0000000020000a35        0x3 
 .bss.lastest_rgb_233_color
                0x0000000020000a38        0x4 ./Core/Src/ws2812.o
                0x0000000020000a38                lastest_rgb_233_color
 .bss.lastest_rgb_color
                0x0000000020000a3c        0x4 ./Core/Src/ws2812.o
                0x0000000020000a3c                lastest_rgb_color
 .bss.rgb_233_buffer
                0x0000000020000a40        0x4 ./Core/Src/ws2812.o
                0x0000000020000a40                rgb_233_buffer
 .bss.rgb_buffer
                0x0000000020000a44        0x4 ./Core/Src/ws2812.o
                0x0000000020000a44                rgb_buffer
 .bss.rgb_show_lock
                0x0000000020000a48        0x1 ./Core/Src/ws2812.o
                0x0000000020000a48                rgb_show_lock
 *fill*         0x0000000020000a49        0x3 
 .bss.rled      0x0000000020000a4c        0x9 ./Core/Src/ws2812.o
                0x0000000020000a4c                rled
 *fill*         0x0000000020000a55        0x3 
 .bss.uwTick    0x0000000020000a58        0x4 ./Drivers/STM32G0xx_HAL_Driver/Src/stm32g0xx_hal.o
                0x0000000020000a58                uwTick
 .bss.pFlash    0x0000000020000a5c       0x1c ./Drivers/STM32G0xx_HAL_Driver/Src/stm32g0xx_hal_flash.o
                0x0000000020000a5c                pFlash
 .bss.__malloc_free_list
                0x0000000020000a78        0x4 e:/apps/stm32cubeide_1.11.0/stm32cubeide/plugins/com.st.stm32cube.ide.mcu.externaltools.gnu-tools-for-stm32.10.3-2021.10.win32_1.0.100.202210260954/tools/bin/../lib/gcc/arm-none-eabi/10.3.1/../../../../arm-none-eabi/lib/thumb/v6-m/nofp\libc_nano.a(lib_a-nano-mallocr.o)
                0x0000000020000a78                __malloc_free_list
 .bss.__malloc_sbrk_start
                0x0000000020000a7c        0x4 e:/apps/stm32cubeide_1.11.0/stm32cubeide/plugins/com.st.stm32cube.ide.mcu.externaltools.gnu-tools-for-stm32.10.3-2021.10.win32_1.0.100.202210260954/tools/bin/../lib/gcc/arm-none-eabi/10.3.1/../../../../arm-none-eabi/lib/thumb/v6-m/nofp\libc_nano.a(lib_a-nano-mallocr.o)
                0x0000000020000a7c                __malloc_sbrk_start
 .bss.errno     0x0000000020000a80        0x4 e:/apps/stm32cubeide_1.11.0/stm32cubeide/plugins/com.st.stm32cube.ide.mcu.externaltools.gnu-tools-for-stm32.10.3-2021.10.win32_1.0.100.202210260954/tools/bin/../lib/gcc/arm-none-eabi/10.3.1/../../../../arm-none-eabi/lib/thumb/v6-m/nofp\libc_nano.a(lib_a-reent.o)
                0x0000000020000a80                errno
 .bss.__lock___malloc_recursive_mutex
                0x0000000020000a84        0x1 e:/apps/stm32cubeide_1.11.0/stm32cubeide/plugins/com.st.stm32cube.ide.mcu.externaltools.gnu-tools-for-stm32.10.3-2021.10.win32_1.0.100.202210260954/tools/bin/../lib/gcc/arm-none-eabi/10.3.1/../../../../arm-none-eabi/lib/thumb/v6-m/nofp\libc_nano.a(lib_a-lock.o)
                0x0000000020000a84                __lock___malloc_recursive_mutex
 *(COMMON)
                0x0000000020000a88                . = ALIGN (0x4)
 *fill*         0x0000000020000a85        0x3 
                0x0000000020000a88                _ebss = .
                0x0000000020000a88                __bss_end__ = _ebss

._user_heap_stack
                0x0000000020000a88      0x600 load address 0x00000000080058a8
                0x0000000020000a88                . = ALIGN (0x8)
                [!provide]                        PROVIDE (end = .)
                0x0000000020000a88                PROVIDE (_end = .)
                0x0000000020000c88                . = (. + _Min_Heap_Size)
 *fill*         0x0000000020000a88      0x200 
                0x0000000020001088                . = (. + _Min_Stack_Size)
 *fill*         0x0000000020000c88      0x400 
                0x0000000020001088                . = ALIGN (0x8)

/DISCARD/
 libc.a(*)
 libm.a(*)
 libgcc.a(*)

.ARM.attributes
                0x0000000000000000       0x28
 *(.ARM.attributes)
 .ARM.attributes
                0x0000000000000000       0x1e e:/apps/stm32cubeide_1.11.0/stm32cubeide/plugins/com.st.stm32cube.ide.mcu.externaltools.gnu-tools-for-stm32.10.3-2021.10.win32_1.0.100.202210260954/tools/bin/../lib/gcc/arm-none-eabi/10.3.1/thumb/v6-m/nofp/crti.o
 .ARM.attributes
                0x000000000000001e       0x2c e:/apps/stm32cubeide_1.11.0/stm32cubeide/plugins/com.st.stm32cube.ide.mcu.externaltools.gnu-tools-for-stm32.10.3-2021.10.win32_1.0.100.202210260954/tools/bin/../lib/gcc/arm-none-eabi/10.3.1/thumb/v6-m/nofp/crtbegin.o
 .ARM.attributes
                0x000000000000004a       0x2c ./Core/Src/dma.o
 .ARM.attributes
                0x0000000000000076       0x2c ./Core/Src/flash.o
 .ARM.attributes
                0x00000000000000a2       0x2c ./Core/Src/gpio.o
 .ARM.attributes
                0x00000000000000ce       0x2c ./Core/Src/i2c.o
 .ARM.attributes
                0x00000000000000fa       0x2c ./Core/Src/i2c_ex.o
 .ARM.attributes
                0x0000000000000126       0x2c ./Core/Src/main.o
 .ARM.attributes
                0x0000000000000152       0x2c ./Core/Src/stm32g0xx_hal_msp.o
 .ARM.attributes
                0x000000000000017e       0x2c ./Core/Src/stm32g0xx_it.o
 .ARM.attributes
                0x00000000000001aa       0x2c ./Core/Src/sysmem.o
 .ARM.attributes
                0x00000000000001d6       0x2c ./Core/Src/system_stm32g0xx.o
 .ARM.attributes
                0x0000000000000202       0x2c ./Core/Src/tim.o
 .ARM.attributes
                0x000000000000022e       0x2c ./Core/Src/ws2812.o
 .ARM.attributes
                0x000000000000025a       0x22 ./Core/Startup/startup_stm32g031g8ux.o
 .ARM.attributes
                0x000000000000027c       0x2c ./Drivers/STM32G0xx_HAL_Driver/Src/stm32g0xx_hal.o
 .ARM.attributes
                0x00000000000002a8       0x2c ./Drivers/STM32G0xx_HAL_Driver/Src/stm32g0xx_hal_cortex.o
 .ARM.attributes
                0x00000000000002d4       0x2c ./Drivers/STM32G0xx_HAL_Driver/Src/stm32g0xx_hal_dma.o
 .ARM.attributes
                0x0000000000000300       0x2c ./Drivers/STM32G0xx_HAL_Driver/Src/stm32g0xx_hal_flash.o
 .ARM.attributes
                0x000000000000032c       0x2c ./Drivers/STM32G0xx_HAL_Driver/Src/stm32g0xx_hal_flash_ex.o
 .ARM.attributes
                0x0000000000000358       0x2c ./Drivers/STM32G0xx_HAL_Driver/Src/stm32g0xx_hal_gpio.o
 .ARM.attributes
                0x0000000000000384       0x2c ./Drivers/STM32G0xx_HAL_Driver/Src/stm32g0xx_hal_tim.o
 .ARM.attributes
                0x00000000000003b0       0x2c ./Drivers/STM32G0xx_HAL_Driver/Src/stm32g0xx_hal_tim_ex.o
 .ARM.attributes
                0x00000000000003dc       0x2c ./Drivers/STM32G0xx_HAL_Driver/Src/stm32g0xx_ll_gpio.o
 .ARM.attributes
                0x0000000000000408       0x2c ./Drivers/STM32G0xx_HAL_Driver/Src/stm32g0xx_ll_i2c.o
 .ARM.attributes
                0x0000000000000434       0x2c ./Drivers/STM32G0xx_HAL_Driver/Src/stm32g0xx_ll_utils.o
 .ARM.attributes
                0x0000000000000460       0x2c e:/apps/stm32cubeide_1.11.0/stm32cubeide/plugins/com.st.stm32cube.ide.mcu.externaltools.gnu-tools-for-stm32.10.3-2021.10.win32_1.0.100.202210260954/tools/bin/../lib/gcc/arm-none-eabi/10.3.1/../../../../arm-none-eabi/lib/thumb/v6-m/nofp\libc_nano.a(lib_a-calloc.o)
 .ARM.attributes
                0x000000000000048c       0x2c e:/apps/stm32cubeide_1.11.0/stm32cubeide/plugins/com.st.stm32cube.ide.mcu.externaltools.gnu-tools-for-stm32.10.3-2021.10.win32_1.0.100.202210260954/tools/bin/../lib/gcc/arm-none-eabi/10.3.1/../../../../arm-none-eabi/lib/thumb/v6-m/nofp\libc_nano.a(lib_a-errno.o)
 .ARM.attributes
                0x00000000000004b8       0x2c e:/apps/stm32cubeide_1.11.0/stm32cubeide/plugins/com.st.stm32cube.ide.mcu.externaltools.gnu-tools-for-stm32.10.3-2021.10.win32_1.0.100.202210260954/tools/bin/../lib/gcc/arm-none-eabi/10.3.1/../../../../arm-none-eabi/lib/thumb/v6-m/nofp\libc_nano.a(lib_a-impure.o)
 .ARM.attributes
                0x00000000000004e4       0x2c e:/apps/stm32cubeide_1.11.0/stm32cubeide/plugins/com.st.stm32cube.ide.mcu.externaltools.gnu-tools-for-stm32.10.3-2021.10.win32_1.0.100.202210260954/tools/bin/../lib/gcc/arm-none-eabi/10.3.1/../../../../arm-none-eabi/lib/thumb/v6-m/nofp\libc_nano.a(lib_a-init.o)
 .ARM.attributes
                0x0000000000000510       0x2c e:/apps/stm32cubeide_1.11.0/stm32cubeide/plugins/com.st.stm32cube.ide.mcu.externaltools.gnu-tools-for-stm32.10.3-2021.10.win32_1.0.100.202210260954/tools/bin/../lib/gcc/arm-none-eabi/10.3.1/../../../../arm-none-eabi/lib/thumb/v6-m/nofp\libc_nano.a(lib_a-malloc.o)
 .ARM.attributes
                0x000000000000053c       0x2c e:/apps/stm32cubeide_1.11.0/stm32cubeide/plugins/com.st.stm32cube.ide.mcu.externaltools.gnu-tools-for-stm32.10.3-2021.10.win32_1.0.100.202210260954/tools/bin/../lib/gcc/arm-none-eabi/10.3.1/../../../../arm-none-eabi/lib/thumb/v6-m/nofp\libc_nano.a(lib_a-memcpy-stub.o)
 .ARM.attributes
                0x0000000000000568       0x2c e:/apps/stm32cubeide_1.11.0/stm32cubeide/plugins/com.st.stm32cube.ide.mcu.externaltools.gnu-tools-for-stm32.10.3-2021.10.win32_1.0.100.202210260954/tools/bin/../lib/gcc/arm-none-eabi/10.3.1/../../../../arm-none-eabi/lib/thumb/v6-m/nofp\libc_nano.a(lib_a-memset.o)
 .ARM.attributes
                0x0000000000000594       0x2c e:/apps/stm32cubeide_1.11.0/stm32cubeide/plugins/com.st.stm32cube.ide.mcu.externaltools.gnu-tools-for-stm32.10.3-2021.10.win32_1.0.100.202210260954/tools/bin/../lib/gcc/arm-none-eabi/10.3.1/../../../../arm-none-eabi/lib/thumb/v6-m/nofp\libc_nano.a(lib_a-nano-callocr.o)
 .ARM.attributes
                0x00000000000005c0       0x2c e:/apps/stm32cubeide_1.11.0/stm32cubeide/plugins/com.st.stm32cube.ide.mcu.externaltools.gnu-tools-for-stm32.10.3-2021.10.win32_1.0.100.202210260954/tools/bin/../lib/gcc/arm-none-eabi/10.3.1/../../../../arm-none-eabi/lib/thumb/v6-m/nofp\libc_nano.a(lib_a-nano-freer.o)
 .ARM.attributes
                0x00000000000005ec       0x2c e:/apps/stm32cubeide_1.11.0/stm32cubeide/plugins/com.st.stm32cube.ide.mcu.externaltools.gnu-tools-for-stm32.10.3-2021.10.win32_1.0.100.202210260954/tools/bin/../lib/gcc/arm-none-eabi/10.3.1/../../../../arm-none-eabi/lib/thumb/v6-m/nofp\libc_nano.a(lib_a-nano-mallocr.o)
 .ARM.attributes
                0x0000000000000618       0x2c e:/apps/stm32cubeide_1.11.0/stm32cubeide/plugins/com.st.stm32cube.ide.mcu.externaltools.gnu-tools-for-stm32.10.3-2021.10.win32_1.0.100.202210260954/tools/bin/../lib/gcc/arm-none-eabi/10.3.1/../../../../arm-none-eabi/lib/thumb/v6-m/nofp\libc_nano.a(lib_a-sbrkr.o)
 .ARM.attributes
                0x0000000000000644       0x2c e:/apps/stm32cubeide_1.11.0/stm32cubeide/plugins/com.st.stm32cube.ide.mcu.externaltools.gnu-tools-for-stm32.10.3-2021.10.win32_1.0.100.202210260954/tools/bin/../lib/gcc/arm-none-eabi/10.3.1/../../../../arm-none-eabi/lib/thumb/v6-m/nofp\libc_nano.a(lib_a-mlock.o)
 .ARM.attributes
                0x0000000000000670       0x2c e:/apps/stm32cubeide_1.11.0/stm32cubeide/plugins/com.st.stm32cube.ide.mcu.externaltools.gnu-tools-for-stm32.10.3-2021.10.win32_1.0.100.202210260954/tools/bin/../lib/gcc/arm-none-eabi/10.3.1/../../../../arm-none-eabi/lib/thumb/v6-m/nofp\libc_nano.a(lib_a-reent.o)
 .ARM.attributes
                0x000000000000069c       0x2c e:/apps/stm32cubeide_1.11.0/stm32cubeide/plugins/com.st.stm32cube.ide.mcu.externaltools.gnu-tools-for-stm32.10.3-2021.10.win32_1.0.100.202210260954/tools/bin/../lib/gcc/arm-none-eabi/10.3.1/../../../../arm-none-eabi/lib/thumb/v6-m/nofp\libc_nano.a(lib_a-lock.o)
 .ARM.attributes
                0x00000000000006c8       0x1e e:/apps/stm32cubeide_1.11.0/stm32cubeide/plugins/com.st.stm32cube.ide.mcu.externaltools.gnu-tools-for-stm32.10.3-2021.10.win32_1.0.100.202210260954/tools/bin/../lib/gcc/arm-none-eabi/10.3.1/thumb/v6-m/nofp\libgcc.a(_udivsi3.o)
 .ARM.attributes
                0x00000000000006e6       0x1e e:/apps/stm32cubeide_1.11.0/stm32cubeide/plugins/com.st.stm32cube.ide.mcu.externaltools.gnu-tools-for-stm32.10.3-2021.10.win32_1.0.100.202210260954/tools/bin/../lib/gcc/arm-none-eabi/10.3.1/thumb/v6-m/nofp\libgcc.a(_dvmd_tls.o)
 .ARM.attributes
                0x0000000000000704       0x2c e:/apps/stm32cubeide_1.11.0/stm32cubeide/plugins/com.st.stm32cube.ide.mcu.externaltools.gnu-tools-for-stm32.10.3-2021.10.win32_1.0.100.202210260954/tools/bin/../lib/gcc/arm-none-eabi/10.3.1/thumb/v6-m/nofp\libgcc.a(_fixunssfsi.o)
 .ARM.attributes
                0x0000000000000730       0x2c e:/apps/stm32cubeide_1.11.0/stm32cubeide/plugins/com.st.stm32cube.ide.mcu.externaltools.gnu-tools-for-stm32.10.3-2021.10.win32_1.0.100.202210260954/tools/bin/../lib/gcc/arm-none-eabi/10.3.1/thumb/v6-m/nofp\libgcc.a(divsf3.o)
 .ARM.attributes
                0x000000000000075c       0x2c e:/apps/stm32cubeide_1.11.0/stm32cubeide/plugins/com.st.stm32cube.ide.mcu.externaltools.gnu-tools-for-stm32.10.3-2021.10.win32_1.0.100.202210260954/tools/bin/../lib/gcc/arm-none-eabi/10.3.1/thumb/v6-m/nofp\libgcc.a(mulsf3.o)
 .ARM.attributes
                0x0000000000000788       0x2c e:/apps/stm32cubeide_1.11.0/stm32cubeide/plugins/com.st.stm32cube.ide.mcu.externaltools.gnu-tools-for-stm32.10.3-2021.10.win32_1.0.100.202210260954/tools/bin/../lib/gcc/arm-none-eabi/10.3.1/thumb/v6-m/nofp\libgcc.a(subsf3.o)
 .ARM.attributes
                0x00000000000007b4       0x2c e:/apps/stm32cubeide_1.11.0/stm32cubeide/plugins/com.st.stm32cube.ide.mcu.externaltools.gnu-tools-for-stm32.10.3-2021.10.win32_1.0.100.202210260954/tools/bin/../lib/gcc/arm-none-eabi/10.3.1/thumb/v6-m/nofp\libgcc.a(fixsfsi.o)
 .ARM.attributes
                0x00000000000007e0       0x2c e:/apps/stm32cubeide_1.11.0/stm32cubeide/plugins/com.st.stm32cube.ide.mcu.externaltools.gnu-tools-for-stm32.10.3-2021.10.win32_1.0.100.202210260954/tools/bin/../lib/gcc/arm-none-eabi/10.3.1/thumb/v6-m/nofp\libgcc.a(floatunsisf.o)
 .ARM.attributes
                0x000000000000080c       0x1e e:/apps/stm32cubeide_1.11.0/stm32cubeide/plugins/com.st.stm32cube.ide.mcu.externaltools.gnu-tools-for-stm32.10.3-2021.10.win32_1.0.100.202210260954/tools/bin/../lib/gcc/arm-none-eabi/10.3.1/thumb/v6-m/nofp\libgcc.a(_arm_cmpsf2.o)
 .ARM.attributes
                0x000000000000082a       0x1e e:/apps/stm32cubeide_1.11.0/stm32cubeide/plugins/com.st.stm32cube.ide.mcu.externaltools.gnu-tools-for-stm32.10.3-2021.10.win32_1.0.100.202210260954/tools/bin/../lib/gcc/arm-none-eabi/10.3.1/thumb/v6-m/nofp\libgcc.a(_clzsi2.o)
 .ARM.attributes
                0x0000000000000848       0x2c e:/apps/stm32cubeide_1.11.0/stm32cubeide/plugins/com.st.stm32cube.ide.mcu.externaltools.gnu-tools-for-stm32.10.3-2021.10.win32_1.0.100.202210260954/tools/bin/../lib/gcc/arm-none-eabi/10.3.1/thumb/v6-m/nofp\libgcc.a(eqsf2.o)
 .ARM.attributes
                0x0000000000000874       0x2c e:/apps/stm32cubeide_1.11.0/stm32cubeide/plugins/com.st.stm32cube.ide.mcu.externaltools.gnu-tools-for-stm32.10.3-2021.10.win32_1.0.100.202210260954/tools/bin/../lib/gcc/arm-none-eabi/10.3.1/thumb/v6-m/nofp\libgcc.a(gesf2.o)
 .ARM.attributes
                0x00000000000008a0       0x2c e:/apps/stm32cubeide_1.11.0/stm32cubeide/plugins/com.st.stm32cube.ide.mcu.externaltools.gnu-tools-for-stm32.10.3-2021.10.win32_1.0.100.202210260954/tools/bin/../lib/gcc/arm-none-eabi/10.3.1/thumb/v6-m/nofp\libgcc.a(lesf2.o)
 .ARM.attributes
                0x00000000000008cc       0x1e e:/apps/stm32cubeide_1.11.0/stm32cubeide/plugins/com.st.stm32cube.ide.mcu.externaltools.gnu-tools-for-stm32.10.3-2021.10.win32_1.0.100.202210260954/tools/bin/../lib/gcc/arm-none-eabi/10.3.1/thumb/v6-m/nofp/crtn.o
OUTPUT(Byte_Switch.elf elf32-littlearm)
LOAD linker stubs
LOAD e:/apps/stm32cubeide_1.11.0/stm32cubeide/plugins/com.st.stm32cube.ide.mcu.externaltools.gnu-tools-for-stm32.10.3-2021.10.win32_1.0.100.202210260954/tools/bin/../lib/gcc/arm-none-eabi/10.3.1/../../../../arm-none-eabi/lib/thumb/v6-m/nofp\libc.a
LOAD e:/apps/stm32cubeide_1.11.0/stm32cubeide/plugins/com.st.stm32cube.ide.mcu.externaltools.gnu-tools-for-stm32.10.3-2021.10.win32_1.0.100.202210260954/tools/bin/../lib/gcc/arm-none-eabi/10.3.1/../../../../arm-none-eabi/lib/thumb/v6-m/nofp\libm.a
LOAD e:/apps/stm32cubeide_1.11.0/stm32cubeide/plugins/com.st.stm32cube.ide.mcu.externaltools.gnu-tools-for-stm32.10.3-2021.10.win32_1.0.100.202210260954/tools/bin/../lib/gcc/arm-none-eabi/10.3.1/thumb/v6-m/nofp\libgcc.a

.debug_info     0x0000000000000000    0x13ac6
 .debug_info    0x0000000000000000      0x3b8 ./Core/Src/dma.o
 .debug_info    0x00000000000003b8      0x3d5 ./Core/Src/flash.o
 .debug_info    0x000000000000078d      0x6b8 ./Core/Src/gpio.o
 .debug_info    0x0000000000000e45      0xdc2 ./Core/Src/i2c.o
 .debug_info    0x0000000000001c07      0xd11 ./Core/Src/i2c_ex.o
 .debug_info    0x0000000000002918     0x22fc ./Core/Src/main.o
 .debug_info    0x0000000000004c14      0x296 ./Core/Src/stm32g0xx_hal_msp.o
 .debug_info    0x0000000000004eaa      0x7b2 ./Core/Src/stm32g0xx_it.o
 .debug_info    0x000000000000565c      0x18e ./Core/Src/sysmem.o
 .debug_info    0x00000000000057ea      0x38f ./Core/Src/system_stm32g0xx.o
 .debug_info    0x0000000000005b79      0xe35 ./Core/Src/tim.o
 .debug_info    0x00000000000069ae     0x11f0 ./Core/Src/ws2812.o
 .debug_info    0x0000000000007b9e       0x22 ./Core/Startup/startup_stm32g031g8ux.o
 .debug_info    0x0000000000007bc0      0xb59 ./Drivers/STM32G0xx_HAL_Driver/Src/stm32g0xx_hal.o
 .debug_info    0x0000000000008719      0xaa5 ./Drivers/STM32G0xx_HAL_Driver/Src/stm32g0xx_hal_cortex.o
 .debug_info    0x00000000000091be      0xa84 ./Drivers/STM32G0xx_HAL_Driver/Src/stm32g0xx_hal_dma.o
 .debug_info    0x0000000000009c42      0x898 ./Drivers/STM32G0xx_HAL_Driver/Src/stm32g0xx_hal_flash.o
 .debug_info    0x000000000000a4da      0xdd1 ./Drivers/STM32G0xx_HAL_Driver/Src/stm32g0xx_hal_flash_ex.o
 .debug_info    0x000000000000b2ab      0x62b ./Drivers/STM32G0xx_HAL_Driver/Src/stm32g0xx_hal_gpio.o
 .debug_info    0x000000000000b8d6     0x43e1 ./Drivers/STM32G0xx_HAL_Driver/Src/stm32g0xx_hal_tim.o
 .debug_info    0x000000000000fcb7     0x2024 ./Drivers/STM32G0xx_HAL_Driver/Src/stm32g0xx_hal_tim_ex.o
 .debug_info    0x0000000000011cdb      0x8c7 ./Drivers/STM32G0xx_HAL_Driver/Src/stm32g0xx_ll_gpio.o
 .debug_info    0x00000000000125a2      0x82b ./Drivers/STM32G0xx_HAL_Driver/Src/stm32g0xx_ll_i2c.o
 .debug_info    0x0000000000012dcd      0xcf9 ./Drivers/STM32G0xx_HAL_Driver/Src/stm32g0xx_ll_utils.o

.debug_abbrev   0x0000000000000000     0x359f
 .debug_abbrev  0x0000000000000000      0x148 ./Core/Src/dma.o
 .debug_abbrev  0x0000000000000148      0x1a0 ./Core/Src/flash.o
 .debug_abbrev  0x00000000000002e8      0x1aa ./Core/Src/gpio.o
 .debug_abbrev  0x0000000000000492      0x24e ./Core/Src/i2c.o
 .debug_abbrev  0x00000000000006e0      0x2a9 ./Core/Src/i2c_ex.o
 .debug_abbrev  0x0000000000000989      0x46b ./Core/Src/main.o
 .debug_abbrev  0x0000000000000df4       0xec ./Core/Src/stm32g0xx_hal_msp.o
 .debug_abbrev  0x0000000000000ee0      0x236 ./Core/Src/stm32g0xx_it.o
 .debug_abbrev  0x0000000000001116       0xdd ./Core/Src/sysmem.o
 .debug_abbrev  0x00000000000011f3      0x145 ./Core/Src/system_stm32g0xx.o
 .debug_abbrev  0x0000000000001338      0x23e ./Core/Src/tim.o
 .debug_abbrev  0x0000000000001576      0x2d9 ./Core/Src/ws2812.o
 .debug_abbrev  0x000000000000184f       0x12 ./Core/Startup/startup_stm32g031g8ux.o
 .debug_abbrev  0x0000000000001861      0x2bf ./Drivers/STM32G0xx_HAL_Driver/Src/stm32g0xx_hal.o
 .debug_abbrev  0x0000000000001b20      0x29e ./Drivers/STM32G0xx_HAL_Driver/Src/stm32g0xx_hal_cortex.o
 .debug_abbrev  0x0000000000001dbe      0x27b ./Drivers/STM32G0xx_HAL_Driver/Src/stm32g0xx_hal_dma.o
 .debug_abbrev  0x0000000000002039      0x33b ./Drivers/STM32G0xx_HAL_Driver/Src/stm32g0xx_hal_flash.o
 .debug_abbrev  0x0000000000002374      0x311 ./Drivers/STM32G0xx_HAL_Driver/Src/stm32g0xx_hal_flash_ex.o
 .debug_abbrev  0x0000000000002685      0x200 ./Drivers/STM32G0xx_HAL_Driver/Src/stm32g0xx_hal_gpio.o
 .debug_abbrev  0x0000000000002885      0x31b ./Drivers/STM32G0xx_HAL_Driver/Src/stm32g0xx_hal_tim.o
 .debug_abbrev  0x0000000000002ba0      0x2ac ./Drivers/STM32G0xx_HAL_Driver/Src/stm32g0xx_hal_tim_ex.o
 .debug_abbrev  0x0000000000002e4c      0x22c ./Drivers/STM32G0xx_HAL_Driver/Src/stm32g0xx_ll_gpio.o
 .debug_abbrev  0x0000000000003078      0x205 ./Drivers/STM32G0xx_HAL_Driver/Src/stm32g0xx_ll_i2c.o
 .debug_abbrev  0x000000000000327d      0x322 ./Drivers/STM32G0xx_HAL_Driver/Src/stm32g0xx_ll_utils.o

.debug_aranges  0x0000000000000000      0xcc0
 .debug_aranges
                0x0000000000000000       0x20 ./Core/Src/dma.o
 .debug_aranges
                0x0000000000000020       0x38 ./Core/Src/flash.o
 .debug_aranges
                0x0000000000000058       0x28 ./Core/Src/gpio.o
 .debug_aranges
                0x0000000000000080       0x28 ./Core/Src/i2c.o
 .debug_aranges
                0x00000000000000a8       0x60 ./Core/Src/i2c_ex.o
 .debug_aranges
                0x0000000000000108       0x68 ./Core/Src/main.o
 .debug_aranges
                0x0000000000000170       0x20 ./Core/Src/stm32g0xx_hal_msp.o
 .debug_aranges
                0x0000000000000190       0x68 ./Core/Src/stm32g0xx_it.o
 .debug_aranges
                0x00000000000001f8       0x20 ./Core/Src/sysmem.o
 .debug_aranges
                0x0000000000000218       0x28 ./Core/Src/system_stm32g0xx.o
 .debug_aranges
                0x0000000000000240       0x38 ./Core/Src/tim.o
 .debug_aranges
                0x0000000000000278       0x88 ./Core/Src/ws2812.o
 .debug_aranges
                0x0000000000000300       0x28 ./Core/Startup/startup_stm32g031g8ux.o
 .debug_aranges
                0x0000000000000328      0x128 ./Drivers/STM32G0xx_HAL_Driver/Src/stm32g0xx_hal.o
 .debug_aranges
                0x0000000000000450       0xa0 ./Drivers/STM32G0xx_HAL_Driver/Src/stm32g0xx_hal_cortex.o
 .debug_aranges
                0x00000000000004f0       0x88 ./Drivers/STM32G0xx_HAL_Driver/Src/stm32g0xx_hal_dma.o
 .debug_aranges
                0x0000000000000578       0x80 ./Drivers/STM32G0xx_HAL_Driver/Src/stm32g0xx_hal_flash.o
 .debug_aranges
                0x00000000000005f8       0x70 ./Drivers/STM32G0xx_HAL_Driver/Src/stm32g0xx_hal_flash_ex.o
 .debug_aranges
                0x0000000000000668       0x60 ./Drivers/STM32G0xx_HAL_Driver/Src/stm32g0xx_hal_gpio.o
 .debug_aranges
                0x00000000000006c8      0x3b0 ./Drivers/STM32G0xx_HAL_Driver/Src/stm32g0xx_hal_tim.o
 .debug_aranges
                0x0000000000000a78      0x198 ./Drivers/STM32G0xx_HAL_Driver/Src/stm32g0xx_hal_tim_ex.o
 .debug_aranges
                0x0000000000000c10       0x30 ./Drivers/STM32G0xx_HAL_Driver/Src/stm32g0xx_ll_gpio.o
 .debug_aranges
                0x0000000000000c40       0x30 ./Drivers/STM32G0xx_HAL_Driver/Src/stm32g0xx_ll_i2c.o
 .debug_aranges
                0x0000000000000c70       0x50 ./Drivers/STM32G0xx_HAL_Driver/Src/stm32g0xx_ll_utils.o

.debug_ranges   0x0000000000000000      0xe70
 .debug_ranges  0x0000000000000000       0x10 ./Core/Src/dma.o
 .debug_ranges  0x0000000000000010       0x28 ./Core/Src/flash.o
 .debug_ranges  0x0000000000000038       0x18 ./Core/Src/gpio.o
 .debug_ranges  0x0000000000000050       0x18 ./Core/Src/i2c.o
 .debug_ranges  0x0000000000000068       0x68 ./Core/Src/i2c_ex.o
 .debug_ranges  0x00000000000000d0      0x170 ./Core/Src/main.o
 .debug_ranges  0x0000000000000240       0x10 ./Core/Src/stm32g0xx_hal_msp.o
 .debug_ranges  0x0000000000000250       0x58 ./Core/Src/stm32g0xx_it.o
 .debug_ranges  0x00000000000002a8       0x10 ./Core/Src/sysmem.o
 .debug_ranges  0x00000000000002b8       0x18 ./Core/Src/system_stm32g0xx.o
 .debug_ranges  0x00000000000002d0       0x28 ./Core/Src/tim.o
 .debug_ranges  0x00000000000002f8       0x78 ./Core/Src/ws2812.o
 .debug_ranges  0x0000000000000370       0x20 ./Core/Startup/startup_stm32g031g8ux.o
 .debug_ranges  0x0000000000000390      0x118 ./Drivers/STM32G0xx_HAL_Driver/Src/stm32g0xx_hal.o
 .debug_ranges  0x00000000000004a8       0xd8 ./Drivers/STM32G0xx_HAL_Driver/Src/stm32g0xx_hal_cortex.o
 .debug_ranges  0x0000000000000580       0x78 ./Drivers/STM32G0xx_HAL_Driver/Src/stm32g0xx_hal_dma.o
 .debug_ranges  0x00000000000005f8       0x70 ./Drivers/STM32G0xx_HAL_Driver/Src/stm32g0xx_hal_flash.o
 .debug_ranges  0x0000000000000668       0x78 ./Drivers/STM32G0xx_HAL_Driver/Src/stm32g0xx_hal_flash_ex.o
 .debug_ranges  0x00000000000006e0       0x50 ./Drivers/STM32G0xx_HAL_Driver/Src/stm32g0xx_hal_gpio.o
 .debug_ranges  0x0000000000000730      0x430 ./Drivers/STM32G0xx_HAL_Driver/Src/stm32g0xx_hal_tim.o
 .debug_ranges  0x0000000000000b60      0x188 ./Drivers/STM32G0xx_HAL_Driver/Src/stm32g0xx_hal_tim_ex.o
 .debug_ranges  0x0000000000000ce8       0x80 ./Drivers/STM32G0xx_HAL_Driver/Src/stm32g0xx_ll_gpio.o
 .debug_ranges  0x0000000000000d68       0x50 ./Drivers/STM32G0xx_HAL_Driver/Src/stm32g0xx_ll_i2c.o
 .debug_ranges  0x0000000000000db8       0xb8 ./Drivers/STM32G0xx_HAL_Driver/Src/stm32g0xx_ll_utils.o

.debug_macro    0x0000000000000000    0x18997
 .debug_macro   0x0000000000000000      0x234 ./Core/Src/dma.o
 .debug_macro   0x0000000000000234      0xa54 ./Core/Src/dma.o
 .debug_macro   0x0000000000000c88      0x117 ./Core/Src/dma.o
 .debug_macro   0x0000000000000d9f       0x2e ./Core/Src/dma.o
 .debug_macro   0x0000000000000dcd       0x28 ./Core/Src/dma.o
 .debug_macro   0x0000000000000df5       0x22 ./Core/Src/dma.o
 .debug_macro   0x0000000000000e17       0x8e ./Core/Src/dma.o
 .debug_macro   0x0000000000000ea5       0x51 ./Core/Src/dma.o
 .debug_macro   0x0000000000000ef6      0x103 ./Core/Src/dma.o
 .debug_macro   0x0000000000000ff9       0x6a ./Core/Src/dma.o
 .debug_macro   0x0000000000001063      0x1df ./Core/Src/dma.o
 .debug_macro   0x0000000000001242       0x1c ./Core/Src/dma.o
 .debug_macro   0x000000000000125e       0x22 ./Core/Src/dma.o
 .debug_macro   0x0000000000001280       0xd1 ./Core/Src/dma.o
 .debug_macro   0x0000000000001351      0x4da ./Core/Src/dma.o
 .debug_macro   0x000000000000182b      0x11f ./Core/Src/dma.o
 .debug_macro   0x000000000000194a     0xac2c ./Core/Src/dma.o
 .debug_macro   0x000000000000c576       0x66 ./Core/Src/dma.o
 .debug_macro   0x000000000000c5dc     0x350e ./Core/Src/dma.o
 .debug_macro   0x000000000000faea      0x174 ./Core/Src/dma.o
 .debug_macro   0x000000000000fc5e       0x5c ./Core/Src/dma.o
 .debug_macro   0x000000000000fcba      0x526 ./Core/Src/dma.o
 .debug_macro   0x00000000000101e0      0xf70 ./Core/Src/dma.o
 .debug_macro   0x0000000000011150      0x1d8 ./Core/Src/dma.o
 .debug_macro   0x0000000000011328      0x1cf ./Core/Src/dma.o
 .debug_macro   0x00000000000114f7      0x122 ./Core/Src/dma.o
 .debug_macro   0x0000000000011619      0x390 ./Core/Src/dma.o
 .debug_macro   0x00000000000119a9      0x209 ./Core/Src/dma.o
 .debug_macro   0x0000000000011bb2      0x2ff ./Core/Src/dma.o
 .debug_macro   0x0000000000011eb1      0x1b2 ./Core/Src/dma.o
 .debug_macro   0x0000000000012063       0x43 ./Core/Src/dma.o
 .debug_macro   0x00000000000120a6      0x1f1 ./Core/Src/dma.o
 .debug_macro   0x0000000000012297      0x1d6 ./Core/Src/dma.o
 .debug_macro   0x000000000001246d      0x38a ./Core/Src/dma.o
 .debug_macro   0x00000000000127f7       0x28 ./Core/Src/dma.o
 .debug_macro   0x000000000001281f       0xe4 ./Core/Src/dma.o
 .debug_macro   0x0000000000012903      0x10c ./Core/Src/dma.o
 .debug_macro   0x0000000000012a0f      0x240 ./Core/Src/dma.o
 .debug_macro   0x0000000000012c4f      0xac2 ./Core/Src/dma.o
 .debug_macro   0x0000000000013711      0x135 ./Core/Src/dma.o
 .debug_macro   0x0000000000013846      0x49d ./Core/Src/dma.o
 .debug_macro   0x0000000000013ce3      0x24d ./Core/Src/dma.o
 .debug_macro   0x0000000000013f30       0xee ./Core/Src/dma.o
 .debug_macro   0x000000000001401e      0x156 ./Core/Src/dma.o
 .debug_macro   0x0000000000014174      0x192 ./Core/Src/dma.o
 .debug_macro   0x0000000000014306      0x174 ./Core/Src/dma.o
 .debug_macro   0x000000000001447a       0x5a ./Core/Src/dma.o
 .debug_macro   0x00000000000144d4      0x1c7 ./Core/Src/dma.o
 .debug_macro   0x000000000001469b      0x131 ./Core/Src/dma.o
 .debug_macro   0x00000000000147cc       0xa0 ./Core/Src/dma.o
 .debug_macro   0x000000000001486c      0x1e7 ./Core/Src/flash.o
 .debug_macro   0x0000000000014a53       0x22 ./Core/Src/flash.o
 .debug_macro   0x0000000000014a75       0x7c ./Core/Src/flash.o
 .debug_macro   0x0000000000014af1      0x234 ./Core/Src/gpio.o
 .debug_macro   0x0000000000014d25      0x23e ./Core/Src/i2c.o
 .debug_macro   0x0000000000014f63      0x3dd ./Core/Src/i2c_ex.o
 .debug_macro   0x0000000000015340       0x52 ./Core/Src/i2c_ex.o
 .debug_macro   0x0000000000015392       0x18 ./Core/Src/i2c_ex.o
 .debug_macro   0x00000000000153aa       0x3c ./Core/Src/i2c_ex.o
 .debug_macro   0x00000000000153e6       0x34 ./Core/Src/i2c_ex.o
 .debug_macro   0x000000000001541a       0x16 ./Core/Src/i2c_ex.o
 .debug_macro   0x0000000000015430       0x35 ./Core/Src/i2c_ex.o
 .debug_macro   0x0000000000015465      0x341 ./Core/Src/i2c_ex.o
 .debug_macro   0x00000000000157a6       0x10 ./Core/Src/i2c_ex.o
 .debug_macro   0x00000000000157b6       0x16 ./Core/Src/i2c_ex.o
 .debug_macro   0x00000000000157cc       0x43 ./Core/Src/i2c_ex.o
 .debug_macro   0x000000000001580f       0x34 ./Core/Src/i2c_ex.o
 .debug_macro   0x0000000000015843       0x10 ./Core/Src/i2c_ex.o
 .debug_macro   0x0000000000015853       0x58 ./Core/Src/i2c_ex.o
 .debug_macro   0x00000000000158ab       0x71 ./Core/Src/i2c_ex.o
 .debug_macro   0x000000000001591c       0x1c ./Core/Src/i2c_ex.o
 .debug_macro   0x0000000000015938      0x12a ./Core/Src/i2c_ex.o
 .debug_macro   0x0000000000015a62       0x10 ./Core/Src/i2c_ex.o
 .debug_macro   0x0000000000015a72       0x1c ./Core/Src/i2c_ex.o
 .debug_macro   0x0000000000015a8e       0x52 ./Core/Src/i2c_ex.o
 .debug_macro   0x0000000000015ae0       0x22 ./Core/Src/i2c_ex.o
 .debug_macro   0x0000000000015b02       0x10 ./Core/Src/i2c_ex.o
 .debug_macro   0x0000000000015b12       0x52 ./Core/Src/i2c_ex.o
 .debug_macro   0x0000000000015b64       0xd5 ./Core/Src/i2c_ex.o
 .debug_macro   0x0000000000015c39       0x1c ./Core/Src/i2c_ex.o
 .debug_macro   0x0000000000015c55       0x3d ./Core/Src/i2c_ex.o
 .debug_macro   0x0000000000015c92       0x16 ./Core/Src/i2c_ex.o
 .debug_macro   0x0000000000015ca8      0x145 ./Core/Src/i2c_ex.o
 .debug_macro   0x0000000000015ded       0x16 ./Core/Src/i2c_ex.o
 .debug_macro   0x0000000000015e03       0x20 ./Core/Src/i2c_ex.o
 .debug_macro   0x0000000000015e23      0x36b ./Core/Src/main.o
 .debug_macro   0x000000000001618e       0x10 ./Core/Src/main.o
 .debug_macro   0x000000000001619e       0x22 ./Core/Src/main.o
 .debug_macro   0x00000000000161c0      0x22a ./Core/Src/stm32g0xx_hal_msp.o
 .debug_macro   0x00000000000163ea      0x234 ./Core/Src/stm32g0xx_it.o
 .debug_macro   0x000000000001661e       0xff ./Core/Src/sysmem.o
 .debug_macro   0x000000000001671d      0x23b ./Core/Src/sysmem.o
 .debug_macro   0x0000000000016958      0x1cb ./Core/Src/system_stm32g0xx.o
 .debug_macro   0x0000000000016b23      0x234 ./Core/Src/tim.o
 .debug_macro   0x0000000000016d57      0x33f ./Core/Src/ws2812.o
 .debug_macro   0x0000000000017096       0x1c ./Core/Src/ws2812.o
 .debug_macro   0x00000000000170b2      0x1ef ./Drivers/STM32G0xx_HAL_Driver/Src/stm32g0xx_hal.o
 .debug_macro   0x00000000000172a1      0x1cb ./Drivers/STM32G0xx_HAL_Driver/Src/stm32g0xx_hal_cortex.o
 .debug_macro   0x000000000001746c      0x1cb ./Drivers/STM32G0xx_HAL_Driver/Src/stm32g0xx_hal_dma.o
 .debug_macro   0x0000000000017637      0x1cb ./Drivers/STM32G0xx_HAL_Driver/Src/stm32g0xx_hal_flash.o
 .debug_macro   0x0000000000017802      0x1cb ./Drivers/STM32G0xx_HAL_Driver/Src/stm32g0xx_hal_flash_ex.o
 .debug_macro   0x00000000000179cd      0x1d2 ./Drivers/STM32G0xx_HAL_Driver/Src/stm32g0xx_hal_gpio.o
 .debug_macro   0x0000000000017b9f      0x1d3 ./Drivers/STM32G0xx_HAL_Driver/Src/stm32g0xx_hal_tim.o
 .debug_macro   0x0000000000017d72      0x1d1 ./Drivers/STM32G0xx_HAL_Driver/Src/stm32g0xx_hal_tim_ex.o
 .debug_macro   0x0000000000017f43      0x20d ./Drivers/STM32G0xx_HAL_Driver/Src/stm32g0xx_ll_gpio.o
 .debug_macro   0x0000000000018150      0x12b ./Drivers/STM32G0xx_HAL_Driver/Src/stm32g0xx_ll_gpio.o
 .debug_macro   0x000000000001827b      0x20d ./Drivers/STM32G0xx_HAL_Driver/Src/stm32g0xx_ll_i2c.o
 .debug_macro   0x0000000000018488      0x247 ./Drivers/STM32G0xx_HAL_Driver/Src/stm32g0xx_ll_i2c.o
 .debug_macro   0x00000000000186cf      0x274 ./Drivers/STM32G0xx_HAL_Driver/Src/stm32g0xx_ll_utils.o
 .debug_macro   0x0000000000018943       0x54 ./Drivers/STM32G0xx_HAL_Driver/Src/stm32g0xx_ll_utils.o

.debug_line     0x0000000000000000    0x16a99
 .debug_line    0x0000000000000000      0x797 ./Core/Src/dma.o
 .debug_line    0x0000000000000797      0x939 ./Core/Src/flash.o
 .debug_line    0x00000000000010d0      0x82d ./Core/Src/gpio.o
 .debug_line    0x00000000000018fd      0xad4 ./Core/Src/i2c.o
 .debug_line    0x00000000000023d1      0xe80 ./Core/Src/i2c_ex.o
 .debug_line    0x0000000000003251     0x153c ./Core/Src/main.o
 .debug_line    0x000000000000478d      0x7a0 ./Core/Src/stm32g0xx_hal_msp.o
 .debug_line    0x0000000000004f2d      0xa36 ./Core/Src/stm32g0xx_it.o
 .debug_line    0x0000000000005963      0x522 ./Core/Src/sysmem.o
 .debug_line    0x0000000000005e85      0x7b9 ./Core/Src/system_stm32g0xx.o
 .debug_line    0x000000000000663e      0x948 ./Core/Src/tim.o
 .debug_line    0x0000000000006f86      0xd86 ./Core/Src/ws2812.o
 .debug_line    0x0000000000007d0c       0x89 ./Core/Startup/startup_stm32g031g8ux.o
 .debug_line    0x0000000000007d95      0xb50 ./Drivers/STM32G0xx_HAL_Driver/Src/stm32g0xx_hal.o
 .debug_line    0x00000000000088e5      0xb8c ./Drivers/STM32G0xx_HAL_Driver/Src/stm32g0xx_hal_cortex.o
 .debug_line    0x0000000000009471     0x1048 ./Drivers/STM32G0xx_HAL_Driver/Src/stm32g0xx_hal_dma.o
 .debug_line    0x000000000000a4b9      0xbf4 ./Drivers/STM32G0xx_HAL_Driver/Src/stm32g0xx_hal_flash.o
 .debug_line    0x000000000000b0ad      0xdf1 ./Drivers/STM32G0xx_HAL_Driver/Src/stm32g0xx_hal_flash_ex.o
 .debug_line    0x000000000000be9e      0xbc3 ./Drivers/STM32G0xx_HAL_Driver/Src/stm32g0xx_hal_gpio.o
 .debug_line    0x000000000000ca61     0x5b7c ./Drivers/STM32G0xx_HAL_Driver/Src/stm32g0xx_hal_tim.o
 .debug_line    0x00000000000125dd     0x25bc ./Drivers/STM32G0xx_HAL_Driver/Src/stm32g0xx_hal_tim_ex.o
 .debug_line    0x0000000000014b99      0x9c2 ./Drivers/STM32G0xx_HAL_Driver/Src/stm32g0xx_ll_gpio.o
 .debug_line    0x000000000001555b      0x8d7 ./Drivers/STM32G0xx_HAL_Driver/Src/stm32g0xx_ll_i2c.o
 .debug_line    0x0000000000015e32      0xc67 ./Drivers/STM32G0xx_HAL_Driver/Src/stm32g0xx_ll_utils.o

.debug_str      0x0000000000000000    0x9495c
 .debug_str     0x0000000000000000    0x8add2 ./Core/Src/dma.o
                                      0x8b395 (size before relaxing)
 .debug_str     0x000000000008add2      0x7cb ./Core/Src/flash.o
                                      0x86f4c (size before relaxing)
 .debug_str     0x000000000008b59d       0xba ./Core/Src/gpio.o
                                      0x8b462 (size before relaxing)
 .debug_str     0x000000000008b657      0x256 ./Core/Src/i2c.o
                                      0x8b692 (size before relaxing)
 .debug_str     0x000000000008b8ad     0x418b ./Core/Src/i2c_ex.o
                                      0x8f31c (size before relaxing)
 .debug_str     0x000000000008fa38      0xb39 ./Core/Src/main.o
                                      0x8f515 (size before relaxing)
 .debug_str     0x0000000000090571       0x2c ./Core/Src/stm32g0xx_hal_msp.o
                                      0x8b1b3 (size before relaxing)
 .debug_str     0x000000000009059d      0x10f ./Core/Src/stm32g0xx_it.o
                                      0x8b546 (size before relaxing)
 .debug_str     0x00000000000906ac      0x4da ./Core/Src/sysmem.o
                                       0x5cc2 (size before relaxing)
 .debug_str     0x0000000000090b86       0x8c ./Core/Src/system_stm32g0xx.o
                                      0x868bd (size before relaxing)
 .debug_str     0x0000000000090c12      0x183 ./Core/Src/tim.o
                                      0x8ba13 (size before relaxing)
 .debug_str     0x0000000000090d95      0x240 ./Core/Src/ws2812.o
                                      0x8e907 (size before relaxing)
 .debug_str     0x0000000000090fd5       0x36 ./Core/Startup/startup_stm32g031g8ux.o
                                         0x74 (size before relaxing)
 .debug_str     0x000000000009100b      0x4de ./Drivers/STM32G0xx_HAL_Driver/Src/stm32g0xx_hal.o
                                      0x87093 (size before relaxing)
 .debug_str     0x00000000000914e9      0x239 ./Drivers/STM32G0xx_HAL_Driver/Src/stm32g0xx_hal_cortex.o
                                      0x86d39 (size before relaxing)
 .debug_str     0x0000000000091722      0x293 ./Drivers/STM32G0xx_HAL_Driver/Src/stm32g0xx_hal_dma.o
                                      0x86d57 (size before relaxing)
 .debug_str     0x00000000000919b5      0x1eb ./Drivers/STM32G0xx_HAL_Driver/Src/stm32g0xx_hal_flash.o
                                      0x86ae0 (size before relaxing)
 .debug_str     0x0000000000091ba0      0x35b ./Drivers/STM32G0xx_HAL_Driver/Src/stm32g0xx_hal_flash_ex.o
                                      0x86c83 (size before relaxing)
 .debug_str     0x0000000000091efb      0x123 ./Drivers/STM32G0xx_HAL_Driver/Src/stm32g0xx_hal_gpio.o
                                      0x869e4 (size before relaxing)
 .debug_str     0x000000000009201e      0xdf3 ./Drivers/STM32G0xx_HAL_Driver/Src/stm32g0xx_hal_tim.o
                                      0x87df1 (size before relaxing)
 .debug_str     0x0000000000092e11      0x5f9 ./Drivers/STM32G0xx_HAL_Driver/Src/stm32g0xx_hal_tim_ex.o
                                      0x8777f (size before relaxing)
 .debug_str     0x000000000009340a      0x53a ./Drivers/STM32G0xx_HAL_Driver/Src/stm32g0xx_ll_gpio.o
                                      0x87b1d (size before relaxing)
 .debug_str     0x0000000000093944      0x3c4 ./Drivers/STM32G0xx_HAL_Driver/Src/stm32g0xx_ll_i2c.o
                                      0x88295 (size before relaxing)
 .debug_str     0x0000000000093d08      0xc54 ./Drivers/STM32G0xx_HAL_Driver/Src/stm32g0xx_ll_utils.o
                                      0x88c20 (size before relaxing)

.comment        0x0000000000000000       0x50
 .comment       0x0000000000000000       0x50 ./Core/Src/dma.o
                                         0x51 (size before relaxing)
 .comment       0x0000000000000050       0x51 ./Core/Src/flash.o
 .comment       0x0000000000000050       0x51 ./Core/Src/gpio.o
 .comment       0x0000000000000050       0x51 ./Core/Src/i2c.o
 .comment       0x0000000000000050       0x51 ./Core/Src/i2c_ex.o
 .comment       0x0000000000000050       0x51 ./Core/Src/main.o
 .comment       0x0000000000000050       0x51 ./Core/Src/stm32g0xx_hal_msp.o
 .comment       0x0000000000000050       0x51 ./Core/Src/stm32g0xx_it.o
 .comment       0x0000000000000050       0x51 ./Core/Src/sysmem.o
 .comment       0x0000000000000050       0x51 ./Core/Src/system_stm32g0xx.o
 .comment       0x0000000000000050       0x51 ./Core/Src/tim.o
 .comment       0x0000000000000050       0x51 ./Core/Src/ws2812.o
 .comment       0x0000000000000050       0x51 ./Drivers/STM32G0xx_HAL_Driver/Src/stm32g0xx_hal.o
 .comment       0x0000000000000050       0x51 ./Drivers/STM32G0xx_HAL_Driver/Src/stm32g0xx_hal_cortex.o
 .comment       0x0000000000000050       0x51 ./Drivers/STM32G0xx_HAL_Driver/Src/stm32g0xx_hal_dma.o
 .comment       0x0000000000000050       0x51 ./Drivers/STM32G0xx_HAL_Driver/Src/stm32g0xx_hal_flash.o
 .comment       0x0000000000000050       0x51 ./Drivers/STM32G0xx_HAL_Driver/Src/stm32g0xx_hal_flash_ex.o
 .comment       0x0000000000000050       0x51 ./Drivers/STM32G0xx_HAL_Driver/Src/stm32g0xx_hal_gpio.o
 .comment       0x0000000000000050       0x51 ./Drivers/STM32G0xx_HAL_Driver/Src/stm32g0xx_hal_tim.o
 .comment       0x0000000000000050       0x51 ./Drivers/STM32G0xx_HAL_Driver/Src/stm32g0xx_hal_tim_ex.o
 .comment       0x0000000000000050       0x51 ./Drivers/STM32G0xx_HAL_Driver/Src/stm32g0xx_ll_gpio.o
 .comment       0x0000000000000050       0x51 ./Drivers/STM32G0xx_HAL_Driver/Src/stm32g0xx_ll_i2c.o
 .comment       0x0000000000000050       0x51 ./Drivers/STM32G0xx_HAL_Driver/Src/stm32g0xx_ll_utils.o

.debug_frame    0x0000000000000000     0x2400
 .debug_frame   0x0000000000000000       0x28 ./Core/Src/dma.o
 .debug_frame   0x0000000000000028       0x74 ./Core/Src/flash.o
 .debug_frame   0x000000000000009c       0x44 ./Core/Src/gpio.o
 .debug_frame   0x00000000000000e0       0x60 ./Core/Src/i2c.o
 .debug_frame   0x0000000000000140       0xb4 ./Core/Src/i2c_ex.o
 .debug_frame   0x00000000000001f4      0x12c ./Core/Src/main.o
 .debug_frame   0x0000000000000320       0x24 ./Core/Src/stm32g0xx_hal_msp.o
 .debug_frame   0x0000000000000344       0xd8 ./Core/Src/stm32g0xx_it.o
 .debug_frame   0x000000000000041c       0x28 ./Core/Src/sysmem.o
 .debug_frame   0x0000000000000444       0x38 ./Core/Src/system_stm32g0xx.o
 .debug_frame   0x000000000000047c       0x78 ./Core/Src/tim.o
 .debug_frame   0x00000000000004f4      0x184 ./Core/Src/ws2812.o
 .debug_frame   0x0000000000000678      0x268 ./Drivers/STM32G0xx_HAL_Driver/Src/stm32g0xx_hal.o
 .debug_frame   0x00000000000008e0      0x134 ./Drivers/STM32G0xx_HAL_Driver/Src/stm32g0xx_hal_cortex.o
 .debug_frame   0x0000000000000a14      0x180 ./Drivers/STM32G0xx_HAL_Driver/Src/stm32g0xx_hal_dma.o
 .debug_frame   0x0000000000000b94      0x130 ./Drivers/STM32G0xx_HAL_Driver/Src/stm32g0xx_hal_flash.o
 .debug_frame   0x0000000000000cc4       0xf0 ./Drivers/STM32G0xx_HAL_Driver/Src/stm32g0xx_hal_flash_ex.o
 .debug_frame   0x0000000000000db4       0xe4 ./Drivers/STM32G0xx_HAL_Driver/Src/stm32g0xx_hal_gpio.o
 .debug_frame   0x0000000000000e98      0xa88 ./Drivers/STM32G0xx_HAL_Driver/Src/stm32g0xx_hal_tim.o
 .debug_frame   0x0000000000001920      0x4c0 ./Drivers/STM32G0xx_HAL_Driver/Src/stm32g0xx_hal_tim_ex.o
 .debug_frame   0x0000000000001de0       0x58 ./Drivers/STM32G0xx_HAL_Driver/Src/stm32g0xx_ll_gpio.o
 .debug_frame   0x0000000000001e38       0x4c ./Drivers/STM32G0xx_HAL_Driver/Src/stm32g0xx_ll_i2c.o
 .debug_frame   0x0000000000001e84       0xb4 ./Drivers/STM32G0xx_HAL_Driver/Src/stm32g0xx_ll_utils.o
 .debug_frame   0x0000000000001f38       0x28 e:/apps/stm32cubeide_1.11.0/stm32cubeide/plugins/com.st.stm32cube.ide.mcu.externaltools.gnu-tools-for-stm32.10.3-2021.10.win32_1.0.100.202210260954/tools/bin/../lib/gcc/arm-none-eabi/10.3.1/../../../../arm-none-eabi/lib/thumb/v6-m/nofp\libc_nano.a(lib_a-calloc.o)
 .debug_frame   0x0000000000001f60       0x20 e:/apps/stm32cubeide_1.11.0/stm32cubeide/plugins/com.st.stm32cube.ide.mcu.externaltools.gnu-tools-for-stm32.10.3-2021.10.win32_1.0.100.202210260954/tools/bin/../lib/gcc/arm-none-eabi/10.3.1/../../../../arm-none-eabi/lib/thumb/v6-m/nofp\libc_nano.a(lib_a-errno.o)
 .debug_frame   0x0000000000001f80       0x2c e:/apps/stm32cubeide_1.11.0/stm32cubeide/plugins/com.st.stm32cube.ide.mcu.externaltools.gnu-tools-for-stm32.10.3-2021.10.win32_1.0.100.202210260954/tools/bin/../lib/gcc/arm-none-eabi/10.3.1/../../../../arm-none-eabi/lib/thumb/v6-m/nofp\libc_nano.a(lib_a-init.o)
 .debug_frame   0x0000000000001fac       0x40 e:/apps/stm32cubeide_1.11.0/stm32cubeide/plugins/com.st.stm32cube.ide.mcu.externaltools.gnu-tools-for-stm32.10.3-2021.10.win32_1.0.100.202210260954/tools/bin/../lib/gcc/arm-none-eabi/10.3.1/../../../../arm-none-eabi/lib/thumb/v6-m/nofp\libc_nano.a(lib_a-malloc.o)
 .debug_frame   0x0000000000001fec       0x28 e:/apps/stm32cubeide_1.11.0/stm32cubeide/plugins/com.st.stm32cube.ide.mcu.externaltools.gnu-tools-for-stm32.10.3-2021.10.win32_1.0.100.202210260954/tools/bin/../lib/gcc/arm-none-eabi/10.3.1/../../../../arm-none-eabi/lib/thumb/v6-m/nofp\libc_nano.a(lib_a-memcpy-stub.o)
 .debug_frame   0x0000000000002014       0x20 e:/apps/stm32cubeide_1.11.0/stm32cubeide/plugins/com.st.stm32cube.ide.mcu.externaltools.gnu-tools-for-stm32.10.3-2021.10.win32_1.0.100.202210260954/tools/bin/../lib/gcc/arm-none-eabi/10.3.1/../../../../arm-none-eabi/lib/thumb/v6-m/nofp\libc_nano.a(lib_a-memset.o)
 .debug_frame   0x0000000000002034       0x2c e:/apps/stm32cubeide_1.11.0/stm32cubeide/plugins/com.st.stm32cube.ide.mcu.externaltools.gnu-tools-for-stm32.10.3-2021.10.win32_1.0.100.202210260954/tools/bin/../lib/gcc/arm-none-eabi/10.3.1/../../../../arm-none-eabi/lib/thumb/v6-m/nofp\libc_nano.a(lib_a-nano-callocr.o)